<html>
<body>
<pre>
<h1>µVision Build Log</h1>
<h2>Tool Versions:</h2>
IDE-Version: ¦ÌVision V5.21.1.0
Copyright (C) 2016 ARM Ltd and ARM Germany GmbH. All rights reserved.
License Information: zhen haiyang, sggd, LIC=IK1BF-6QQA0-GKMBG-VK2HW-YRS7N-0KXAH
 
Tool Versions:
Toolchain:       MDK-ARM Plus  Version: 5.21a
Toolchain Path:  D:\Keil_v5\ARM\ARMCC\Bin
C Compiler:      Armcc.exe V5.06 update 3 (build 300)
Assembler:       Armasm.exe V5.06 update 3 (build 300)
Linker/Locator:  ArmLink.exe V5.06 update 3 (build 300)
Library Manager: ArmAr.exe V5.06 update 3 (build 300)
Hex Converter:   FromElf.exe V5.06 update 3 (build 300)
CPU DLL:         SARMCM3.DLL V5.21a
Dialog DLL:      DCM.DLL V1.13.8.0
Target DLL:      STLink\ST-LINKIII-KEIL_SWO.dll V2.0.18.0
Dialog DLL:      TCM.DLL V1.14.14.0
 
<h2>Project:</h2>
d:\0000\work\keil\2021\Demo4_TIMER\Timer.uvprojx
Project File Date:  02/04/2021

<h2>Output:</h2>
*** Using Compiler 'V5.06 update 3 (build 300)', folder: 'D:\Keil_v5\ARM\ARMCC\Bin'
Build target 'Timer'
compiling queue.c...
compiling main.c...
compiling sys.c...
compiling led.c...
Hardware\src\led.c(35): warning:  #1-D: last line of file ends without a newline
  }
Hardware\src\led.c: 1 warning, 0 errors
compiling delay.c...
compiling timer.c...
compiling stm32f4xx_hal.c...
compiling usart.c...
compiling stm32f4xx_hal_dac_ex.c...
compiling stm32f4xx_hal_crc.c...
compiling stm32f4xx_hal_adc_ex.c...
compiling stm32f4xx_hal_cortex.c...
compiling stm32f4xx_hal_dac.c...
compiling stm32f4xx_hal_can.c...
compiling stm32f4xx_hal_adc.c...
compiling stm32f4xx_hal_dcmi_ex.c...
compiling stm32f4xx_hal_exti.c...
compiling stm32f4xx_hal_dma.c...
compiling stm32f4xx_hal_dcmi.c...
compiling stm32f4xx_hal_eth.c...
compiling stm32f4xx_hal_dma_ex.c...
compiling stm32f4xx_hal_dma2d.c...
compiling stm32f4xx_hal_i2c_ex.c...
compiling stm32f4xx_hal_flash_ex.c...
compiling stm32f4xx_hal_fmpsmbus.c...
compiling stm32f4xx_hal_hcd.c...
compiling stm32f4xx_hal_flash.c...
compiling stm32f4xx_hal_gpio.c...
compiling stm32f4xx_hal_i2c.c...
compiling stm32f4xx_hal_i2s.c...
compiling stm32f4xx_hal_iwdg.c...
compiling stm32f4xx_hal_ltdc.c...
compiling stm32f4xx_hal_ltdc_ex.c...
compiling stm32f4xx_hal_irda.c...
compiling stm32f4xx_hal_i2s_ex.c...
compiling stm32f4xx_hal_mmc.c...
compiling stm32f4xx_hal_msp.c...
compiling stm32f4xx_hal_pcd_ex.c...
compiling stm32f4xx_hal_pcd.c...
compiling stm32f4xx_hal_nor.c...
compiling stm32f4xx_hal_pwr.c...
compiling stm32f4xx_hal_nand.c...
compiling stm32f4xx_hal_pccard.c...
compiling stm32f4xx_hal_rtc.c...
compiling stm32f4xx_hal_pwr_ex.c...
compiling stm32f4xx_hal_sai.c...
compiling stm32f4xx_hal_rng.c...
compiling stm32f4xx_hal_rtc_ex.c...
compiling stm32f4xx_hal_rcc_ex.c...
compiling stm32f4xx_hal_rcc.c...
compiling stm32f4xx_hal_smbus.c...
compiling stm32f4xx_hal_sram.c...
compiling stm32f4xx_hal_sdram.c...
compiling stm32f4xx_hal_sai_ex.c...
compiling stm32f4xx_hal_spi.c...
compiling stm32f4xx_hal_smartcard.c...
compiling stm32f4xx_hal_sd.c...
compiling stm32f4xx_hal_wwdg.c...
compiling system_stm32f4xx.c...
compiling stm32f4xx_ll_adc.c...
compiling stm32f4xx_hal_usart.c...
compiling stm32f4xx_ll_dma.c...
compiling stm32f4xx_ll_crc.c...
compiling stm32f4xx_ll_dac.c...
compiling stm32f4xx_ll_exti.c...
compiling stm32f4xx_ll_dma2d.c...
compiling stm32f4xx_it.c...
compiling stm32f4xx_hal_tim_ex.c...
compiling stm32f4xx_ll_gpio.c...
compiling stm32f4xx_ll_fmpi2c.c...
compiling stm32f4xx_ll_i2c.c...
compiling stm32f4xx_hal_uart.c...
compiling stm32f4xx_ll_lptim.c...
compiling stm32f4xx_ll_pwr.c...
compiling stm32f4xx_ll_rcc.c...
compiling stm32f4xx_ll_rtc.c...
compiling stm32f4xx_ll_rng.c...
compiling stm32f4xx_ll_spi.c...
compiling stm32f4xx_ll_tim.c...
compiling stm32f4xx_ll_usart.c...
assembling startup_stm32f429xx.s...
compiling stm32f4xx_hal_tim.c...
compiling stm32f4xx_ll_fsmc.c...
compiling stm32f4xx_ll_sdmmc.c...
compiling stm32f4xx_ll_fmc.c...
compiling stm32f4xx_ll_usb.c...
compiling stm32f4xx_ll_utils.c...
linking...
Program Size: Code=5718 RO-data=486 RW-data=16 ZI-data=1968  
FromELF: creating hex file...
".\Objects\output.axf" - 0 Error(s), 1 Warning(s).

<h2>Collection of Component include folders:</h2>
  d:\0000\work\keil\2021\Demo4_TIMER\RTE
  D:\Keil_v5\ARM\PACK\Keil\STM32F4xx_DFP\2.9.0\Drivers\CMSIS\Device\ST\STM32F4xx\Include

<h2>Collection of Component Files used:</h2>
Build Time Elapsed:  00:03:03
</pre>
</body>
</html>
