Component: ARM Compiler 5.06 update 3 (build 300) Tool: armlink [4d35c9]

==============================================================================

Section Cross References

    main.o(i.main) refers to stm32f4xx_hal.o(i.HAL_Init) for HAL_Init
    main.o(i.main) refers to sys.o(i.Stm32_Clock_Init) for Stm32_Clock_Init
    main.o(i.main) refers to delay.o(i.delay_init) for delay_init
    main.o(i.main) refers to led.o(i.LED_init) for LED_init
    main.o(i.main) refers to key.o(i.KEY_init) for KEY_init
    main.o(i.main) refers to key.o(i.scanKey) for scanKey
    stm32f4xx_it.o(i.SysTick_Handler) refers to stm32f4xx_hal.o(i.HAL_IncTick) for HAL_IncTick
    system_stm32f4xx.o(i.SystemCoreClockUpdate) refers to system_stm32f4xx.o(.data) for SystemCoreClock
    delay.o(i.delay_init) refers to stm32f4xx_hal_cortex.o(i.HAL_SYSTICK_CLKSourceConfig) for HAL_SYSTICK_CLKSourceConfig
    delay.o(i.delay_init) refers to delay.o(.data) for fac_us
    delay.o(i.delay_ms) refers to delay.o(i.delay_us) for delay_us
    delay.o(i.delay_us) refers to delay.o(.data) for fac_us
    sys.o(i.Stm32_Clock_Init) refers to stm32f4xx_hal_rcc.o(i.HAL_RCC_OscConfig) for HAL_RCC_OscConfig
    sys.o(i.Stm32_Clock_Init) refers to stm32f4xx_hal_pwr_ex.o(i.HAL_PWREx_EnableOverDrive) for HAL_PWREx_EnableOverDrive
    sys.o(i.Stm32_Clock_Init) refers to stm32f4xx_hal_rcc.o(i.HAL_RCC_ClockConfig) for HAL_RCC_ClockConfig
    usart.o(.rev16_text) refers (Special) to use_no_semi_2.o(.text) for __use_no_semihosting
    usart.o(.revsh_text) refers (Special) to use_no_semi_2.o(.text) for __use_no_semihosting
    usart.o(.rrx_text) refers (Special) to use_no_semi_2.o(.text) for __use_no_semihosting
    usart.o(i.HAL_UART_MspInit) refers (Special) to use_no_semi_2.o(.text) for __use_no_semihosting
    usart.o(i.HAL_UART_MspInit) refers to stm32f4xx_hal_gpio.o(i.HAL_GPIO_Init) for HAL_GPIO_Init
    usart.o(i.HAL_UART_MspInit) refers to stm32f4xx_hal_cortex.o(i.HAL_NVIC_EnableIRQ) for HAL_NVIC_EnableIRQ
    usart.o(i.HAL_UART_MspInit) refers to stm32f4xx_hal_cortex.o(i.HAL_NVIC_SetPriority) for HAL_NVIC_SetPriority
    usart.o(i.HAL_UART_RxCpltCallback) refers (Special) to use_no_semi_2.o(.text) for __use_no_semihosting
    usart.o(i.HAL_UART_RxCpltCallback) refers to usart.o(.data) for USART_RX_STA
    usart.o(i.HAL_UART_RxCpltCallback) refers to usart.o(.bss) for USART_RX_BUF
    usart.o(i.USART1_IRQHandler) refers (Special) to use_no_semi_2.o(.text) for __use_no_semihosting
    usart.o(i.USART1_IRQHandler) refers to stm32f4xx_hal_uart.o(i.HAL_UART_IRQHandler) for HAL_UART_IRQHandler
    usart.o(i.USART1_IRQHandler) refers to stm32f4xx_hal_uart.o(i.HAL_UART_GetState) for HAL_UART_GetState
    usart.o(i.USART1_IRQHandler) refers to stm32f4xx_hal_uart.o(i.HAL_UART_Receive_IT) for HAL_UART_Receive_IT
    usart.o(i.USART1_IRQHandler) refers to usart.o(.bss) for UART1_Handler
    usart.o(i.USART1_IRQHandler) refers to usart.o(.data) for aRxBuffer
    usart.o(i._sys_exit) refers (Special) to use_no_semi_2.o(.text) for __use_no_semihosting
    usart.o(i.fputc) refers (Special) to use_no_semi_2.o(.text) for __use_no_semihosting
    usart.o(i.uart_init) refers (Special) to use_no_semi_2.o(.text) for __use_no_semihosting
    usart.o(i.uart_init) refers to stm32f4xx_hal_uart.o(i.HAL_UART_Init) for HAL_UART_Init
    usart.o(i.uart_init) refers to stm32f4xx_hal_uart.o(i.HAL_UART_Receive_IT) for HAL_UART_Receive_IT
    usart.o(i.uart_init) refers to usart.o(.bss) for UART1_Handler
    usart.o(i.uart_init) refers to usart.o(.data) for aRxBuffer
    usart.o(.bss) refers (Special) to use_no_semi_2.o(.text) for __use_no_semihosting
    usart.o(.data) refers (Special) to use_no_semi_2.o(.text) for __use_no_semihosting
    startup_stm32f429xx.o(STACK) refers (Special) to heapauxi.o(.text) for __use_two_region_memory
    startup_stm32f429xx.o(HEAP) refers (Special) to heapauxi.o(.text) for __use_two_region_memory
    startup_stm32f429xx.o(RESET) refers (Special) to heapauxi.o(.text) for __use_two_region_memory
    startup_stm32f429xx.o(RESET) refers to startup_stm32f429xx.o(STACK) for __initial_sp
    startup_stm32f429xx.o(RESET) refers to startup_stm32f429xx.o(.text) for Reset_Handler
    startup_stm32f429xx.o(RESET) refers to stm32f4xx_it.o(i.NMI_Handler) for NMI_Handler
    startup_stm32f429xx.o(RESET) refers to stm32f4xx_it.o(i.HardFault_Handler) for HardFault_Handler
    startup_stm32f429xx.o(RESET) refers to stm32f4xx_it.o(i.MemManage_Handler) for MemManage_Handler
    startup_stm32f429xx.o(RESET) refers to stm32f4xx_it.o(i.BusFault_Handler) for BusFault_Handler
    startup_stm32f429xx.o(RESET) refers to stm32f4xx_it.o(i.UsageFault_Handler) for UsageFault_Handler
    startup_stm32f429xx.o(RESET) refers to stm32f4xx_it.o(i.SVC_Handler) for SVC_Handler
    startup_stm32f429xx.o(RESET) refers to stm32f4xx_it.o(i.DebugMon_Handler) for DebugMon_Handler
    startup_stm32f429xx.o(RESET) refers to stm32f4xx_it.o(i.PendSV_Handler) for PendSV_Handler
[...]
    Removing stm32f4xx_hal_tim.o(i.TIM_DMAPeriodElapsedCplt), (20 bytes).
    Removing stm32f4xx_hal_tim.o(i.TIM_DMATriggerCplt), (20 bytes).
    Removing stm32f4xx_hal_tim.o(i.TIM_ETR_SetConfig), (24 bytes).
    Removing stm32f4xx_hal_tim.o(i.TIM_ITRx_SetConfig), (20 bytes).
    Removing stm32f4xx_hal_tim.o(i.TIM_OC1_SetConfig), (112 bytes).
    Removing stm32f4xx_hal_tim.o(i.TIM_OC2_SetConfig), (120 bytes).
    Removing stm32f4xx_hal_tim.o(i.TIM_OC3_SetConfig), (120 bytes).
    Removing stm32f4xx_hal_tim.o(i.TIM_OC4_SetConfig), (96 bytes).
    Removing stm32f4xx_hal_tim.o(i.TIM_SlaveTimer_SetConfig), (164 bytes).
    Removing stm32f4xx_hal_tim.o(i.TIM_TI1_ConfigInputStage), (42 bytes).
    Removing stm32f4xx_hal_tim.o(i.TIM_TI1_SetConfig), (152 bytes).
    Removing stm32f4xx_hal_tim.o(i.TIM_TI2_ConfigInputStage), (44 bytes).
    Removing stm32f4xx_hal_tim.o(i.TIM_TI2_SetConfig), (62 bytes).
    Removing stm32f4xx_hal_tim.o(i.TIM_TI3_SetConfig), (60 bytes).
    Removing stm32f4xx_hal_tim.o(i.TIM_TI4_SetConfig), (64 bytes).
    Removing stm32f4xx_hal_tim_ex.o(.rev16_text), (4 bytes).
    Removing stm32f4xx_hal_tim_ex.o(.revsh_text), (4 bytes).
    Removing stm32f4xx_hal_tim_ex.o(.rrx_text), (6 bytes).
    Removing stm32f4xx_hal_tim_ex.o(i.HAL_TIMEx_BreakCallback), (2 bytes).
    Removing stm32f4xx_hal_tim_ex.o(i.HAL_TIMEx_CommutationCallback), (2 bytes).
    Removing stm32f4xx_hal_tim_ex.o(i.HAL_TIMEx_ConfigBreakDeadTime), (80 bytes).
    Removing stm32f4xx_hal_tim_ex.o(i.HAL_TIMEx_ConfigCommutationEvent), (110 bytes).
    Removing stm32f4xx_hal_tim_ex.o(i.HAL_TIMEx_ConfigCommutationEvent_DMA), (144 bytes).
    Removing stm32f4xx_hal_tim_ex.o(i.HAL_TIMEx_ConfigCommutationEvent_IT), (122 bytes).
    Removing stm32f4xx_hal_tim_ex.o(i.HAL_TIMEx_HallSensor_DeInit), (70 bytes).
    Removing stm32f4xx_hal_tim_ex.o(i.HAL_TIMEx_HallSensor_GetState), (8 bytes).
    Removing stm32f4xx_hal_tim_ex.o(i.HAL_TIMEx_HallSensor_Init), (196 bytes).
    Removing stm32f4xx_hal_tim_ex.o(i.HAL_TIMEx_HallSensor_MspDeInit), (2 bytes).
    Removing stm32f4xx_hal_tim_ex.o(i.HAL_TIMEx_HallSensor_MspInit), (2 bytes).
    Removing stm32f4xx_hal_tim_ex.o(i.HAL_TIMEx_HallSensor_Start), (30 bytes).
    Removing stm32f4xx_hal_tim_ex.o(i.HAL_TIMEx_HallSensor_Start_DMA), (112 bytes).
    Removing stm32f4xx_hal_tim_ex.o(i.HAL_TIMEx_HallSensor_Start_IT), (42 bytes).
    Removing stm32f4xx_hal_tim_ex.o(i.HAL_TIMEx_HallSensor_Stop), (56 bytes).
    Removing stm32f4xx_hal_tim_ex.o(i.HAL_TIMEx_HallSensor_Stop_DMA), (68 bytes).
    Removing stm32f4xx_hal_tim_ex.o(i.HAL_TIMEx_HallSensor_Stop_IT), (68 bytes).
    Removing stm32f4xx_hal_tim_ex.o(i.HAL_TIMEx_MasterConfigSynchronization), (98 bytes).
    Removing stm32f4xx_hal_tim_ex.o(i.HAL_TIMEx_OCN_Start), (44 bytes).
    Removing stm32f4xx_hal_tim_ex.o(i.HAL_TIMEx_OCN_Start_DMA), (280 bytes).
    Removing stm32f4xx_hal_tim_ex.o(i.HAL_TIMEx_OCN_Start_IT), (132 bytes).
    Removing stm32f4xx_hal_tim_ex.o(i.HAL_TIMEx_OCN_Stop), (96 bytes).
    Removing stm32f4xx_hal_tim_ex.o(i.HAL_TIMEx_OCN_Stop_DMA), (178 bytes).
    Removing stm32f4xx_hal_tim_ex.o(i.HAL_TIMEx_OCN_Stop_IT), (196 bytes).
    Removing stm32f4xx_hal_tim_ex.o(i.HAL_TIMEx_OnePulseN_Start), (32 bytes).
    Removing stm32f4xx_hal_tim_ex.o(i.HAL_TIMEx_OnePulseN_Start_IT), (56 bytes).
    Removing stm32f4xx_hal_tim_ex.o(i.HAL_TIMEx_OnePulseN_Stop), (96 bytes).
    Removing stm32f4xx_hal_tim_ex.o(i.HAL_TIMEx_OnePulseN_Stop_IT), (120 bytes).
    Removing stm32f4xx_hal_tim_ex.o(i.HAL_TIMEx_PWMN_Start), (44 bytes).
    Removing stm32f4xx_hal_tim_ex.o(i.HAL_TIMEx_PWMN_Start_DMA), (280 bytes).
    Removing stm32f4xx_hal_tim_ex.o(i.HAL_TIMEx_PWMN_Start_IT), (132 bytes).
    Removing stm32f4xx_hal_tim_ex.o(i.HAL_TIMEx_PWMN_Stop), (96 bytes).
    Removing stm32f4xx_hal_tim_ex.o(i.HAL_TIMEx_PWMN_Stop_DMA), (178 bytes).
    Removing stm32f4xx_hal_tim_ex.o(i.HAL_TIMEx_PWMN_Stop_IT), (196 bytes).
    Removing stm32f4xx_hal_tim_ex.o(i.HAL_TIMEx_RemapConfig), (48 bytes).
    Removing stm32f4xx_hal_tim_ex.o(i.TIMEx_DMACommutationCplt), (20 bytes).
    Removing stm32f4xx_hal_tim_ex.o(i.TIM_CCxNChannelCmd), (28 bytes).
    Removing stm32f4xx_hal_uart.o(.rev16_text), (4 bytes).
    Removing stm32f4xx_hal_uart.o(.revsh_text), (4 bytes).
    Removing stm32f4xx_hal_uart.o(.rrx_text), (6 bytes).
    Removing stm32f4xx_hal_uart.o(i.HAL_HalfDuplex_EnableReceiver), (68 bytes).
    Removing stm32f4xx_hal_uart.o(i.HAL_HalfDuplex_EnableTransmitter), (68 bytes).
    Removing stm32f4xx_hal_uart.o(i.HAL_HalfDuplex_Init), (118 bytes).
    Removing stm32f4xx_hal_uart.o(i.HAL_LIN_Init), (142 bytes).
    Removing stm32f4xx_hal_uart.o(i.HAL_LIN_SendBreak), (62 bytes).
    Removing stm32f4xx_hal_uart.o(i.HAL_MultiProcessor_EnterMuteMode), (62 bytes).
    Removing stm32f4xx_hal_uart.o(i.HAL_MultiProcessor_ExitMuteMode), (62 bytes).
    Removing stm32f4xx_hal_uart.o(i.HAL_MultiProcessor_Init), (154 bytes).
    Removing stm32f4xx_hal_uart.o(i.HAL_UART_DMAPause), (78 bytes).
    Removing stm32f4xx_hal_uart.o(i.HAL_UART_DMAResume), (102 bytes).
    Removing stm32f4xx_hal_uart.o(i.HAL_UART_DMAStop), (62 bytes).
    Removing stm32f4xx_hal_uart.o(i.HAL_UART_DeInit), (46 bytes).
    Removing stm32f4xx_hal_uart.o(i.HAL_UART_GetError), (6 bytes).
    Removing stm32f4xx_hal_uart.o(i.HAL_UART_Init), (114 bytes).
    Removing stm32f4xx_hal_uart.o(i.HAL_UART_MspDeInit), (2 bytes).
    Removing stm32f4xx_hal_uart.o(i.HAL_UART_MspInit), (2 bytes).
    Removing stm32f4xx_hal_uart.o(i.HAL_UART_Receive), (204 bytes).
    Removing stm32f4xx_hal_uart.o(i.HAL_UART_Receive_DMA), (136 bytes).
    Removing stm32f4xx_hal_uart.o(i.HAL_UART_RxCpltCallback), (2 bytes).
    Removing stm32f4xx_hal_uart.o(i.HAL_UART_RxHalfCpltCallback), (2 bytes).
    Removing stm32f4xx_hal_uart.o(i.HAL_UART_Transmit), (196 bytes).
    Removing stm32f4xx_hal_uart.o(i.HAL_UART_Transmit_DMA), (148 bytes).
    Removing stm32f4xx_hal_uart.o(i.HAL_UART_Transmit_IT), (88 bytes).
    Removing stm32f4xx_hal_uart.o(i.HAL_UART_TxHalfCpltCallback), (2 bytes).
    Removing stm32f4xx_hal_uart.o(i.UART_DMAError), (38 bytes).
    Removing stm32f4xx_hal_uart.o(i.UART_DMAReceiveCplt), (46 bytes).
    Removing stm32f4xx_hal_uart.o(i.UART_DMARxHalfCplt), (14 bytes).
    Removing stm32f4xx_hal_uart.o(i.UART_DMATransmitCplt), (54 bytes).
    Removing stm32f4xx_hal_uart.o(i.UART_DMATxHalfCplt), (14 bytes).
    Removing stm32f4xx_hal_uart.o(i.UART_SetConfig), (872 bytes).
    Removing stm32f4xx_hal_uart.o(i.UART_WaitOnFlagUntilTimeout), (260 bytes).
    Removing stm32f4xx_hal_usart.o(.rev16_text), (4 bytes).
    Removing stm32f4xx_hal_usart.o(.revsh_text), (4 bytes).
    Removing stm32f4xx_hal_usart.o(.rrx_text), (6 bytes).
    Removing stm32f4xx_hal_usart.o(i.HAL_USART_DMAPause), (50 bytes).
    Removing stm32f4xx_hal_usart.o(i.HAL_USART_DMAResume), (50 bytes).
    Removing stm32f4xx_hal_usart.o(i.HAL_USART_DMAStop), (58 bytes).
    Removing stm32f4xx_hal_usart.o(i.HAL_USART_DeInit), (54 bytes).
    Removing stm32f4xx_hal_usart.o(i.HAL_USART_ErrorCallback), (2 bytes).
    Removing stm32f4xx_hal_usart.o(i.HAL_USART_GetError), (6 bytes).
    Removing stm32f4xx_hal_usart.o(i.HAL_USART_GetState), (8 bytes).
    Removing stm32f4xx_hal_usart.o(i.HAL_USART_IRQHandler), (336 bytes).
    Removing stm32f4xx_hal_usart.o(i.HAL_USART_Init), (90 bytes).
    Removing stm32f4xx_hal_usart.o(i.HAL_USART_MspDeInit), (2 bytes).
    Removing stm32f4xx_hal_usart.o(i.HAL_USART_MspInit), (2 bytes).
    Removing stm32f4xx_hal_usart.o(i.HAL_USART_Receive), (256 bytes).
    Removing stm32f4xx_hal_usart.o(i.HAL_USART_Receive_DMA), (196 bytes).
    Removing stm32f4xx_hal_usart.o(i.HAL_USART_Receive_IT), (120 bytes).
    Removing stm32f4xx_hal_usart.o(i.HAL_USART_RxCpltCallback), (2 bytes).
    Removing stm32f4xx_hal_usart.o(i.HAL_USART_RxHalfCpltCallback), (2 bytes).
    Removing stm32f4xx_hal_usart.o(i.HAL_USART_Transmit), (196 bytes).
    Removing stm32f4xx_hal_usart.o(i.HAL_USART_TransmitReceive), (294 bytes).
    Removing stm32f4xx_hal_usart.o(i.HAL_USART_TransmitReceive_DMA), (232 bytes).
    Removing stm32f4xx_hal_usart.o(i.HAL_USART_TransmitReceive_IT), (132 bytes).
    Removing stm32f4xx_hal_usart.o(i.HAL_USART_Transmit_DMA), (148 bytes).
    Removing stm32f4xx_hal_usart.o(i.HAL_USART_Transmit_IT), (88 bytes).
    Removing stm32f4xx_hal_usart.o(i.HAL_USART_TxCpltCallback), (2 bytes).
    Removing stm32f4xx_hal_usart.o(i.HAL_USART_TxHalfCpltCallback), (2 bytes).
    Removing stm32f4xx_hal_usart.o(i.HAL_USART_TxRxCpltCallback), (2 bytes).
    Removing stm32f4xx_hal_usart.o(i.USART_DMAError), (34 bytes).
    Removing stm32f4xx_hal_usart.o(i.USART_DMAReceiveCplt), (116 bytes).
    Removing stm32f4xx_hal_usart.o(i.USART_DMARxHalfCplt), (14 bytes).
    Removing stm32f4xx_hal_usart.o(i.USART_DMATransmitCplt), (70 bytes).
    Removing stm32f4xx_hal_usart.o(i.USART_DMATxHalfCplt), (14 bytes).
    Removing stm32f4xx_hal_usart.o(i.USART_EndTransmit_IT), (44 bytes).
    Removing stm32f4xx_hal_usart.o(i.USART_Receive_IT), (194 bytes).
    Removing stm32f4xx_hal_usart.o(i.USART_SetConfig), (332 bytes).
    Removing stm32f4xx_hal_usart.o(i.USART_TransmitReceive_IT), (270 bytes).
    Removing stm32f4xx_hal_usart.o(i.USART_Transmit_IT), (104 bytes).
    Removing stm32f4xx_hal_usart.o(i.USART_WaitOnFlagUntilTimeout), (250 bytes).
    Removing stm32f4xx_hal_wwdg.o(.rev16_text), (4 bytes).
    Removing stm32f4xx_hal_wwdg.o(.revsh_text), (4 bytes).
    Removing stm32f4xx_hal_wwdg.o(.rrx_text), (6 bytes).
    Removing stm32f4xx_hal_wwdg.o(i.HAL_WWDG_DeInit), (48 bytes).
    Removing stm32f4xx_hal_wwdg.o(i.HAL_WWDG_GetState), (6 bytes).
    Removing stm32f4xx_hal_wwdg.o(i.HAL_WWDG_IRQHandler), (50 bytes).
    Removing stm32f4xx_hal_wwdg.o(i.HAL_WWDG_Init), (72 bytes).
    Removing stm32f4xx_hal_wwdg.o(i.HAL_WWDG_MspDeInit), (2 bytes).
    Removing stm32f4xx_hal_wwdg.o(i.HAL_WWDG_MspInit), (2 bytes).
    Removing stm32f4xx_hal_wwdg.o(i.HAL_WWDG_Refresh), (54 bytes).
    Removing stm32f4xx_hal_wwdg.o(i.HAL_WWDG_Start), (52 bytes).
    Removing stm32f4xx_hal_wwdg.o(i.HAL_WWDG_Start_IT), (52 bytes).
    Removing stm32f4xx_hal_wwdg.o(i.HAL_WWDG_WakeupCallback), (2 bytes).
    Removing stm32f4xx_ll_fmc.o(.rev16_text), (4 bytes).
    Removing stm32f4xx_ll_fmc.o(.revsh_text), (4 bytes).
    Removing stm32f4xx_ll_fmc.o(.rrx_text), (6 bytes).
    Removing stm32f4xx_ll_fmc.o(i.FMC_NAND_AttributeSpace_Timing_Init), (54 bytes).
    Removing stm32f4xx_ll_fmc.o(i.FMC_NAND_CommonSpace_Timing_Init), (54 bytes).
    Removing stm32f4xx_ll_fmc.o(i.FMC_NAND_DeInit), (66 bytes).
    Removing stm32f4xx_ll_fmc.o(i.FMC_NAND_ECC_Disable), (28 bytes).
    Removing stm32f4xx_ll_fmc.o(i.FMC_NAND_ECC_Enable), (28 bytes).
    Removing stm32f4xx_ll_fmc.o(i.FMC_NAND_GetECC), (88 bytes).
    Removing stm32f4xx_ll_fmc.o(i.FMC_NAND_Init), (76 bytes).
    Removing stm32f4xx_ll_fmc.o(i.FMC_NORSRAM_DeInit), (56 bytes).
    Removing stm32f4xx_ll_fmc.o(i.FMC_NORSRAM_Extended_Timing_Init), (72 bytes).
    Removing stm32f4xx_ll_fmc.o(i.FMC_NORSRAM_Init), (116 bytes).
    Removing stm32f4xx_ll_fmc.o(i.FMC_NORSRAM_Timing_Init), (94 bytes).
    Removing stm32f4xx_ll_fmc.o(i.FMC_NORSRAM_WriteOperation_Disable), (18 bytes).
    Removing stm32f4xx_ll_fmc.o(i.FMC_NORSRAM_WriteOperation_Enable), (18 bytes).
    Removing stm32f4xx_ll_fmc.o(i.FMC_PCCARD_AttributeSpace_Timing_Init), (38 bytes).
    Removing stm32f4xx_ll_fmc.o(i.FMC_PCCARD_CommonSpace_Timing_Init), (38 bytes).
    Removing stm32f4xx_ll_fmc.o(i.FMC_PCCARD_DeInit), (32 bytes).
    Removing stm32f4xx_ll_fmc.o(i.FMC_PCCARD_IOSpace_Timing_Init), (38 bytes).
    Removing stm32f4xx_ll_fmc.o(i.FMC_PCCARD_Init), (44 bytes).
    Removing stm32f4xx_ll_fmc.o(i.FMC_SDRAM_DeInit), (32 bytes).
    Removing stm32f4xx_ll_fmc.o(i.FMC_SDRAM_GetModeStatus), (24 bytes).
    Removing stm32f4xx_ll_fmc.o(i.FMC_SDRAM_Init), (116 bytes).
    Removing stm32f4xx_ll_fmc.o(i.FMC_SDRAM_ProgramRefreshRate), (14 bytes).
    Removing stm32f4xx_ll_fmc.o(i.FMC_SDRAM_SendCommand), (82 bytes).
    Removing stm32f4xx_ll_fmc.o(i.FMC_SDRAM_SetAutoRefreshNumber), (14 bytes).
    Removing stm32f4xx_ll_fmc.o(i.FMC_SDRAM_Timing_Init), (152 bytes).
    Removing stm32f4xx_ll_fmc.o(i.FMC_SDRAM_WriteProtection_Disable), (18 bytes).
    Removing stm32f4xx_ll_fmc.o(i.FMC_SDRAM_WriteProtection_Enable), (18 bytes).
    Removing stm32f4xx_ll_fsmc.o(.rev16_text), (4 bytes).
    Removing stm32f4xx_ll_fsmc.o(.revsh_text), (4 bytes).
    Removing stm32f4xx_ll_fsmc.o(.rrx_text), (6 bytes).
    Removing stm32f4xx_ll_sdmmc.o(.rev16_text), (4 bytes).
    Removing stm32f4xx_ll_sdmmc.o(.revsh_text), (4 bytes).
    Removing stm32f4xx_ll_sdmmc.o(.rrx_text), (6 bytes).
    Removing stm32f4xx_ll_sdmmc.o(i.SDIO_DataConfig), (44 bytes).
    Removing stm32f4xx_ll_sdmmc.o(i.SDIO_GetCommandResponse), (8 bytes).
    Removing stm32f4xx_ll_sdmmc.o(i.SDIO_GetDataCounter), (6 bytes).
    Removing stm32f4xx_ll_sdmmc.o(i.SDIO_GetFIFOCount), (8 bytes).
    Removing stm32f4xx_ll_sdmmc.o(i.SDIO_GetPowerState), (10 bytes).
    Removing stm32f4xx_ll_sdmmc.o(i.SDIO_GetResponse), (24 bytes).
    Removing stm32f4xx_ll_sdmmc.o(i.SDIO_Init), (52 bytes).
    Removing stm32f4xx_ll_sdmmc.o(i.SDIO_PowerState_OFF), (8 bytes).
    Removing stm32f4xx_ll_sdmmc.o(i.SDIO_PowerState_ON), (10 bytes).
    Removing stm32f4xx_ll_sdmmc.o(i.SDIO_ReadFIFO), (8 bytes).
    Removing stm32f4xx_ll_sdmmc.o(i.SDIO_SendCommand), (40 bytes).
    Removing stm32f4xx_ll_sdmmc.o(i.SDIO_SetSDIOReadWaitMode), (16 bytes).
    Removing stm32f4xx_ll_sdmmc.o(i.SDIO_WriteFIFO), (12 bytes).
    Removing stm32f4xx_ll_usb.o(.rev16_text), (4 bytes).
    Removing stm32f4xx_ll_usb.o(.revsh_text), (4 bytes).
    Removing stm32f4xx_ll_usb.o(.rrx_text), (6 bytes).
    Removing stm32f4xx_ll_usb.o(i.USB_ActivateDedicatedEndpoint), (284 bytes).
    Removing stm32f4xx_ll_usb.o(i.USB_ActivateEndpoint), (196 bytes).
    Removing stm32f4xx_ll_usb.o(i.USB_ActivateSetup), (68 bytes).
    Removing stm32f4xx_ll_usb.o(i.USB_ClearInterrupts), (8 bytes).
    Removing stm32f4xx_ll_usb.o(i.USB_CoreInit), (112 bytes).
    Removing stm32f4xx_ll_usb.o(i.USB_CoreReset), (76 bytes).
    Removing stm32f4xx_ll_usb.o(i.USB_DeactivateDedicatedEndpoint), (116 bytes).
    Removing stm32f4xx_ll_usb.o(i.USB_DeactivateEndpoint), (168 bytes).
    Removing stm32f4xx_ll_usb.o(i.USB_DevConnect), (30 bytes).
    Removing stm32f4xx_ll_usb.o(i.USB_DevDisconnect), (30 bytes).
    Removing stm32f4xx_ll_usb.o(i.USB_DevInit), (412 bytes).
    Removing stm32f4xx_ll_usb.o(i.USB_DisableGlobalInt), (14 bytes).
    Removing stm32f4xx_ll_usb.o(i.USB_DoPing), (64 bytes).
    Removing stm32f4xx_ll_usb.o(i.USB_DriveVbus), (68 bytes).
    Removing stm32f4xx_ll_usb.o(i.USB_EP0StartXfer), (432 bytes).
    Removing stm32f4xx_ll_usb.o(i.USB_EP0_OutStart), (68 bytes).
    Removing stm32f4xx_ll_usb.o(i.USB_EPClearStall), (136 bytes).
    Removing stm32f4xx_ll_usb.o(i.USB_EPSetStall), (140 bytes).
    Removing stm32f4xx_ll_usb.o(i.USB_EPStartXfer), (720 bytes).
    Removing stm32f4xx_ll_usb.o(i.USB_EnableGlobalInt), (14 bytes).
    Removing stm32f4xx_ll_usb.o(i.USB_FlushRxFifo), (44 bytes).
    Removing stm32f4xx_ll_usb.o(i.USB_FlushTxFifo), (48 bytes).
    Removing stm32f4xx_ll_usb.o(i.USB_GetCurrentFrame), (12 bytes).
    Removing stm32f4xx_ll_usb.o(i.USB_GetDevSpeed), (68 bytes).
    Removing stm32f4xx_ll_usb.o(i.USB_GetHostSpeed), (18 bytes).
    Removing stm32f4xx_ll_usb.o(i.USB_GetMode), (10 bytes).
    Removing stm32f4xx_ll_usb.o(i.USB_HC_Halt), (376 bytes).
    Removing stm32f4xx_ll_usb.o(i.USB_HC_Init), (392 bytes).
    Removing stm32f4xx_ll_usb.o(i.USB_HC_ReadInterrupt), (12 bytes).
    Removing stm32f4xx_ll_usb.o(i.USB_HC_StartXfer), (392 bytes).
    Removing stm32f4xx_ll_usb.o(i.USB_HostInit), (236 bytes).
    Removing stm32f4xx_ll_usb.o(i.USB_InitFSLSPClkSel), (62 bytes).
    Removing stm32f4xx_ll_usb.o(i.USB_ReadDevAllInEpInterrupt), (18 bytes).
    Removing stm32f4xx_ll_usb.o(i.USB_ReadDevAllOutEpInterrupt), (18 bytes).
    Removing stm32f4xx_ll_usb.o(i.USB_ReadDevInEPInterrupt), (44 bytes).
    Removing stm32f4xx_ll_usb.o(i.USB_ReadDevOutEPInterrupt), (22 bytes).
    Removing stm32f4xx_ll_usb.o(i.USB_ReadInterrupts), (12 bytes).
    Removing stm32f4xx_ll_usb.o(i.USB_ReadPacket), (34 bytes).
    Removing stm32f4xx_ll_usb.o(i.USB_ResetPort), (48 bytes).
    Removing stm32f4xx_ll_usb.o(i.USB_SetCurrentMode), (48 bytes).
    Removing stm32f4xx_ll_usb.o(i.USB_SetDevAddress), (36 bytes).
    Removing stm32f4xx_ll_usb.o(i.USB_SetDevSpeed), (16 bytes).
    Removing stm32f4xx_ll_usb.o(i.USB_StopDevice), (82 bytes).
    Removing stm32f4xx_ll_usb.o(i.USB_StopHost), (174 bytes).
    Removing stm32f4xx_ll_usb.o(i.USB_WritePacket), (48 bytes).
    Removing stm32f4xx_ll_usb.o(.data), (4 bytes).
    Removing key.o(.rev16_text), (4 bytes).
    Removing key.o(.revsh_text), (4 bytes).
    Removing key.o(.rrx_text), (6 bytes).
    Removing led.o(.rev16_text), (4 bytes).
    Removing led.o(.revsh_text), (4 bytes).
    Removing led.o(.rrx_text), (6 bytes).

1392 unused section(s) (total 123138 bytes) removed from the image.

==============================================================================

Image Symbol Table

    Local Symbols

    Symbol Name                              Value     Ov Type        Size  Object(Section)

    ../clib/angel/boardlib.s                 0x00000000   Number         0  boardshut.o ABSOLUTE
    ../clib/angel/boardlib.s                 0x00000000   Number         0  boardinit1.o ABSOLUTE
    ../clib/angel/boardlib.s                 0x00000000   Number         0  boardinit3.o ABSOLUTE
    ../clib/angel/boardlib.s                 0x00000000   Number         0  boardinit2.o ABSOLUTE
    ../clib/angel/handlers.s                 0x00000000   Number         0  __scatter_copy.o ABSOLUTE
    ../clib/angel/handlers.s                 0x00000000   Number         0  __scatter_zi.o ABSOLUTE
    ../clib/angel/kernel.s                   0x00000000   Number         0  __rtentry4.o ABSOLUTE
    ../clib/angel/kernel.s                   0x00000000   Number         0  rtexit.o ABSOLUTE
    ../clib/angel/kernel.s                   0x00000000   Number         0  __rtentry.o ABSOLUTE
    ../clib/angel/kernel.s                   0x00000000   Number         0  __rtentry2.o ABSOLUTE
    ../clib/angel/kernel.s                   0x00000000   Number         0  rtexit2.o ABSOLUTE
    ../clib/angel/rt.s                       0x00000000   Number         0  rt_div0.o ABSOLUTE
    ../clib/angel/rt.s                       0x00000000   Number         0  aeabi_ldiv0.o ABSOLUTE
    ../clib/angel/rt.s                       0x00000000   Number         0  aeabi_ldiv0_sigfpe.o ABSOLUTE
    ../clib/angel/rt.s                       0x00000000   Number         0  rt_raise.o ABSOLUTE
    ../clib/angel/scatter.s                  0x00000000   Number         0  __scatter.o ABSOLUTE
    ../clib/angel/startup.s                  0x00000000   Number         0  __main.o ABSOLUTE
    ../clib/angel/sys.s                      0x00000000   Number         0  indicate_semi.o ABSOLUTE
    ../clib/angel/sys.s                      0x00000000   Number         0  sys_stackheap_outer.o ABSOLUTE
    ../clib/angel/sys.s                      0x00000000   Number         0  use_no_semi_2.o ABSOLUTE
    ../clib/angel/sys.s                      0x00000000   Number         0  libspace.o ABSOLUTE
    ../clib/angel/sys.s                      0x00000000   Number         0  use_no_semi.o ABSOLUTE
    ../clib/angel/sysapp.c                   0x00000000   Number         0  sys_wrch.o ABSOLUTE
    ../clib/angel/sysapp.c                   0x00000000   Number         0  sys_command.o ABSOLUTE
    ../clib/armsys.c                         0x00000000   Number         0  argv_veneer.o ABSOLUTE
    ../clib/armsys.c                         0x00000000   Number         0  no_argv.o ABSOLUTE
    ../clib/armsys.c                         0x00000000   Number         0  _get_argv_nomalloc.o ABSOLUTE
    ../clib/armsys.c                         0x00000000   Number         0  argv_veneer.o ABSOLUTE
    ../clib/heapalloc.c                      0x00000000   Number         0  hrguard.o ABSOLUTE
    ../clib/heapaux.c                        0x00000000   Number         0  heapauxi.o ABSOLUTE
    ../clib/libinit.s                        0x00000000   Number         0  libshutdown2.o ABSOLUTE
    ../clib/libinit.s                        0x00000000   Number         0  libshutdown.o ABSOLUTE
    ../clib/libinit.s                        0x00000000   Number         0  libinit2.o ABSOLUTE
    ../clib/libinit.s                        0x00000000   Number         0  libinit.o ABSOLUTE
    ../clib/longlong.s                       0x00000000   Number         0  lludivv7m.o ABSOLUTE
    ../clib/memcpset.s                       0x00000000   Number         0  rt_memcpy_w.o ABSOLUTE
    ../clib/memcpset.s                       0x00000000   Number         0  rt_memclr_w.o ABSOLUTE
    ../clib/signal.c                         0x00000000   Number         0  defsig_segv_inner.o ABSOLUTE
    ../clib/signal.c                         0x00000000   Number         0  defsig_other.o ABSOLUTE
    ../clib/signal.c                         0x00000000   Number         0  defsig_fpe_inner.o ABSOLUTE
    ../clib/signal.c                         0x00000000   Number         0  defsig_exit.o ABSOLUTE
    ../clib/signal.c                         0x00000000   Number         0  defsig_cppl_inner.o ABSOLUTE
    ../clib/signal.c                         0x00000000   Number         0  defsig_pvfn_inner.o ABSOLUTE
    ../clib/signal.c                         0x00000000   Number         0  defsig_stak_inner.o ABSOLUTE
    ../clib/signal.c                         0x00000000   Number         0  defsig_rtmem_formal.o ABSOLUTE
    ../clib/signal.c                         0x00000000   Number         0  defsig_rtmem_outer.o ABSOLUTE
    ../clib/signal.c                         0x00000000   Number         0  defsig_rtred_inner.o ABSOLUTE
    ../clib/signal.c                         0x00000000   Number         0  defsig_abrt_inner.o ABSOLUTE
    ../clib/signal.c                         0x00000000   Number         0  defsig_rtmem_inner.o ABSOLUTE
    ../clib/signal.c                         0x00000000   Number         0  defsig_fpe_formal.o ABSOLUTE
    ../clib/signal.c                         0x00000000   Number         0  defsig_fpe_outer.o ABSOLUTE
    ../clib/signal.c                         0x00000000   Number         0  __raise.o ABSOLUTE
    ../clib/signal.c                         0x00000000   Number         0  defsig_general.o ABSOLUTE
    ../clib/signal.s                         0x00000000   Number         0  defsig.o ABSOLUTE
    ../clib/stdlib.c                         0x00000000   Number         0  exit.o ABSOLUTE
    ../fplib/fpinit.s                        0x00000000   Number         0  fpinit.o ABSOLUTE
    Core\startup_stm32f429xx.s               0x00000000   Number         0  startup_stm32f429xx.o ABSOLUTE
    Hallib\Src\stm32f4xx_hal.c               0x00000000   Number         0  stm32f4xx_hal.o ABSOLUTE
    Hallib\Src\stm32f4xx_hal_adc.c           0x00000000   Number         0  stm32f4xx_hal_adc.o ABSOLUTE
    Hallib\Src\stm32f4xx_hal_adc_ex.c        0x00000000   Number         0  stm32f4xx_hal_adc_ex.o ABSOLUTE
    Hallib\Src\stm32f4xx_hal_can.c           0x00000000   Number         0  stm32f4xx_hal_can.o ABSOLUTE
    Hallib\Src\stm32f4xx_hal_cec.c           0x00000000   Number         0  stm32f4xx_hal_cec.o ABSOLUTE
    Hallib\Src\stm32f4xx_hal_cortex.c        0x00000000   Number         0  stm32f4xx_hal_cortex.o ABSOLUTE
    Hallib\Src\stm32f4xx_hal_crc.c           0x00000000   Number         0  stm32f4xx_hal_crc.o ABSOLUTE
    Hallib\Src\stm32f4xx_hal_cryp.c          0x00000000   Number         0  stm32f4xx_hal_cryp.o ABSOLUTE
    Hallib\Src\stm32f4xx_hal_cryp_ex.c       0x00000000   Number         0  stm32f4xx_hal_cryp_ex.o ABSOLUTE
    Hallib\Src\stm32f4xx_hal_dac.c           0x00000000   Number         0  stm32f4xx_hal_dac.o ABSOLUTE
    Hallib\Src\stm32f4xx_hal_dac_ex.c        0x00000000   Number         0  stm32f4xx_hal_dac_ex.o ABSOLUTE
    Hallib\Src\stm32f4xx_hal_dcmi.c          0x00000000   Number         0  stm32f4xx_hal_dcmi.o ABSOLUTE
    Hallib\Src\stm32f4xx_hal_dcmi_ex.c       0x00000000   Number         0  stm32f4xx_hal_dcmi_ex.o ABSOLUTE
    Hallib\Src\stm32f4xx_hal_dma.c           0x00000000   Number         0  stm32f4xx_hal_dma.o ABSOLUTE
    Hallib\Src\stm32f4xx_hal_dma2d.c         0x00000000   Number         0  stm32f4xx_hal_dma2d.o ABSOLUTE
    Hallib\Src\stm32f4xx_hal_dma_ex.c        0x00000000   Number         0  stm32f4xx_hal_dma_ex.o ABSOLUTE
    Hallib\Src\stm32f4xx_hal_eth.c           0x00000000   Number         0  stm32f4xx_hal_eth.o ABSOLUTE
    Hallib\Src\stm32f4xx_hal_flash.c         0x00000000   Number         0  stm32f4xx_hal_flash.o ABSOLUTE
    Hallib\Src\stm32f4xx_hal_flash_ex.c      0x00000000   Number         0  stm32f4xx_hal_flash_ex.o ABSOLUTE
    Hallib\Src\stm32f4xx_hal_flash_ramfunc.c 0x00000000   Number         0  stm32f4xx_hal_flash_ramfunc.o ABSOLUTE
    Hallib\Src\stm32f4xx_hal_fmpi2c.c        0x00000000   Number         0  stm32f4xx_hal_fmpi2c.o ABSOLUTE
    Hallib\Src\stm32f4xx_hal_fmpi2c_ex.c     0x00000000   Number         0  stm32f4xx_hal_fmpi2c_ex.o ABSOLUTE
    Hallib\Src\stm32f4xx_hal_gpio.c          0x00000000   Number         0  stm32f4xx_hal_gpio.o ABSOLUTE
    Hallib\Src\stm32f4xx_hal_hash.c          0x00000000   Number         0  stm32f4xx_hal_hash.o ABSOLUTE
    Hallib\Src\stm32f4xx_hal_hash_ex.c       0x00000000   Number         0  stm32f4xx_hal_hash_ex.o ABSOLUTE
    Hallib\Src\stm32f4xx_hal_hcd.c           0x00000000   Number         0  stm32f4xx_hal_hcd.o ABSOLUTE
    Hallib\Src\stm32f4xx_hal_i2c.c           0x00000000   Number         0  stm32f4xx_hal_i2c.o ABSOLUTE
    Hallib\Src\stm32f4xx_hal_i2c_ex.c        0x00000000   Number         0  stm32f4xx_hal_i2c_ex.o ABSOLUTE
    Hallib\Src\stm32f4xx_hal_i2s.c           0x00000000   Number         0  stm32f4xx_hal_i2s.o ABSOLUTE
    Hallib\Src\stm32f4xx_hal_i2s_ex.c        0x00000000   Number         0  stm32f4xx_hal_i2s_ex.o ABSOLUTE
    Hallib\Src\stm32f4xx_hal_irda.c          0x00000000   Number         0  stm32f4xx_hal_irda.o ABSOLUTE
    Hallib\Src\stm32f4xx_hal_iwdg.c          0x00000000   Number         0  stm32f4xx_hal_iwdg.o ABSOLUTE
    Hallib\Src\stm32f4xx_hal_ltdc.c          0x00000000   Number         0  stm32f4xx_hal_ltdc.o ABSOLUTE
    Hallib\Src\stm32f4xx_hal_ltdc_ex.c       0x00000000   Number         0  stm32f4xx_hal_ltdc_ex.o ABSOLUTE
    Hallib\Src\stm32f4xx_hal_nand.c          0x00000000   Number         0  stm32f4xx_hal_nand.o ABSOLUTE
    Hallib\Src\stm32f4xx_hal_nor.c           0x00000000   Number         0  stm32f4xx_hal_nor.o ABSOLUTE
    Hallib\Src\stm32f4xx_hal_pccard.c        0x00000000   Number         0  stm32f4xx_hal_pccard.o ABSOLUTE
    Hallib\Src\stm32f4xx_hal_pcd.c           0x00000000   Number         0  stm32f4xx_hal_pcd.o ABSOLUTE
    Hallib\Src\stm32f4xx_hal_pcd_ex.c        0x00000000   Number         0  stm32f4xx_hal_pcd_ex.o ABSOLUTE
    Hallib\Src\stm32f4xx_hal_pwr.c           0x00000000   Number         0  stm32f4xx_hal_pwr.o ABSOLUTE
    Hallib\Src\stm32f4xx_hal_pwr_ex.c        0x00000000   Number         0  stm32f4xx_hal_pwr_ex.o ABSOLUTE
    Hallib\Src\stm32f4xx_hal_qspi.c          0x00000000   Number         0  stm32f4xx_hal_qspi.o ABSOLUTE
    Hallib\Src\stm32f4xx_hal_rcc.c           0x00000000   Number         0  stm32f4xx_hal_rcc.o ABSOLUTE
    Hallib\Src\stm32f4xx_hal_rcc_ex.c        0x00000000   Number         0  stm32f4xx_hal_rcc_ex.o ABSOLUTE
    Hallib\Src\stm32f4xx_hal_rng.c           0x00000000   Number         0  stm32f4xx_hal_rng.o ABSOLUTE
    Hallib\Src\stm32f4xx_hal_rtc.c           0x00000000   Number         0  stm32f4xx_hal_rtc.o ABSOLUTE
    Hallib\Src\stm32f4xx_hal_rtc_ex.c        0x00000000   Number         0  stm32f4xx_hal_rtc_ex.o ABSOLUTE
    Hallib\Src\stm32f4xx_hal_sai.c           0x00000000   Number         0  stm32f4xx_hal_sai.o ABSOLUTE
    Hallib\Src\stm32f4xx_hal_sai_ex.c        0x00000000   Number         0  stm32f4xx_hal_sai_ex.o ABSOLUTE
    Hallib\Src\stm32f4xx_hal_sd.c            0x00000000   Number         0  stm32f4xx_hal_sd.o ABSOLUTE
    Hallib\Src\stm32f4xx_hal_sdram.c         0x00000000   Number         0  stm32f4xx_hal_sdram.o ABSOLUTE
    Hallib\Src\stm32f4xx_hal_smartcard.c     0x00000000   Number         0  stm32f4xx_hal_smartcard.o ABSOLUTE
    Hallib\Src\stm32f4xx_hal_spdifrx.c       0x00000000   Number         0  stm32f4xx_hal_spdifrx.o ABSOLUTE
    Hallib\Src\stm32f4xx_hal_spi.c           0x00000000   Number         0  stm32f4xx_hal_spi.o ABSOLUTE
    Hallib\Src\stm32f4xx_hal_sram.c          0x00000000   Number         0  stm32f4xx_hal_sram.o ABSOLUTE
    Hallib\Src\stm32f4xx_hal_tim.c           0x00000000   Number         0  stm32f4xx_hal_tim.o ABSOLUTE
    Hallib\Src\stm32f4xx_hal_tim_ex.c        0x00000000   Number         0  stm32f4xx_hal_tim_ex.o ABSOLUTE
    Hallib\Src\stm32f4xx_hal_uart.c          0x00000000   Number         0  stm32f4xx_hal_uart.o ABSOLUTE
    Hallib\Src\stm32f4xx_hal_usart.c         0x00000000   Number         0  stm32f4xx_hal_usart.o ABSOLUTE
    Hallib\Src\stm32f4xx_hal_wwdg.c          0x00000000   Number         0  stm32f4xx_hal_wwdg.o ABSOLUTE
    Hallib\Src\stm32f4xx_ll_fmc.c            0x00000000   Number         0  stm32f4xx_ll_fmc.o ABSOLUTE
    Hallib\Src\stm32f4xx_ll_fsmc.c           0x00000000   Number         0  stm32f4xx_ll_fsmc.o ABSOLUTE
    Hallib\Src\stm32f4xx_ll_sdmmc.c          0x00000000   Number         0  stm32f4xx_ll_sdmmc.o ABSOLUTE
    Hallib\Src\stm32f4xx_ll_usb.c            0x00000000   Number         0  stm32f4xx_ll_usb.o ABSOLUTE
    Hallib\\Src\\stm32f4xx_hal.c             0x00000000   Number         0  stm32f4xx_hal.o ABSOLUTE
    Hallib\\Src\\stm32f4xx_hal_adc.c         0x00000000   Number         0  stm32f4xx_hal_adc.o ABSOLUTE
    Hallib\\Src\\stm32f4xx_hal_adc_ex.c      0x00000000   Number         0  stm32f4xx_hal_adc_ex.o ABSOLUTE
    Hallib\\Src\\stm32f4xx_hal_can.c         0x00000000   Number         0  stm32f4xx_hal_can.o ABSOLUTE
    Hallib\\Src\\stm32f4xx_hal_cec.c         0x00000000   Number         0  stm32f4xx_hal_cec.o ABSOLUTE
    Hallib\\Src\\stm32f4xx_hal_cortex.c      0x00000000   Number         0  stm32f4xx_hal_cortex.o ABSOLUTE
    Hallib\\Src\\stm32f4xx_hal_crc.c         0x00000000   Number         0  stm32f4xx_hal_crc.o ABSOLUTE
    Hallib\\Src\\stm32f4xx_hal_cryp.c        0x00000000   Number         0  stm32f4xx_hal_cryp.o ABSOLUTE
    Hallib\\Src\\stm32f4xx_hal_cryp_ex.c     0x00000000   Number         0  stm32f4xx_hal_cryp_ex.o ABSOLUTE
    Hallib\\Src\\stm32f4xx_hal_dac.c         0x00000000   Number         0  stm32f4xx_hal_dac.o ABSOLUTE
    Hallib\\Src\\stm32f4xx_hal_dac_ex.c      0x00000000   Number         0  stm32f4xx_hal_dac_ex.o ABSOLUTE
    Hallib\\Src\\stm32f4xx_hal_dcmi.c        0x00000000   Number         0  stm32f4xx_hal_dcmi.o ABSOLUTE
    Hallib\\Src\\stm32f4xx_hal_dcmi_ex.c     0x00000000   Number         0  stm32f4xx_hal_dcmi_ex.o ABSOLUTE
    Hallib\\Src\\stm32f4xx_hal_dma.c         0x00000000   Number         0  stm32f4xx_hal_dma.o ABSOLUTE
    Hallib\\Src\\stm32f4xx_hal_dma2d.c       0x00000000   Number         0  stm32f4xx_hal_dma2d.o ABSOLUTE
    Hallib\\Src\\stm32f4xx_hal_dma_ex.c      0x00000000   Number         0  stm32f4xx_hal_dma_ex.o ABSOLUTE
    Hallib\\Src\\stm32f4xx_hal_eth.c         0x00000000   Number         0  stm32f4xx_hal_eth.o ABSOLUTE
    Hallib\\Src\\stm32f4xx_hal_flash.c       0x00000000   Number         0  stm32f4xx_hal_flash.o ABSOLUTE
    Hallib\\Src\\stm32f4xx_hal_flash_ex.c    0x00000000   Number         0  stm32f4xx_hal_flash_ex.o ABSOLUTE
    Hallib\\Src\\stm32f4xx_hal_flash_ramfunc.c 0x00000000   Number         0  stm32f4xx_hal_flash_ramfunc.o ABSOLUTE
    Hallib\\Src\\stm32f4xx_hal_fmpi2c.c      0x00000000   Number         0  stm32f4xx_hal_fmpi2c.o ABSOLUTE
    Hallib\\Src\\stm32f4xx_hal_fmpi2c_ex.c   0x00000000   Number         0  stm32f4xx_hal_fmpi2c_ex.o ABSOLUTE
    Hallib\\Src\\stm32f4xx_hal_gpio.c        0x00000000   Number         0  stm32f4xx_hal_gpio.o ABSOLUTE
    Hallib\\Src\\stm32f4xx_hal_hash.c        0x00000000   Number         0  stm32f4xx_hal_hash.o ABSOLUTE
    Hallib\\Src\\stm32f4xx_hal_hash_ex.c     0x00000000   Number         0  stm32f4xx_hal_hash_ex.o ABSOLUTE
    Hallib\\Src\\stm32f4xx_hal_hcd.c         0x00000000   Number         0  stm32f4xx_hal_hcd.o ABSOLUTE
    Hallib\\Src\\stm32f4xx_hal_i2c.c         0x00000000   Number         0  stm32f4xx_hal_i2c.o ABSOLUTE
    Hallib\\Src\\stm32f4xx_hal_i2c_ex.c      0x00000000   Number         0  stm32f4xx_hal_i2c_ex.o ABSOLUTE
    Hallib\\Src\\stm32f4xx_hal_i2s.c         0x00000000   Number         0  stm32f4xx_hal_i2s.o ABSOLUTE
    Hallib\\Src\\stm32f4xx_hal_i2s_ex.c      0x00000000   Number         0  stm32f4xx_hal_i2s_ex.o ABSOLUTE
    Hallib\\Src\\stm32f4xx_hal_irda.c        0x00000000   Number         0  stm32f4xx_hal_irda.o ABSOLUTE
    Hallib\\Src\\stm32f4xx_hal_iwdg.c        0x00000000   Number         0  stm32f4xx_hal_iwdg.o ABSOLUTE
    Hallib\\Src\\stm32f4xx_hal_ltdc.c        0x00000000   Number         0  stm32f4xx_hal_ltdc.o ABSOLUTE
    Hallib\\Src\\stm32f4xx_hal_ltdc_ex.c     0x00000000   Number         0  stm32f4xx_hal_ltdc_ex.o ABSOLUTE
    Hallib\\Src\\stm32f4xx_hal_nand.c        0x00000000   Number         0  stm32f4xx_hal_nand.o ABSOLUTE
    Hallib\\Src\\stm32f4xx_hal_nor.c         0x00000000   Number         0  stm32f4xx_hal_nor.o ABSOLUTE
    Hallib\\Src\\stm32f4xx_hal_pccard.c      0x00000000   Number         0  stm32f4xx_hal_pccard.o ABSOLUTE
    Hallib\\Src\\stm32f4xx_hal_pcd.c         0x00000000   Number         0  stm32f4xx_hal_pcd.o ABSOLUTE
    Hallib\\Src\\stm32f4xx_hal_pcd_ex.c      0x00000000   Number         0  stm32f4xx_hal_pcd_ex.o ABSOLUTE
    Hallib\\Src\\stm32f4xx_hal_pwr.c         0x00000000   Number         0  stm32f4xx_hal_pwr.o ABSOLUTE
    Hallib\\Src\\stm32f4xx_hal_pwr_ex.c      0x00000000   Number         0  stm32f4xx_hal_pwr_ex.o ABSOLUTE
    Hallib\\Src\\stm32f4xx_hal_qspi.c        0x00000000   Number         0  stm32f4xx_hal_qspi.o ABSOLUTE
    Hallib\\Src\\stm32f4xx_hal_rcc.c         0x00000000   Number         0  stm32f4xx_hal_rcc.o ABSOLUTE
    Hallib\\Src\\stm32f4xx_hal_rcc_ex.c      0x00000000   Number         0  stm32f4xx_hal_rcc_ex.o ABSOLUTE
    Hallib\\Src\\stm32f4xx_hal_rng.c         0x00000000   Number         0  stm32f4xx_hal_rng.o ABSOLUTE
    Hallib\\Src\\stm32f4xx_hal_rtc.c         0x00000000   Number         0  stm32f4xx_hal_rtc.o ABSOLUTE
    Hallib\\Src\\stm32f4xx_hal_rtc_ex.c      0x00000000   Number         0  stm32f4xx_hal_rtc_ex.o ABSOLUTE
    Hallib\\Src\\stm32f4xx_hal_sai.c         0x00000000   Number         0  stm32f4xx_hal_sai.o ABSOLUTE
    Hallib\\Src\\stm32f4xx_hal_sai_ex.c      0x00000000   Number         0  stm32f4xx_hal_sai_ex.o ABSOLUTE
    Hallib\\Src\\stm32f4xx_hal_sd.c          0x00000000   Number         0  stm32f4xx_hal_sd.o ABSOLUTE
    Hallib\\Src\\stm32f4xx_hal_sdram.c       0x00000000   Number         0  stm32f4xx_hal_sdram.o ABSOLUTE
    Hallib\\Src\\stm32f4xx_hal_smartcard.c   0x00000000   Number         0  stm32f4xx_hal_smartcard.o ABSOLUTE
    Hallib\\Src\\stm32f4xx_hal_spdifrx.c     0x00000000   Number         0  stm32f4xx_hal_spdifrx.o ABSOLUTE
    Hallib\\Src\\stm32f4xx_hal_spi.c         0x00000000   Number         0  stm32f4xx_hal_spi.o ABSOLUTE
    Hallib\\Src\\stm32f4xx_hal_sram.c        0x00000000   Number         0  stm32f4xx_hal_sram.o ABSOLUTE
    Hallib\\Src\\stm32f4xx_hal_tim.c         0x00000000   Number         0  stm32f4xx_hal_tim.o ABSOLUTE
    Hallib\\Src\\stm32f4xx_hal_tim_ex.c      0x00000000   Number         0  stm32f4xx_hal_tim_ex.o ABSOLUTE
    Hallib\\Src\\stm32f4xx_hal_uart.c        0x00000000   Number         0  stm32f4xx_hal_uart.o ABSOLUTE
    Hallib\\Src\\stm32f4xx_hal_usart.c       0x00000000   Number         0  stm32f4xx_hal_usart.o ABSOLUTE
    Hallib\\Src\\stm32f4xx_hal_wwdg.c        0x00000000   Number         0  stm32f4xx_hal_wwdg.o ABSOLUTE
    Hallib\\Src\\stm32f4xx_ll_fmc.c          0x00000000   Number         0  stm32f4xx_ll_fmc.o ABSOLUTE
    Hallib\\Src\\stm32f4xx_ll_fsmc.c         0x00000000   Number         0  stm32f4xx_ll_fsmc.o ABSOLUTE
    Hallib\\Src\\stm32f4xx_ll_sdmmc.c        0x00000000   Number         0  stm32f4xx_ll_sdmmc.o ABSOLUTE
    Hallib\\Src\\stm32f4xx_ll_usb.c          0x00000000   Number         0  stm32f4xx_ll_usb.o ABSOLUTE
    Hardware\\key.c                          0x00000000   Number         0  key.o ABSOLUTE
    Hardware\\led.c                          0x00000000   Number         0  led.o ABSOLUTE
    Hardware\key.c                           0x00000000   Number         0  key.o ABSOLUTE
    Hardware\led.c                           0x00000000   Number         0  led.o ABSOLUTE
    System\\delay\\delay.c                   0x00000000   Number         0  delay.o ABSOLUTE
    System\\sys\\sys.c                       0x00000000   Number         0  sys.o ABSOLUTE
    System\\usart\\usart.c                   0x00000000   Number         0  usart.o ABSOLUTE
    System\delay\delay.c                     0x00000000   Number         0  delay.o ABSOLUTE
    System\sys\sys.c                         0x00000000   Number         0  sys.o ABSOLUTE
    System\usart\usart.c                     0x00000000   Number         0  usart.o ABSOLUTE
    User\\main.c                             0x00000000   Number         0  main.o ABSOLUTE
    User\\stm32f4xx_hal_msp.c                0x00000000   Number         0  stm32f4xx_hal_msp.o ABSOLUTE
    User\\stm32f4xx_it.c                     0x00000000   Number         0  stm32f4xx_it.o ABSOLUTE
    User\\system_stm32f4xx.c                 0x00000000   Number         0  system_stm32f4xx.o ABSOLUTE
    User\main.c                              0x00000000   Number         0  main.o ABSOLUTE
    User\stm32f4xx_hal_msp.c                 0x00000000   Number         0  stm32f4xx_hal_msp.o ABSOLUTE
    User\stm32f4xx_it.c                      0x00000000   Number         0  stm32f4xx_it.o ABSOLUTE
    User\system_stm32f4xx.c                  0x00000000   Number         0  system_stm32f4xx.o ABSOLUTE
    dc.s                                     0x00000000   Number         0  dc.o ABSOLUTE
    RESET                                    0x08000000   Section      428  startup_stm32f429xx.o(RESET)
    !!!main                                  0x080001ac   Section        8  __main.o(!!!main)
    !!!scatter                               0x080001b4   Section       52  __scatter.o(!!!scatter)
    !!handler_copy                           0x080001e8   Section       26  __scatter_copy.o(!!handler_copy)
    !!handler_zi                             0x08000204   Section       28  __scatter_zi.o(!!handler_zi)
    .ARM.Collect$$libinit$$00000000          0x08000220   Section        2  libinit.o(.ARM.Collect$$libinit$$00000000)
    .ARM.Collect$$libinit$$00000001          0x08000222   Section        4  libinit2.o(.ARM.Collect$$libinit$$00000001)
    .ARM.Collect$$libinit$$00000004          0x08000226   Section        0  libinit2.o(.ARM.Collect$$libinit$$00000004)
    .ARM.Collect$$libinit$$0000000A          0x08000226   Section        0  libinit2.o(.ARM.Collect$$libinit$$0000000A)
    .ARM.Collect$$libinit$$0000000C          0x08000226   Section        0  libinit2.o(.ARM.Collect$$libinit$$0000000C)
    .ARM.Collect$$libinit$$0000000E          0x08000226   Section        0  libinit2.o(.ARM.Collect$$libinit$$0000000E)
    .ARM.Collect$$libinit$$00000011          0x08000226   Section        0  libinit2.o(.ARM.Collect$$libinit$$00000011)
    .ARM.Collect$$libinit$$00000013          0x08000226   Section        0  libinit2.o(.ARM.Collect$$libinit$$00000013)
    .ARM.Collect$$libinit$$00000015          0x08000226   Section        0  libinit2.o(.ARM.Collect$$libinit$$00000015)
    .ARM.Collect$$libinit$$00000017          0x08000226   Section        0  libinit2.o(.ARM.Collect$$libinit$$00000017)
    .ARM.Collect$$libinit$$00000019          0x08000226   Section        0  libinit2.o(.ARM.Collect$$libinit$$00000019)
    .ARM.Collect$$libinit$$0000001B          0x08000226   Section        0  libinit2.o(.ARM.Collect$$libinit$$0000001B)
    .ARM.Collect$$libinit$$0000001D          0x08000226   Section        0  libinit2.o(.ARM.Collect$$libinit$$0000001D)
    .ARM.Collect$$libinit$$0000001F          0x08000226   Section        0  libinit2.o(.ARM.Collect$$libinit$$0000001F)
    .ARM.Collect$$libinit$$00000021          0x08000226   Section        0  libinit2.o(.ARM.Collect$$libinit$$00000021)
    .ARM.Collect$$libinit$$00000023          0x08000226   Section        0  libinit2.o(.ARM.Collect$$libinit$$00000023)
    .ARM.Collect$$libinit$$00000025          0x08000226   Section        0  libinit2.o(.ARM.Collect$$libinit$$00000025)
    .ARM.Collect$$libinit$$0000002C          0x08000226   Section        0  libinit2.o(.ARM.Collect$$libinit$$0000002C)
    .ARM.Collect$$libinit$$0000002E          0x08000226   Section        0  libinit2.o(.ARM.Collect$$libinit$$0000002E)
    .ARM.Collect$$libinit$$00000030          0x08000226   Section        0  libinit2.o(.ARM.Collect$$libinit$$00000030)
    .ARM.Collect$$libinit$$00000032          0x08000226   Section        0  libinit2.o(.ARM.Collect$$libinit$$00000032)
    .ARM.Collect$$libinit$$00000033          0x08000226   Section        2  libinit2.o(.ARM.Collect$$libinit$$00000033)
    .ARM.Collect$$libshutdown$$00000000      0x08000228   Section        2  libshutdown.o(.ARM.Collect$$libshutdown$$00000000)
    .ARM.Collect$$libshutdown$$00000002      0x0800022a   Section        0  libshutdown2.o(.ARM.Collect$$libshutdown$$00000002)
    .ARM.Collect$$libshutdown$$00000004      0x0800022a   Section        0  libshutdown2.o(.ARM.Collect$$libshutdown$$00000004)
    .ARM.Collect$$libshutdown$$00000007      0x0800022a   Section        0  libshutdown2.o(.ARM.Collect$$libshutdown$$00000007)
    .ARM.Collect$$libshutdown$$0000000A      0x0800022a   Section        0  libshutdown2.o(.ARM.Collect$$libshutdown$$0000000A)
    .ARM.Collect$$libshutdown$$0000000C      0x0800022a   Section        0  libshutdown2.o(.ARM.Collect$$libshutdown$$0000000C)
    .ARM.Collect$$libshutdown$$0000000F      0x0800022a   Section        0  libshutdown2.o(.ARM.Collect$$libshutdown$$0000000F)
    .ARM.Collect$$libshutdown$$00000010      0x0800022a   Section        2  libshutdown2.o(.ARM.Collect$$libshutdown$$00000010)
    .ARM.Collect$$rtentry$$00000000          0x0800022c   Section        0  __rtentry.o(.ARM.Collect$$rtentry$$00000000)
    .ARM.Collect$$rtentry$$00000002          0x0800022c   Section        0  __rtentry2.o(.ARM.Collect$$rtentry$$00000002)
    .ARM.Collect$$rtentry$$00000004          0x0800022c   Section        6  __rtentry4.o(.ARM.Collect$$rtentry$$00000004)
    .ARM.Collect$$rtentry$$00000009          0x08000232   Section        0  __rtentry2.o(.ARM.Collect$$rtentry$$00000009)
    .ARM.Collect$$rtentry$$0000000A          0x08000232   Section        4  __rtentry2.o(.ARM.Collect$$rtentry$$0000000A)
    .ARM.Collect$$rtentry$$0000000C          0x08000236   Section        0  __rtentry2.o(.ARM.Collect$$rtentry$$0000000C)
    .ARM.Collect$$rtentry$$0000000D          0x08000236   Section        8  __rtentry2.o(.ARM.Collect$$rtentry$$0000000D)
    .ARM.Collect$$rtexit$$00000000           0x0800023e   Section        2  rtexit.o(.ARM.Collect$$rtexit$$00000000)
    .ARM.Collect$$rtexit$$00000002           0x08000240   Section        0  rtexit2.o(.ARM.Collect$$rtexit$$00000002)
    .ARM.Collect$$rtexit$$00000003           0x08000240   Section        4  rtexit2.o(.ARM.Collect$$rtexit$$00000003)
    .ARM.Collect$$rtexit$$00000004           0x08000244   Section        6  rtexit2.o(.ARM.Collect$$rtexit$$00000004)
    .text                                    0x0800024c   Section       64  startup_stm32f429xx.o(.text)
    $v0                                      0x0800024c   Number         0  startup_stm32f429xx.o(.text)
    .text                                    0x0800028c   Section        2  use_no_semi_2.o(.text)
    .text                                    0x0800028e   Section        0  heapauxi.o(.text)
    .text                                    0x08000294   Section        2  use_no_semi.o(.text)
    .text                                    0x08000296   Section       74  sys_stackheap_outer.o(.text)
    .text                                    0x080002e0   Section        0  exit.o(.text)
    .text                                    0x080002f4   Section        8  libspace.o(.text)
    i.BusFault_Handler                       0x080002fc   Section        0  stm32f4xx_it.o(i.BusFault_Handler)
    i.DebugMon_Handler                       0x08000300   Section        0  stm32f4xx_it.o(i.DebugMon_Handler)
    i.HAL_GPIO_Init                          0x08000304   Section        0  stm32f4xx_hal_gpio.o(i.HAL_GPIO_Init)
    i.HAL_GPIO_ReadPin                       0x08000520   Section        0  stm32f4xx_hal_gpio.o(i.HAL_GPIO_ReadPin)
    i.HAL_GPIO_WritePin                      0x08000530   Section        0  stm32f4xx_hal_gpio.o(i.HAL_GPIO_WritePin)
    i.HAL_GetTick                            0x0800053c   Section        0  stm32f4xx_hal.o(i.HAL_GetTick)
    i.HAL_IncTick                            0x08000548   Section        0  stm32f4xx_hal.o(i.HAL_IncTick)
    i.HAL_Init                               0x08000558   Section        0  stm32f4xx_hal.o(i.HAL_Init)
    i.HAL_InitTick                           0x08000594   Section        0  stm32f4xx_hal.o(i.HAL_InitTick)
    i.HAL_MspInit                            0x080005b8   Section        0  stm32f4xx_hal_msp.o(i.HAL_MspInit)
    i.HAL_NVIC_SetPriority                   0x080005ba   Section        0  stm32f4xx_hal_cortex.o(i.HAL_NVIC_SetPriority)
    i.HAL_NVIC_SetPriorityGrouping           0x08000638   Section        0  stm32f4xx_hal_cortex.o(i.HAL_NVIC_SetPriorityGrouping)
    i.HAL_PWREx_EnableOverDrive              0x08000660   Section        0  stm32f4xx_hal_pwr_ex.o(i.HAL_PWREx_EnableOverDrive)
    i.HAL_RCC_ClockConfig                    0x08000704   Section        0  stm32f4xx_hal_rcc.o(i.HAL_RCC_ClockConfig)
    i.HAL_RCC_GetHCLKFreq                    0x080008a8   Section        0  stm32f4xx_hal_rcc.o(i.HAL_RCC_GetHCLKFreq)
    i.HAL_RCC_GetSysClockFreq                0x080008e0   Section        0  stm32f4xx_hal_rcc.o(i.HAL_RCC_GetSysClockFreq)
    i.HAL_RCC_OscConfig                      0x08000994   Section        0  stm32f4xx_hal_rcc.o(i.HAL_RCC_OscConfig)
    i.HAL_SYSTICK_CLKSourceConfig            0x08000d30   Section        0  stm32f4xx_hal_cortex.o(i.HAL_SYSTICK_CLKSourceConfig)
    i.HAL_SYSTICK_Config                     0x08000d58   Section        0  stm32f4xx_hal_cortex.o(i.HAL_SYSTICK_Config)
    i.HAL_UART_ErrorCallback                 0x08000d8c   Section        0  stm32f4xx_hal_uart.o(i.HAL_UART_ErrorCallback)
    i.HAL_UART_GetState                      0x08000d8e   Section        0  stm32f4xx_hal_uart.o(i.HAL_UART_GetState)
    i.HAL_UART_IRQHandler                    0x08000da2   Section        0  stm32f4xx_hal_uart.o(i.HAL_UART_IRQHandler)
    i.HAL_UART_Receive_IT                    0x08000ed6   Section        0  stm32f4xx_hal_uart.o(i.HAL_UART_Receive_IT)
    i.HAL_UART_RxCpltCallback                0x08000f48   Section        0  usart.o(i.HAL_UART_RxCpltCallback)
    i.HAL_UART_TxCpltCallback                0x08000fd0   Section        0  stm32f4xx_hal_uart.o(i.HAL_UART_TxCpltCallback)
    i.HardFault_Handler                      0x08000fd2   Section        0  stm32f4xx_it.o(i.HardFault_Handler)
    i.KEY_init                               0x08000fd8   Section        0  key.o(i.KEY_init)
    i.LED_init                               0x08001084   Section        0  led.o(i.LED_init)
    i.MemManage_Handler                      0x080010d4   Section        0  stm32f4xx_it.o(i.MemManage_Handler)
    i.NMI_Handler                            0x080010d8   Section        0  stm32f4xx_it.o(i.NMI_Handler)
    i.NVIC_GetPriorityGrouping               0x080010dc   Section        0  stm32f4xx_hal_cortex.o(i.NVIC_GetPriorityGrouping)
    NVIC_GetPriorityGrouping                 0x080010dd   Thumb Code    10  stm32f4xx_hal_cortex.o(i.NVIC_GetPriorityGrouping)
    i.NVIC_SetPriority                       0x080010ec   Section        0  stm32f4xx_hal_cortex.o(i.NVIC_SetPriority)
    NVIC_SetPriority                         0x080010ed   Thumb Code    32  stm32f4xx_hal_cortex.o(i.NVIC_SetPriority)
    i.PendSV_Handler                         0x08001114   Section        0  stm32f4xx_it.o(i.PendSV_Handler)
    i.SVC_Handler                            0x08001116   Section        0  stm32f4xx_it.o(i.SVC_Handler)
    i.Stm32_Clock_Init                       0x08001118   Section        0  sys.o(i.Stm32_Clock_Init)
    i.SysTick_Handler                        0x080011d0   Section        0  stm32f4xx_it.o(i.SysTick_Handler)
    i.SystemInit                             0x080011d8   Section        0  system_stm32f4xx.o(i.SystemInit)
    i.UART_EndTransmit_IT                    0x0800123c   Section        0  stm32f4xx_hal_uart.o(i.UART_EndTransmit_IT)
    UART_EndTransmit_IT                      0x0800123d   Thumb Code    32  stm32f4xx_hal_uart.o(i.UART_EndTransmit_IT)
    i.UART_Receive_IT                        0x0800125c   Section        0  stm32f4xx_hal_uart.o(i.UART_Receive_IT)
    UART_Receive_IT                          0x0800125d   Thumb Code   166  stm32f4xx_hal_uart.o(i.UART_Receive_IT)
    i.UART_Transmit_IT                       0x08001302   Section        0  stm32f4xx_hal_uart.o(i.UART_Transmit_IT)
    UART_Transmit_IT                         0x08001303   Thumb Code   104  stm32f4xx_hal_uart.o(i.UART_Transmit_IT)
    i.USART1_IRQHandler                      0x0800136c   Section        0  usart.o(i.USART1_IRQHandler)
    i.UsageFault_Handler                     0x080013bc   Section        0  stm32f4xx_it.o(i.UsageFault_Handler)
    i._sys_exit                              0x080013c0   Section        0  usart.o(i._sys_exit)
    i.delay_init                             0x080013c4   Section        0  delay.o(i.delay_init)
    i.delay_ms                               0x080013d8   Section        0  delay.o(i.delay_ms)
    i.delay_us                               0x080013f0   Section        0  delay.o(i.delay_us)
    i.main                                   0x08001438   Section        0  main.o(i.main)
    i.scanKey                                0x080014e4   Section        0  key.o(i.scanKey)
    x$fpl$fpinit                             0x08001570   Section       10  fpinit.o(x$fpl$fpinit)
    $v0                                      0x08001570   Number         0  fpinit.o(x$fpl$fpinit)
    .constdata                               0x0800157a   Section       16  stm32f4xx_hal_rcc.o(.constdata)
    .data                                    0x20000000   Section       20  system_stm32f4xx.o(.data)
    .data                                    0x20000014   Section        4  delay.o(.data)
    fac_us                                   0x20000014   Data           4  delay.o(.data)
    .data                                    0x20000018   Section        7  usart.o(.data)
    .data                                    0x20000020   Section        4  stm32f4xx_hal.o(.data)
    .bss                                     0x20000024   Section      264  usart.o(.bss)
    .bss                                     0x2000012c   Section       96  libspace.o(.bss)
    HEAP                                     0x20000190   Section      512  startup_stm32f429xx.o(HEAP)
    Heap_Mem                                 0x20000190   Data         512  startup_stm32f429xx.o(HEAP)
    STACK                                    0x20000390   Section     1024  startup_stm32f429xx.o(STACK)
    Stack_Mem                                0x20000390   Data        1024  startup_stm32f429xx.o(STACK)
    __initial_sp                             0x20000790   Data           0  startup_stm32f429xx.o(STACK)

    Global Symbols

    Symbol Name                              Value     Ov Type        Size  Object(Section)

    BuildAttributes$$THM_ISAv4$E$P$D$K$B$S$7EM$VFPi3$EXTD16$VFPS$VFMA$PE$A:L22UL41UL21$X:L11$S22US41US21$IEEE1$IW$USESV6$~STKCKD$USESV7$~SHL$OSPACE$ROPI$EBA8$UX$STANDARDLIB$REQ8$PRES8$EABIv2 0x00000000   Number         0  anon$$obj.o ABSOLUTE
    __ARM_use_no_argv                        0x00000000   Number         0  main.o ABSOLUTE
    __ARM_exceptions_init                     - Undefined Weak Reference
    __alloca_initialize                       - Undefined Weak Reference
    __arm_preinit_                            - Undefined Weak Reference
    __cpp_initialize__aeabi_                  - Undefined Weak Reference
    __cxa_finalize                            - Undefined Weak Reference
    __rt_locale                               - Undefined Weak Reference
    __sigvec_lookup                           - Undefined Weak Reference
    _atexit_init                              - Undefined Weak Reference
    _call_atexit_fns                          - Undefined Weak Reference
    _clock_init                               - Undefined Weak Reference
    _fp_trap_init                             - Undefined Weak Reference
    _fp_trap_shutdown                         - Undefined Weak Reference
    _get_lc_collate                           - Undefined Weak Reference
    _get_lc_ctype                             - Undefined Weak Reference
    _get_lc_monetary                          - Undefined Weak Reference
    _get_lc_numeric                           - Undefined Weak Reference
    _get_lc_time                              - Undefined Weak Reference
    _getenv_init                              - Undefined Weak Reference
    _handle_redirection                       - Undefined Weak Reference
    _init_alloc                               - Undefined Weak Reference
    _init_user_alloc                          - Undefined Weak Reference
    _initio                                   - Undefined Weak Reference
    _rand_init                                - Undefined Weak Reference
    _signal_finish                            - Undefined Weak Reference
    _signal_init                              - Undefined Weak Reference
    _terminate_alloc                          - Undefined Weak Reference
    _terminate_user_alloc                     - Undefined Weak Reference
    _terminateio                              - Undefined Weak Reference
    __Vectors_Size                           0x000001ac   Number         0  startup_stm32f429xx.o ABSOLUTE
    __Vectors                                0x08000000   Data           4  startup_stm32f429xx.o(RESET)
    __Vectors_End                            0x080001ac   Data           0  startup_stm32f429xx.o(RESET)
    __main                                   0x080001ad   Thumb Code     8  __main.o(!!!main)
    __scatterload                            0x080001b5   Thumb Code     0  __scatter.o(!!!scatter)
    __scatterload_rt2                        0x080001b5   Thumb Code    44  __scatter.o(!!!scatter)
    __scatterload_rt2_thumb_only             0x080001b5   Thumb Code     0  __scatter.o(!!!scatter)
    __scatterload_null                       0x080001c3   Thumb Code     0  __scatter.o(!!!scatter)
    __scatterload_copy                       0x080001e9   Thumb Code    26  __scatter_copy.o(!!handler_copy)
    __scatterload_zeroinit                   0x08000205   Thumb Code    28  __scatter_zi.o(!!handler_zi)
    __rt_lib_init                            0x08000221   Thumb Code     0  libinit.o(.ARM.Collect$$libinit$$00000000)
    __rt_lib_init_fp_1                       0x08000223   Thumb Code     0  libinit2.o(.ARM.Collect$$libinit$$00000001)
    __rt_lib_init_alloca_1                   0x08000227   Thumb Code     0  libinit2.o(.ARM.Collect$$libinit$$0000002E)
    __rt_lib_init_argv_1                     0x08000227   Thumb Code     0  libinit2.o(.ARM.Collect$$libinit$$0000002C)
    __rt_lib_init_atexit_1                   0x08000227   Thumb Code     0  libinit2.o(.ARM.Collect$$libinit$$0000001B)
    __rt_lib_init_clock_1                    0x08000227   Thumb Code     0  libinit2.o(.ARM.Collect$$libinit$$00000021)
    __rt_lib_init_cpp_1                      0x08000227   Thumb Code     0  libinit2.o(.ARM.Collect$$libinit$$00000032)
    __rt_lib_init_exceptions_1               0x08000227   Thumb Code     0  libinit2.o(.ARM.Collect$$libinit$$00000030)
    __rt_lib_init_fp_trap_1                  0x08000227   Thumb Code     0  libinit2.o(.ARM.Collect$$libinit$$0000001F)
    __rt_lib_init_getenv_1                   0x08000227   Thumb Code     0  libinit2.o(.ARM.Collect$$libinit$$00000023)
    __rt_lib_init_heap_1                     0x08000227   Thumb Code     0  libinit2.o(.ARM.Collect$$libinit$$0000000A)
    __rt_lib_init_lc_collate_1               0x08000227   Thumb Code     0  libinit2.o(.ARM.Collect$$libinit$$00000011)
    __rt_lib_init_lc_ctype_1                 0x08000227   Thumb Code     0  libinit2.o(.ARM.Collect$$libinit$$00000013)
    __rt_lib_init_lc_monetary_1              0x08000227   Thumb Code     0  libinit2.o(.ARM.Collect$$libinit$$00000015)
    __rt_lib_init_lc_numeric_1               0x08000227   Thumb Code     0  libinit2.o(.ARM.Collect$$libinit$$00000017)
    __rt_lib_init_lc_time_1                  0x08000227   Thumb Code     0  libinit2.o(.ARM.Collect$$libinit$$00000019)
    __rt_lib_init_preinit_1                  0x08000227   Thumb Code     0  libinit2.o(.ARM.Collect$$libinit$$00000004)
    __rt_lib_init_rand_1                     0x08000227   Thumb Code     0  libinit2.o(.ARM.Collect$$libinit$$0000000E)
    __rt_lib_init_return                     0x08000227   Thumb Code     0  libinit2.o(.ARM.Collect$$libinit$$00000033)
    __rt_lib_init_signal_1                   0x08000227   Thumb Code     0  libinit2.o(.ARM.Collect$$libinit$$0000001D)
    __rt_lib_init_stdio_1                    0x08000227   Thumb Code     0  libinit2.o(.ARM.Collect$$libinit$$00000025)
    __rt_lib_init_user_alloc_1               0x08000227   Thumb Code     0  libinit2.o(.ARM.Collect$$libinit$$0000000C)
    __rt_lib_shutdown                        0x08000229   Thumb Code     0  libshutdown.o(.ARM.Collect$$libshutdown$$00000000)
    __rt_lib_shutdown_cpp_1                  0x0800022b   Thumb Code     0  libshutdown2.o(.ARM.Collect$$libshutdown$$00000002)
    __rt_lib_shutdown_fp_trap_1              0x0800022b   Thumb Code     0  libshutdown2.o(.ARM.Collect$$libshutdown$$00000007)
    __rt_lib_shutdown_heap_1                 0x0800022b   Thumb Code     0  libshutdown2.o(.ARM.Collect$$libshutdown$$0000000F)
    __rt_lib_shutdown_return                 0x0800022b   Thumb Code     0  libshutdown2.o(.ARM.Collect$$libshutdown$$00000010)
    __rt_lib_shutdown_signal_1               0x0800022b   Thumb Code     0  libshutdown2.o(.ARM.Collect$$libshutdown$$0000000A)
    __rt_lib_shutdown_stdio_1                0x0800022b   Thumb Code     0  libshutdown2.o(.ARM.Collect$$libshutdown$$00000004)
    __rt_lib_shutdown_user_alloc_1           0x0800022b   Thumb Code     0  libshutdown2.o(.ARM.Collect$$libshutdown$$0000000C)
    __rt_entry                               0x0800022d   Thumb Code     0  __rtentry.o(.ARM.Collect$$rtentry$$00000000)
    __rt_entry_presh_1                       0x0800022d   Thumb Code     0  __rtentry2.o(.ARM.Collect$$rtentry$$00000002)
    __rt_entry_sh                            0x0800022d   Thumb Code     0  __rtentry4.o(.ARM.Collect$$rtentry$$00000004)
    __rt_entry_li                            0x08000233   Thumb Code     0  __rtentry2.o(.ARM.Collect$$rtentry$$0000000A)
    __rt_entry_postsh_1                      0x08000233   Thumb Code     0  __rtentry2.o(.ARM.Collect$$rtentry$$00000009)
    __rt_entry_main                          0x08000237   Thumb Code     0  __rtentry2.o(.ARM.Collect$$rtentry$$0000000D)
    __rt_entry_postli_1                      0x08000237   Thumb Code     0  __rtentry2.o(.ARM.Collect$$rtentry$$0000000C)
    __rt_exit                                0x0800023f   Thumb Code     0  rtexit.o(.ARM.Collect$$rtexit$$00000000)
    __rt_exit_ls                             0x08000241   Thumb Code     0  rtexit2.o(.ARM.Collect$$rtexit$$00000003)
    __rt_exit_prels_1                        0x08000241   Thumb Code     0  rtexit2.o(.ARM.Collect$$rtexit$$00000002)
    __rt_exit_exit                           0x08000245   Thumb Code     0  rtexit2.o(.ARM.Collect$$rtexit$$00000004)
    Reset_Handler                            0x0800024d   Thumb Code     8  startup_stm32f429xx.o(.text)
    ADC_IRQHandler                           0x08000267   Thumb Code     0  startup_stm32f429xx.o(.text)
    CAN1_RX0_IRQHandler                      0x08000267   Thumb Code     0  startup_stm32f429xx.o(.text)
    CAN1_RX1_IRQHandler                      0x08000267   Thumb Code     0  startup_stm32f429xx.o(.text)
    CAN1_SCE_IRQHandler                      0x08000267   Thumb Code     0  startup_stm32f429xx.o(.text)
    CAN1_TX_IRQHandler                       0x08000267   Thumb Code     0  startup_stm32f429xx.o(.text)
    CAN2_RX0_IRQHandler                      0x08000267   Thumb Code     0  startup_stm32f429xx.o(.text)
    CAN2_RX1_IRQHandler                      0x08000267   Thumb Code     0  startup_stm32f429xx.o(.text)
    CAN2_SCE_IRQHandler                      0x08000267   Thumb Code     0  startup_stm32f429xx.o(.text)
    CAN2_TX_IRQHandler                       0x08000267   Thumb Code     0  startup_stm32f429xx.o(.text)
    DCMI_IRQHandler                          0x08000267   Thumb Code     0  startup_stm32f429xx.o(.text)
    DMA1_Stream0_IRQHandler                  0x08000267   Thumb Code     0  startup_stm32f429xx.o(.text)
    DMA1_Stream1_IRQHandler                  0x08000267   Thumb Code     0  startup_stm32f429xx.o(.text)
    DMA1_Stream2_IRQHandler                  0x08000267   Thumb Code     0  startup_stm32f429xx.o(.text)
    DMA1_Stream3_IRQHandler                  0x08000267   Thumb Code     0  startup_stm32f429xx.o(.text)
    DMA1_Stream4_IRQHandler                  0x08000267   Thumb Code     0  startup_stm32f429xx.o(.text)
    DMA1_Stream5_IRQHandler                  0x08000267   Thumb Code     0  startup_stm32f429xx.o(.text)
    DMA1_Stream6_IRQHandler                  0x08000267   Thumb Code     0  startup_stm32f429xx.o(.text)
    DMA1_Stream7_IRQHandler                  0x08000267   Thumb Code     0  startup_stm32f429xx.o(.text)
    DMA2D_IRQHandler                         0x08000267   Thumb Code     0  startup_stm32f429xx.o(.text)
    DMA2_Stream0_IRQHandler                  0x08000267   Thumb Code     0  startup_stm32f429xx.o(.text)
    DMA2_Stream1_IRQHandler                  0x08000267   Thumb Code     0  startup_stm32f429xx.o(.text)
    DMA2_Stream2_IRQHandler                  0x08000267   Thumb Code     0  startup_stm32f429xx.o(.text)
    DMA2_Stream3_IRQHandler                  0x08000267   Thumb Code     0  startup_stm32f429xx.o(.text)
    DMA2_Stream4_IRQHandler                  0x08000267   Thumb Code     0  startup_stm32f429xx.o(.text)
    DMA2_Stream5_IRQHandler                  0x08000267   Thumb Code     0  startup_stm32f429xx.o(.text)
    DMA2_Stream6_IRQHandler                  0x08000267   Thumb Code     0  startup_stm32f429xx.o(.text)
    DMA2_Stream7_IRQHandler                  0x08000267   Thumb Code     0  startup_stm32f429xx.o(.text)
    ETH_IRQHandler                           0x08000267   Thumb Code     0  startup_stm32f429xx.o(.text)
    ETH_WKUP_IRQHandler                      0x08000267   Thumb Code     0  startup_stm32f429xx.o(.text)
    EXTI0_IRQHandler                         0x08000267   Thumb Code     0  startup_stm32f429xx.o(.text)
    EXTI15_10_IRQHandler                     0x08000267   Thumb Code     0  startup_stm32f429xx.o(.text)
    EXTI1_IRQHandler                         0x08000267   Thumb Code     0  startup_stm32f429xx.o(.text)
    EXTI2_IRQHandler                         0x08000267   Thumb Code     0  startup_stm32f429xx.o(.text)
    EXTI3_IRQHandler                         0x08000267   Thumb Code     0  startup_stm32f429xx.o(.text)
    EXTI4_IRQHandler                         0x08000267   Thumb Code     0  startup_stm32f429xx.o(.text)
    EXTI9_5_IRQHandler                       0x08000267   Thumb Code     0  startup_stm32f429xx.o(.text)
    FLASH_IRQHandler                         0x08000267   Thumb Code     0  startup_stm32f429xx.o(.text)
    FMC_IRQHandler                           0x08000267   Thumb Code     0  startup_stm32f429xx.o(.text)
    FPU_IRQHandler                           0x08000267   Thumb Code     0  startup_stm32f429xx.o(.text)
    HASH_RNG_IRQHandler                      0x08000267   Thumb Code     0  startup_stm32f429xx.o(.text)
    I2C1_ER_IRQHandler                       0x08000267   Thumb Code     0  startup_stm32f429xx.o(.text)
    I2C1_EV_IRQHandler                       0x08000267   Thumb Code     0  startup_stm32f429xx.o(.text)
    I2C2_ER_IRQHandler                       0x08000267   Thumb Code     0  startup_stm32f429xx.o(.text)
    I2C2_EV_IRQHandler                       0x08000267   Thumb Code     0  startup_stm32f429xx.o(.text)
    I2C3_ER_IRQHandler                       0x08000267   Thumb Code     0  startup_stm32f429xx.o(.text)
    I2C3_EV_IRQHandler                       0x08000267   Thumb Code     0  startup_stm32f429xx.o(.text)
    LTDC_ER_IRQHandler                       0x08000267   Thumb Code     0  startup_stm32f429xx.o(.text)
    LTDC_IRQHandler                          0x08000267   Thumb Code     0  startup_stm32f429xx.o(.text)
    OTG_FS_IRQHandler                        0x08000267   Thumb Code     0  startup_stm32f429xx.o(.text)
    OTG_FS_WKUP_IRQHandler                   0x08000267   Thumb Code     0  startup_stm32f429xx.o(.text)
    OTG_HS_EP1_IN_IRQHandler                 0x08000267   Thumb Code     0  startup_stm32f429xx.o(.text)
    OTG_HS_EP1_OUT_IRQHandler                0x08000267   Thumb Code     0  startup_stm32f429xx.o(.text)
    OTG_HS_IRQHandler                        0x08000267   Thumb Code     0  startup_stm32f429xx.o(.text)
    OTG_HS_WKUP_IRQHandler                   0x08000267   Thumb Code     0  startup_stm32f429xx.o(.text)
    PVD_IRQHandler                           0x08000267   Thumb Code     0  startup_stm32f429xx.o(.text)
    RCC_IRQHandler                           0x08000267   Thumb Code     0  startup_stm32f429xx.o(.text)
    RTC_Alarm_IRQHandler                     0x08000267   Thumb Code     0  startup_stm32f429xx.o(.text)
    RTC_WKUP_IRQHandler                      0x08000267   Thumb Code     0  startup_stm32f429xx.o(.text)
    SAI1_IRQHandler                          0x08000267   Thumb Code     0  startup_stm32f429xx.o(.text)
    SDIO_IRQHandler                          0x08000267   Thumb Code     0  startup_stm32f429xx.o(.text)
    SPI1_IRQHandler                          0x08000267   Thumb Code     0  startup_stm32f429xx.o(.text)
    SPI2_IRQHandler                          0x08000267   Thumb Code     0  startup_stm32f429xx.o(.text)
    SPI3_IRQHandler                          0x08000267   Thumb Code     0  startup_stm32f429xx.o(.text)
    SPI4_IRQHandler                          0x08000267   Thumb Code     0  startup_stm32f429xx.o(.text)
    SPI5_IRQHandler                          0x08000267   Thumb Code     0  startup_stm32f429xx.o(.text)
    SPI6_IRQHandler                          0x08000267   Thumb Code     0  startup_stm32f429xx.o(.text)
    TAMP_STAMP_IRQHandler                    0x08000267   Thumb Code     0  startup_stm32f429xx.o(.text)
    TIM1_BRK_TIM9_IRQHandler                 0x08000267   Thumb Code     0  startup_stm32f429xx.o(.text)
    TIM1_CC_IRQHandler                       0x08000267   Thumb Code     0  startup_stm32f429xx.o(.text)
    TIM1_TRG_COM_TIM11_IRQHandler            0x08000267   Thumb Code     0  startup_stm32f429xx.o(.text)
    TIM1_UP_TIM10_IRQHandler                 0x08000267   Thumb Code     0  startup_stm32f429xx.o(.text)
    TIM2_IRQHandler                          0x08000267   Thumb Code     0  startup_stm32f429xx.o(.text)
    TIM3_IRQHandler                          0x08000267   Thumb Code     0  startup_stm32f429xx.o(.text)
    TIM4_IRQHandler                          0x08000267   Thumb Code     0  startup_stm32f429xx.o(.text)
    TIM5_IRQHandler                          0x08000267   Thumb Code     0  startup_stm32f429xx.o(.text)
    TIM6_DAC_IRQHandler                      0x08000267   Thumb Code     0  startup_stm32f429xx.o(.text)
    TIM7_IRQHandler                          0x08000267   Thumb Code     0  startup_stm32f429xx.o(.text)
    TIM8_BRK_TIM12_IRQHandler                0x08000267   Thumb Code     0  startup_stm32f429xx.o(.text)
    TIM8_CC_IRQHandler                       0x08000267   Thumb Code     0  startup_stm32f429xx.o(.text)
    TIM8_TRG_COM_TIM14_IRQHandler            0x08000267   Thumb Code     0  startup_stm32f429xx.o(.text)
    TIM8_UP_TIM13_IRQHandler                 0x08000267   Thumb Code     0  startup_stm32f429xx.o(.text)
    UART4_IRQHandler                         0x08000267   Thumb Code     0  startup_stm32f429xx.o(.text)
    UART5_IRQHandler                         0x08000267   Thumb Code     0  startup_stm32f429xx.o(.text)
    UART7_IRQHandler                         0x08000267   Thumb Code     0  startup_stm32f429xx.o(.text)
    UART8_IRQHandler                         0x08000267   Thumb Code     0  startup_stm32f429xx.o(.text)
    USART2_IRQHandler                        0x08000267   Thumb Code     0  startup_stm32f429xx.o(.text)
    USART3_IRQHandler                        0x08000267   Thumb Code     0  startup_stm32f429xx.o(.text)
    USART6_IRQHandler                        0x08000267   Thumb Code     0  startup_stm32f429xx.o(.text)
    WWDG_IRQHandler                          0x08000267   Thumb Code     0  startup_stm32f429xx.o(.text)
    __user_initial_stackheap                 0x08000269   Thumb Code     0  startup_stm32f429xx.o(.text)
    __use_no_semihosting                     0x0800028d   Thumb Code     2  use_no_semi_2.o(.text)
    __use_two_region_memory                  0x0800028f   Thumb Code     2  heapauxi.o(.text)
    __rt_heap_escrow$2region                 0x08000291   Thumb Code     2  heapauxi.o(.text)
    __rt_heap_expand$2region                 0x08000293   Thumb Code     2  heapauxi.o(.text)
    __I$use$semihosting                      0x08000295   Thumb Code     0  use_no_semi.o(.text)
    __use_no_semihosting_swi                 0x08000295   Thumb Code     2  use_no_semi.o(.text)
    __user_setup_stackheap                   0x08000297   Thumb Code    74  sys_stackheap_outer.o(.text)
    exit                                     0x080002e1   Thumb Code    18  exit.o(.text)
    __user_libspace                          0x080002f5   Thumb Code     8  libspace.o(.text)
    __user_perproc_libspace                  0x080002f5   Thumb Code     0  libspace.o(.text)
    __user_perthread_libspace                0x080002f5   Thumb Code     0  libspace.o(.text)
    BusFault_Handler                         0x080002fd   Thumb Code     4  stm32f4xx_it.o(i.BusFault_Handler)
    DebugMon_Handler                         0x08000301   Thumb Code     2  stm32f4xx_it.o(i.DebugMon_Handler)
    HAL_GPIO_Init                            0x08000305   Thumb Code   486  stm32f4xx_hal_gpio.o(i.HAL_GPIO_Init)
    HAL_GPIO_ReadPin                         0x08000521   Thumb Code    16  stm32f4xx_hal_gpio.o(i.HAL_GPIO_ReadPin)
    HAL_GPIO_WritePin                        0x08000531   Thumb Code    12  stm32f4xx_hal_gpio.o(i.HAL_GPIO_WritePin)
    HAL_GetTick                              0x0800053d   Thumb Code     6  stm32f4xx_hal.o(i.HAL_GetTick)
    HAL_IncTick                              0x08000549   Thumb Code    12  stm32f4xx_hal.o(i.HAL_IncTick)
    HAL_Init                                 0x08000559   Thumb Code    54  stm32f4xx_hal.o(i.HAL_Init)
    HAL_InitTick                             0x08000595   Thumb Code    36  stm32f4xx_hal.o(i.HAL_InitTick)
    HAL_MspInit                              0x080005b9   Thumb Code     2  stm32f4xx_hal_msp.o(i.HAL_MspInit)
    HAL_NVIC_SetPriority                     0x080005bb   Thumb Code   124  stm32f4xx_hal_cortex.o(i.HAL_NVIC_SetPriority)
    HAL_NVIC_SetPriorityGrouping             0x08000639   Thumb Code    32  stm32f4xx_hal_cortex.o(i.HAL_NVIC_SetPriorityGrouping)
    HAL_PWREx_EnableOverDrive                0x08000661   Thumb Code   152  stm32f4xx_hal_pwr_ex.o(i.HAL_PWREx_EnableOverDrive)
    HAL_RCC_ClockConfig                      0x08000705   Thumb Code   412  stm32f4xx_hal_rcc.o(i.HAL_RCC_ClockConfig)
    HAL_RCC_GetHCLKFreq                      0x080008a9   Thumb Code    42  stm32f4xx_hal_rcc.o(i.HAL_RCC_GetHCLKFreq)
    HAL_RCC_GetSysClockFreq                  0x080008e1   Thumb Code   168  stm32f4xx_hal_rcc.o(i.HAL_RCC_GetSysClockFreq)
    HAL_RCC_OscConfig                        0x08000995   Thumb Code   906  stm32f4xx_hal_rcc.o(i.HAL_RCC_OscConfig)
    HAL_SYSTICK_CLKSourceConfig              0x08000d31   Thumb Code    40  stm32f4xx_hal_cortex.o(i.HAL_SYSTICK_CLKSourceConfig)
    HAL_SYSTICK_Config                       0x08000d59   Thumb Code    52  stm32f4xx_hal_cortex.o(i.HAL_SYSTICK_Config)
    HAL_UART_ErrorCallback                   0x08000d8d   Thumb Code     2  stm32f4xx_hal_uart.o(i.HAL_UART_ErrorCallback)
    HAL_UART_GetState                        0x08000d8f   Thumb Code    20  stm32f4xx_hal_uart.o(i.HAL_UART_GetState)
    HAL_UART_IRQHandler                      0x08000da3   Thumb Code   308  stm32f4xx_hal_uart.o(i.HAL_UART_IRQHandler)
    HAL_UART_Receive_IT                      0x08000ed7   Thumb Code   112  stm32f4xx_hal_uart.o(i.HAL_UART_Receive_IT)
    HAL_UART_RxCpltCallback                  0x08000f49   Thumb Code   120  usart.o(i.HAL_UART_RxCpltCallback)
    HAL_UART_TxCpltCallback                  0x08000fd1   Thumb Code     2  stm32f4xx_hal_uart.o(i.HAL_UART_TxCpltCallback)
    HardFault_Handler                        0x08000fd3   Thumb Code     4  stm32f4xx_it.o(i.HardFault_Handler)
    KEY_init                                 0x08000fd9   Thumb Code   154  key.o(i.KEY_init)
    LED_init                                 0x08001085   Thumb Code    72  led.o(i.LED_init)
    MemManage_Handler                        0x080010d5   Thumb Code     4  stm32f4xx_it.o(i.MemManage_Handler)
    NMI_Handler                              0x080010d9   Thumb Code     2  stm32f4xx_it.o(i.NMI_Handler)
    PendSV_Handler                           0x08001115   Thumb Code     2  stm32f4xx_it.o(i.PendSV_Handler)
    SVC_Handler                              0x08001117   Thumb Code     2  stm32f4xx_it.o(i.SVC_Handler)
    Stm32_Clock_Init                         0x08001119   Thumb Code   176  sys.o(i.Stm32_Clock_Init)
    SysTick_Handler                          0x080011d1   Thumb Code     8  stm32f4xx_it.o(i.SysTick_Handler)
    SystemInit                               0x080011d9   Thumb Code    82  system_stm32f4xx.o(i.SystemInit)
    USART1_IRQHandler                        0x0800136d   Thumb Code    66  usart.o(i.USART1_IRQHandler)
    UsageFault_Handler                       0x080013bd   Thumb Code     4  stm32f4xx_it.o(i.UsageFault_Handler)
    _sys_exit                                0x080013c1   Thumb Code     4  usart.o(i._sys_exit)
    delay_init                               0x080013c5   Thumb Code    16  delay.o(i.delay_init)
    delay_ms                                 0x080013d9   Thumb Code    24  delay.o(i.delay_ms)
    delay_us                                 0x080013f1   Thumb Code    68  delay.o(i.delay_us)
    main                                     0x08001439   Thumb Code   164  main.o(i.main)
    scanKey                                  0x080014e5   Thumb Code   128  key.o(i.scanKey)
    _fp_init                                 0x08001571   Thumb Code    10  fpinit.o(x$fpl$fpinit)
    __fplib_config_fpu_vfp                   0x08001579   Thumb Code     0  fpinit.o(x$fpl$fpinit)
    __fplib_config_pureend_doubles           0x08001579   Thumb Code     0  fpinit.o(x$fpl$fpinit)
    APBAHBPrescTable                         0x0800157a   Data          16  stm32f4xx_hal_rcc.o(.constdata)
    Region$$Table$$Base                      0x0800158c   Number         0  anon$$obj.o(Region$$Table)
    Region$$Table$$Limit                     0x080015ac   Number         0  anon$$obj.o(Region$$Table)
    SystemCoreClock                          0x20000000   Data           4  system_stm32f4xx.o(.data)
    AHBPrescTable                            0x20000004   Data          16  system_stm32f4xx.o(.data)
    __stdout                                 0x20000018   Data           4  usart.o(.data)
    USART_RX_STA                             0x2000001c   Data           2  usart.o(.data)
    aRxBuffer                                0x2000001e   Data           1  usart.o(.data)
    uwTick                                   0x20000020   Data           4  stm32f4xx_hal.o(.data)
    USART_RX_BUF                             0x20000024   Data         200  usart.o(.bss)
    UART1_Handler                            0x200000ec   Data          64  usart.o(.bss)
    __libspace_start                         0x2000012c   Data          96  libspace.o(.bss)
    __temporary_stack_top$libspace           0x2000018c   Data           0  libspace.o(.bss)



==============================================================================

Memory Map of the image

  Image Entry point : 0x080001ad

  Load Region LR_IROM1 (Base: 0x08000000, Size: 0x000015d0, Max: 0x00100000, ABSOLUTE)

    Execution Region ER_IROM1 (Base: 0x08000000, Size: 0x000015ac, Max: 0x00100000, ABSOLUTE)

    Base Addr    Size         Type   Attr      Idx    E Section Name        Object

    0x08000000   0x000001ac   Data   RO          640    RESET               startup_stm32f429xx.o
    0x080001ac   0x00000008   Code   RO         8830  * !!!main             c_w.l(__main.o)
    0x080001b4   0x00000034   Code   RO         8995    !!!scatter          c_w.l(__scatter.o)
    0x080001e8   0x0000001a   Code   RO         8997    !!handler_copy      c_w.l(__scatter_copy.o)
    0x08000202   0x00000002   PAD
    0x08000204   0x0000001c   Code   RO         8999    !!handler_zi        c_w.l(__scatter_zi.o)
    0x08000220   0x00000002   Code   RO         8869    .ARM.Collect$$libinit$$00000000  c_w.l(libinit.o)
    0x08000222   0x00000004   Code   RO         8881    .ARM.Collect$$libinit$$00000001  c_w.l(libinit2.o)
    0x08000226   0x00000000   Code   RO         8884    .ARM.Collect$$libinit$$00000004  c_w.l(libinit2.o)
    0x08000226   0x00000000   Code   RO         8887    .ARM.Collect$$libinit$$0000000A  c_w.l(libinit2.o)
    0x08000226   0x00000000   Code   RO         8889    .ARM.Collect$$libinit$$0000000C  c_w.l(libinit2.o)
    0x08000226   0x00000000   Code   RO         8891    .ARM.Collect$$libinit$$0000000E  c_w.l(libinit2.o)
    0x08000226   0x00000000   Code   RO         8894    .ARM.Collect$$libinit$$00000011  c_w.l(libinit2.o)
    0x08000226   0x00000000   Code   RO         8896    .ARM.Collect$$libinit$$00000013  c_w.l(libinit2.o)
    0x08000226   0x00000000   Code   RO         8898    .ARM.Collect$$libinit$$00000015  c_w.l(libinit2.o)
    0x08000226   0x00000000   Code   RO         8900    .ARM.Collect$$libinit$$00000017  c_w.l(libinit2.o)
    0x08000226   0x00000000   Code   RO         8902    .ARM.Collect$$libinit$$00000019  c_w.l(libinit2.o)
    0x08000226   0x00000000   Code   RO         8904    .ARM.Collect$$libinit$$0000001B  c_w.l(libinit2.o)
    0x08000226   0x00000000   Code   RO         8906    .ARM.Collect$$libinit$$0000001D  c_w.l(libinit2.o)
    0x08000226   0x00000000   Code   RO         8908    .ARM.Collect$$libinit$$0000001F  c_w.l(libinit2.o)
    0x08000226   0x00000000   Code   RO         8910    .ARM.Collect$$libinit$$00000021  c_w.l(libinit2.o)
    0x08000226   0x00000000   Code   RO         8912    .ARM.Collect$$libinit$$00000023  c_w.l(libinit2.o)
    0x08000226   0x00000000   Code   RO         8914    .ARM.Collect$$libinit$$00000025  c_w.l(libinit2.o)
    0x08000226   0x00000000   Code   RO         8918    .ARM.Collect$$libinit$$0000002C  c_w.l(libinit2.o)
    0x08000226   0x00000000   Code   RO         8920    .ARM.Collect$$libinit$$0000002E  c_w.l(libinit2.o)
    0x08000226   0x00000000   Code   RO         8922    .ARM.Collect$$libinit$$00000030  c_w.l(libinit2.o)
    0x08000226   0x00000000   Code   RO         8924    .ARM.Collect$$libinit$$00000032  c_w.l(libinit2.o)
    0x08000226   0x00000002   Code   RO         8925    .ARM.Collect$$libinit$$00000033  c_w.l(libinit2.o)
    0x08000228   0x00000002   Code   RO         8951    .ARM.Collect$$libshutdown$$00000000  c_w.l(libshutdown.o)
    0x0800022a   0x00000000   Code   RO         8978    .ARM.Collect$$libshutdown$$00000002  c_w.l(libshutdown2.o)
    0x0800022a   0x00000000   Code   RO         8980    .ARM.Collect$$libshutdown$$00000004  c_w.l(libshutdown2.o)
    0x0800022a   0x00000000   Code   RO         8983    .ARM.Collect$$libshutdown$$00000007  c_w.l(libshutdown2.o)
    0x0800022a   0x00000000   Code   RO         8986    .ARM.Collect$$libshutdown$$0000000A  c_w.l(libshutdown2.o)
    0x0800022a   0x00000000   Code   RO         8988    .ARM.Collect$$libshutdown$$0000000C  c_w.l(libshutdown2.o)
    0x0800022a   0x00000000   Code   RO         8991    .ARM.Collect$$libshutdown$$0000000F  c_w.l(libshutdown2.o)
    0x0800022a   0x00000002   Code   RO         8992    .ARM.Collect$$libshutdown$$00000010  c_w.l(libshutdown2.o)
    0x0800022c   0x00000000   Code   RO         8834    .ARM.Collect$$rtentry$$00000000  c_w.l(__rtentry.o)
    0x0800022c   0x00000000   Code   RO         8840    .ARM.Collect$$rtentry$$00000002  c_w.l(__rtentry2.o)
    0x0800022c   0x00000006   Code   RO         8852    .ARM.Collect$$rtentry$$00000004  c_w.l(__rtentry4.o)
    0x08000232   0x00000000   Code   RO         8842    .ARM.Collect$$rtentry$$00000009  c_w.l(__rtentry2.o)
    0x08000232   0x00000004   Code   RO         8843    .ARM.Collect$$rtentry$$0000000A  c_w.l(__rtentry2.o)
    0x08000236   0x00000000   Code   RO         8845    .ARM.Collect$$rtentry$$0000000C  c_w.l(__rtentry2.o)
    0x08000236   0x00000008   Code   RO         8846    .ARM.Collect$$rtentry$$0000000D  c_w.l(__rtentry2.o)
    0x0800023e   0x00000002   Code   RO         8873    .ARM.Collect$$rtexit$$00000000  c_w.l(rtexit.o)
    0x08000240   0x00000000   Code   RO         8927    .ARM.Collect$$rtexit$$00000002  c_w.l(rtexit2.o)
    0x08000240   0x00000004   Code   RO         8928    .ARM.Collect$$rtexit$$00000003  c_w.l(rtexit2.o)
    0x08000244   0x00000006   Code   RO         8929    .ARM.Collect$$rtexit$$00000004  c_w.l(rtexit2.o)
    0x0800024a   0x00000002   PAD
    0x0800024c   0x00000040   Code   RO          641    .text               startup_stm32f429xx.o
    0x0800028c   0x00000002   Code   RO         8820    .text               c_w.l(use_no_semi_2.o)
    0x0800028e   0x00000006   Code   RO         8828    .text               c_w.l(heapauxi.o)
    0x08000294   0x00000002   Code   RO         8832    .text               c_w.l(use_no_semi.o)
    0x08000296   0x0000004a   Code   RO         8856    .text               c_w.l(sys_stackheap_outer.o)
    0x080002e0   0x00000012   Code   RO         8858    .text               c_w.l(exit.o)
    0x080002f2   0x00000002   PAD
    0x080002f4   0x00000008   Code   RO         8870    .text               c_w.l(libspace.o)
    0x080002fc   0x00000004   Code   RO          290    i.BusFault_Handler  stm32f4xx_it.o
    0x08000300   0x00000002   Code   RO          291    i.DebugMon_Handler  stm32f4xx_it.o
    0x08000302   0x00000002   PAD
    0x08000304   0x0000021c   Code   RO         2630    i.HAL_GPIO_Init     stm32f4xx_hal_gpio.o
    0x08000520   0x00000010   Code   RO         2632    i.HAL_GPIO_ReadPin  stm32f4xx_hal_gpio.o
    0x08000530   0x0000000c   Code   RO         2634    i.HAL_GPIO_WritePin  stm32f4xx_hal_gpio.o
    0x0800053c   0x0000000c   Code   RO          663    i.HAL_GetTick       stm32f4xx_hal.o
    0x08000548   0x00000010   Code   RO          664    i.HAL_IncTick       stm32f4xx_hal.o
    0x08000558   0x0000003c   Code   RO          665    i.HAL_Init          stm32f4xx_hal.o
    0x08000594   0x00000024   Code   RO          666    i.HAL_InitTick      stm32f4xx_hal.o
    0x080005b8   0x00000002   Code   RO          261    i.HAL_MspInit       stm32f4xx_hal_msp.o
    0x080005ba   0x0000007c   Code   RO         1239    i.HAL_NVIC_SetPriority  stm32f4xx_hal_cortex.o
    0x08000636   0x00000002   PAD
    0x08000638   0x00000028   Code   RO         1240    i.HAL_NVIC_SetPriorityGrouping  stm32f4xx_hal_cortex.o
    0x08000660   0x000000a4   Code   RO         4784    i.HAL_PWREx_EnableOverDrive  stm32f4xx_hal_pwr_ex.o
    0x08000704   0x000001a4   Code   RO         4869    i.HAL_RCC_ClockConfig  stm32f4xx_hal_rcc.o
    0x080008a8   0x00000038   Code   RO         4874    i.HAL_RCC_GetHCLKFreq  stm32f4xx_hal_rcc.o
    0x080008e0   0x000000b4   Code   RO         4878    i.HAL_RCC_GetSysClockFreq  stm32f4xx_hal_rcc.o
    0x08000994   0x0000039c   Code   RO         4881    i.HAL_RCC_OscConfig  stm32f4xx_hal_rcc.o
    0x08000d30   0x00000028   Code   RO         1242    i.HAL_SYSTICK_CLKSourceConfig  stm32f4xx_hal_cortex.o
    0x08000d58   0x00000034   Code   RO         1244    i.HAL_SYSTICK_Config  stm32f4xx_hal_cortex.o
    0x08000d8c   0x00000002   Code   RO         7648    i.HAL_UART_ErrorCallback  stm32f4xx_hal_uart.o
    0x08000d8e   0x00000014   Code   RO         7650    i.HAL_UART_GetState  stm32f4xx_hal_uart.o
    0x08000da2   0x00000134   Code   RO         7651    i.HAL_UART_IRQHandler  stm32f4xx_hal_uart.o
    0x08000ed6   0x00000070   Code   RO         7657    i.HAL_UART_Receive_IT  stm32f4xx_hal_uart.o
    0x08000f46   0x00000002   PAD
    0x08000f48   0x00000088   Code   RO          577    i.HAL_UART_RxCpltCallback  usart.o
    0x08000fd0   0x00000002   Code   RO         7663    i.HAL_UART_TxCpltCallback  stm32f4xx_hal_uart.o
    0x08000fd2   0x00000004   Code   RO          292    i.HardFault_Handler  stm32f4xx_it.o
    0x08000fd6   0x00000002   PAD
    0x08000fd8   0x000000ac   Code   RO         8761    i.KEY_init          key.o
    0x08001084   0x00000050   Code   RO         8794    i.LED_init          led.o
    0x080010d4   0x00000004   Code   RO          293    i.MemManage_Handler  stm32f4xx_it.o
    0x080010d8   0x00000002   Code   RO          294    i.NMI_Handler       stm32f4xx_it.o
    0x080010da   0x00000002   PAD
    0x080010dc   0x00000010   Code   RO         1246    i.NVIC_GetPriorityGrouping  stm32f4xx_hal_cortex.o
    0x080010ec   0x00000028   Code   RO         1247    i.NVIC_SetPriority  stm32f4xx_hal_cortex.o
    0x08001114   0x00000002   Code   RO          295    i.PendSV_Handler    stm32f4xx_it.o
    0x08001116   0x00000002   Code   RO          296    i.SVC_Handler       stm32f4xx_it.o
    0x08001118   0x000000b8   Code   RO          546    i.Stm32_Clock_Init  sys.o
    0x080011d0   0x00000008   Code   RO          297    i.SysTick_Handler   stm32f4xx_it.o
    0x080011d8   0x00000064   Code   RO          369    i.SystemInit        system_stm32f4xx.o
    0x0800123c   0x00000020   Code   RO         7670    i.UART_EndTransmit_IT  stm32f4xx_hal_uart.o
    0x0800125c   0x000000a6   Code   RO         7671    i.UART_Receive_IT   stm32f4xx_hal_uart.o
    0x08001302   0x00000068   Code   RO         7673    i.UART_Transmit_IT  stm32f4xx_hal_uart.o
    0x0800136a   0x00000002   PAD
    0x0800136c   0x00000050   Code   RO          578    i.USART1_IRQHandler  usart.o
    0x080013bc   0x00000004   Code   RO          298    i.UsageFault_Handler  stm32f4xx_it.o
    0x080013c0   0x00000004   Code   RO          579    i._sys_exit         usart.o
    0x080013c4   0x00000014   Code   RO          504    i.delay_init        delay.o
    0x080013d8   0x00000018   Code   RO          505    i.delay_ms          delay.o
    0x080013f0   0x00000048   Code   RO          506    i.delay_us          delay.o
    0x08001438   0x000000ac   Code   RO            4    i.main              main.o
    0x080014e4   0x0000008c   Code   RO         8762    i.scanKey           key.o
    0x08001570   0x0000000a   Code   RO         8939    x$fpl$fpinit        fz_wm.l(fpinit.o)
    0x0800157a   0x00000010   Data   RO         4882    .constdata          stm32f4xx_hal_rcc.o
    0x0800158a   0x00000002   PAD
    0x0800158c   0x00000020   Data   RO         8993    Region$$Table       anon$$obj.o


    Execution Region RW_IRAM1 (Base: 0x20000000, Size: 0x00000790, Max: 0x00030000, ABSOLUTE)

    Base Addr    Size         Type   Attr      Idx    E Section Name        Object

    0x20000000   0x00000014   Data   RW          370    .data               system_stm32f4xx.o
    0x20000014   0x00000004   Data   RW          507    .data               delay.o
    0x20000018   0x00000007   Data   RW          583    .data               usart.o
    0x2000001f   0x00000001   PAD
    0x20000020   0x00000004   Data   RW          671    .data               stm32f4xx_hal.o
    0x20000024   0x00000108   Zero   RW          582    .bss                usart.o
    0x2000012c   0x00000060   Zero   RW         8871    .bss                c_w.l(libspace.o)
    0x2000018c   0x00000004   PAD
    0x20000190   0x00000200   Zero   RW          639    HEAP                startup_stm32f429xx.o
    0x20000390   0x00000400   Zero   RW          638    STACK               startup_stm32f429xx.o


==============================================================================

Image component sizes


      Code (inc. data)   RO Data    RW Data    ZI Data      Debug   Object Name

       116          8          0          4          0       1855   delay.o
       312         30          0          0          0       1773   key.o
        80          8          0          0          0        807   led.o
       172          8          0          0          0     382575   main.o
        64         26        428          0       1536        812   startup_stm32f429xx.o
       124         16          0          4          0       3243   stm32f4xx_hal.o
       312         22          0          0          0      30376   stm32f4xx_hal_cortex.o
       568         54          0          0          0       2823   stm32f4xx_hal_gpio.o
         2          0          0          0          0        438   stm32f4xx_hal_msp.o
       164         12          0          0          0       1132   stm32f4xx_hal_pwr_ex.o
      1580         52         16          0          0       4173   stm32f4xx_hal_rcc.o
       746          0          0          0          0       5423   stm32f4xx_hal_uart.o
        32          0          0          0          0       3974   stm32f4xx_it.o
       184          8          0          0          0       3583   sys.o
       100         18          0         20          0       1013   system_stm32f4xx.o
       220         30          0          7        264       3498   usart.o

    ----------------------------------------------------------------------
      4788        292        478         36       1800     447498   Object Totals
         0          0         32          0          0          0   (incl. Generated)
        12          0          2          1          0          0   (incl. Padding)

    ----------------------------------------------------------------------

      Code (inc. data)   RO Data    RW Data    ZI Data      Debug   Library Member Name

         8          0          0          0          0         68   __main.o
         0          0          0          0          0          0   __rtentry.o
        12          0          0          0          0          0   __rtentry2.o
         6          0          0          0          0          0   __rtentry4.o
        52          8          0          0          0          0   __scatter.o
        26          0          0          0          0          0   __scatter_copy.o
        28          0          0          0          0          0   __scatter_zi.o
        18          0          0          0          0         80   exit.o
         6          0          0          0          0        152   heapauxi.o
         2          0          0          0          0          0   libinit.o
         6          0          0          0          0          0   libinit2.o
         2          0          0          0          0          0   libshutdown.o
         2          0          0          0          0          0   libshutdown2.o
         8          4          0          0         96         68   libspace.o
         2          0          0          0          0          0   rtexit.o
        10          0          0          0          0          0   rtexit2.o
        74          0          0          0          0         80   sys_stackheap_outer.o
         2          0          0          0          0         68   use_no_semi.o
         2          0          0          0          0         68   use_no_semi_2.o
        10          0          0          0          0        116   fpinit.o

    ----------------------------------------------------------------------
       282         12          0          0        100        700   Library Totals
         6          0          0          0          4          0   (incl. Padding)

    ----------------------------------------------------------------------

      Code (inc. data)   RO Data    RW Data    ZI Data      Debug   Library Name

       266         12          0          0         96        584   c_w.l
        10          0          0          0          0        116   fz_wm.l

    ----------------------------------------------------------------------
       282         12          0          0        100        700   Library Totals

    ----------------------------------------------------------------------

==============================================================================


      Code (inc. data)   RO Data    RW Data    ZI Data      Debug   

      5070        304        478         36       1900     443842   Grand Totals
      5070        304        478         36       1900     443842   ELF Image Totals
      5070        304        478         36          0          0   ROM Totals

==============================================================================

    Total RO  Size (Code + RO Data)                 5548 (   5.42kB)
    Total RW  Size (RW Data + ZI Data)              1936 (   1.89kB)
    Total ROM Size (Code + RO Data + RW Data)       5584 (   5.45kB)

==============================================================================

