Component: ARM Compiler 5.06 update 3 (build 300) Tool: armlink [4d35c9]

==============================================================================

Section Cross References

    stm32f4xx_hal_msp.o(i.HAL_MspInit) refers to stm32f4xx_hal_cortex.o(i.HAL_NVIC_SetPriorityGrouping) for HAL_NVIC_SetPriorityGrouping
    stm32f4xx_it.o(i.SysTick_Handler) refers to stm32f4xx_hal.o(i.HAL_IncTick) for HAL_IncTick
    main.o(i.main) refers to stm32f4xx_hal.o(i.HAL_Init) for HAL_Init
    main.o(i.main) refers to sys.o(i.SystemClock_Config) for SystemClock_Config
    main.o(i.main) refers to led.o(i.LedInit) for LedInit
    main.o(i.main) refers to gpio.o(i.GpioInit) for GpioInit
    main.o(i.main) refers to fmc.o(i.SramInit) for SramInit
    main.o(i.main) refers to lcd.o(i.LcdInit) for LcdInit
    main.o(i.main) refers to lcd.o(i.LcdShowChinese) for LcdShowChinese
    main.o(i.main) refers to lcd.o(i.LcdShowNumber) for LcdShowNumber
    main.o(i.main) refers to lcd.o(i.LcdShowString) for LcdShowString
    main.o(i.main) refers to delay.o(i.delay_ms) for delay_ms
    main.o(i.main) refers to sys.o(.ARM.__AT_0x40020414) for PBout
    delay.o(i.delay_ms) refers to delay.o(i.delay_us) for delay_us
    delay.o(i.delay_us) refers to stm32f4xx_hal_rcc.o(i.HAL_RCC_GetSysClockFreq) for HAL_RCC_GetSysClockFreq
    sys.o(i.SystemClock_Config) refers to stm32f4xx_hal_rcc.o(i.HAL_RCC_OscConfig) for HAL_RCC_OscConfig
    sys.o(i.SystemClock_Config) refers to stm32f4xx_hal_pwr_ex.o(i.HAL_PWREx_EnableOverDrive) for HAL_PWREx_EnableOverDrive
    sys.o(i.SystemClock_Config) refers to stm32f4xx_hal_rcc.o(i.HAL_RCC_ClockConfig) for HAL_RCC_ClockConfig
    sys.o(i.SystemClock_Config) refers to stm32f4xx_hal_rcc.o(i.HAL_RCC_GetHCLKFreq) for HAL_RCC_GetHCLKFreq
    sys.o(i.SystemClock_Config) refers to stm32f4xx_hal_cortex.o(i.HAL_SYSTICK_Config) for HAL_SYSTICK_Config
    sys.o(i.SystemClock_Config) refers to stm32f4xx_hal_cortex.o(i.HAL_SYSTICK_CLKSourceConfig) for HAL_SYSTICK_CLKSourceConfig
    sys.o(i.SystemClock_Config) refers to stm32f4xx_hal_cortex.o(i.HAL_NVIC_SetPriority) for HAL_NVIC_SetPriority
    usart.o(i.HAL_UART_MspInit) refers to stm32f4xx_hal_gpio.o(i.HAL_GPIO_Init) for HAL_GPIO_Init
    usart.o(i.HAL_UART_MspInit) refers to queue.o(i.InitQueue) for InitQueue
    usart.o(i.HAL_UART_MspInit) refers to stm32f4xx_hal_cortex.o(i.HAL_NVIC_EnableIRQ) for HAL_NVIC_EnableIRQ
    usart.o(i.HAL_UART_MspInit) refers to stm32f4xx_hal_cortex.o(i.HAL_NVIC_SetPriority) for HAL_NVIC_SetPriority
    usart.o(i.HAL_UART_MspInit) refers to usart.o(.bss) for .bss
    usart.o(i.USART1_IRQHandler) refers to queue.o(i.InQueue) for InQueue
    usart.o(i.USART1_IRQHandler) refers to usart.o(.bss) for .bss
    usart.o(i.UartInit) refers to stm32f4xx_hal_uart.o(i.HAL_UART_Init) for HAL_UART_Init
    led.o(i.LedInit) refers to stm32f4xx_hal_gpio.o(i.HAL_GPIO_Init) for HAL_GPIO_Init
    led.o(i.LedInit) refers to stm32f4xx_hal_gpio.o(i.HAL_GPIO_WritePin) for HAL_GPIO_WritePin
    fmc.o(i.HAL_SRAM_MspInit) refers to stm32f4xx_hal_gpio.o(i.HAL_GPIO_Init) for HAL_GPIO_Init
    fmc.o(i.SramInit) refers to memseta.o(.text) for __aeabi_memclr4
    fmc.o(i.SramInit) refers to stm32f4xx_hal_sram.o(i.HAL_SRAM_Init) for HAL_SRAM_Init
    lcd.o(i.LcdAddSpace) refers to lcd.o(.data) for .data
    lcd.o(i.LcdClear) refers to lcd.o(i.SetRegion) for SetRegion
    lcd.o(i.LcdGetFocus) refers to lcd.o(.data) for .data
    lcd.o(i.LcdInit) refers to delay.o(i.delay_ms) for delay_ms
    lcd.o(i.LcdInit) refers to lcd.o(i.LcdClear) for LcdClear
    lcd.o(i.LcdSetColor) refers to lcd.o(.data) for .data
    lcd.o(i.LcdSetFocus) refers to lcd.o(.data) for .data
    lcd.o(i.LcdSetFontSize) refers to lcd.o(.data) for .data
    lcd.o(i.LcdShowChinese) refers to lcd.o(i.ShowWord) for ShowWord
    lcd.o(i.LcdShowChinese) refers to lcd.o(i.LcdAddSpace) for LcdAddSpace
    lcd.o(i.LcdShowChinese) refers to lcd.o(.data) for .data
    lcd.o(i.LcdShowChinese) refers to lcd.o(.constdata) for .constdata
    lcd.o(i.LcdShowNumber) refers to lcd.o(i.ShowWord) for ShowWord
    lcd.o(i.LcdShowNumber) refers to lcd.o(.constdata) for .constdata
    lcd.o(i.LcdShowString) refers to lcd.o(i.ShowWord) for ShowWord
    lcd.o(i.LcdShowString) refers to lcd.o(i.LcdAddSpace) for LcdAddSpace
    lcd.o(i.LcdShowString) refers to lcd.o(.data) for .data
    lcd.o(i.LcdShowString) refers to lcd.o(.constdata) for .constdata
    lcd.o(i.LcdgetFontSize) refers to lcd.o(.data) for .data
    lcd.o(i.ShowWord) refers to lcd.o(i.SetRegion) for SetRegion
    lcd.o(i.ShowWord) refers to lcd.o(i.LcdAddSpace) for LcdAddSpace
    lcd.o(i.ShowWord) refers to lcd.o(.data) for .data
    gpio.o(i.GpioInit) refers to stm32f4xx_hal_gpio.o(i.HAL_GPIO_Init) for HAL_GPIO_Init
    gpio.o(i.GpioInit) refers to stm32f4xx_hal_gpio.o(i.HAL_GPIO_WritePin) for HAL_GPIO_WritePin
    stm32f4xx_hal.o(i.HAL_DeInit) refers to stm32f4xx_hal_msp.o(i.HAL_MspDeInit) for HAL_MspDeInit
[...]
    Removing stm32f4xx_hal_tim.o(i.HAL_TIM_OnePulse_MspInit), (2 bytes).
    Removing stm32f4xx_hal_tim.o(i.HAL_TIM_OnePulse_Start), (60 bytes).
    Removing stm32f4xx_hal_tim.o(i.HAL_TIM_OnePulse_Start_IT), (80 bytes).
    Removing stm32f4xx_hal_tim.o(i.HAL_TIM_OnePulse_Stop), (100 bytes).
    Removing stm32f4xx_hal_tim.o(i.HAL_TIM_OnePulse_Stop_IT), (120 bytes).
    Removing stm32f4xx_hal_tim.o(i.HAL_TIM_PWM_ConfigChannel), (208 bytes).
    Removing stm32f4xx_hal_tim.o(i.HAL_TIM_PWM_DeInit), (56 bytes).
    Removing stm32f4xx_hal_tim.o(i.HAL_TIM_PWM_GetState), (6 bytes).
    Removing stm32f4xx_hal_tim.o(i.HAL_TIM_PWM_Init), (54 bytes).
    Removing stm32f4xx_hal_tim.o(i.HAL_TIM_PWM_MspDeInit), (2 bytes).
    Removing stm32f4xx_hal_tim.o(i.HAL_TIM_PWM_MspInit), (2 bytes).
    Removing stm32f4xx_hal_tim.o(i.HAL_TIM_PWM_PulseFinishedCallback), (2 bytes).
    Removing stm32f4xx_hal_tim.o(i.HAL_TIM_PWM_PulseFinishedHalfCpltCallback), (2 bytes).
    Removing stm32f4xx_hal_tim.o(i.HAL_TIM_PWM_Start), (68 bytes).
    Removing stm32f4xx_hal_tim.o(i.HAL_TIM_PWM_Start_DMA), (288 bytes).
    Removing stm32f4xx_hal_tim.o(i.HAL_TIM_PWM_Start_IT), (116 bytes).
    Removing stm32f4xx_hal_tim.o(i.HAL_TIM_PWM_Stop), (92 bytes).
    Removing stm32f4xx_hal_tim.o(i.HAL_TIM_PWM_Stop_DMA), (164 bytes).
    Removing stm32f4xx_hal_tim.o(i.HAL_TIM_PWM_Stop_IT), (136 bytes).
    Removing stm32f4xx_hal_tim.o(i.HAL_TIM_PeriodElapsedCallback), (2 bytes).
    Removing stm32f4xx_hal_tim.o(i.HAL_TIM_PeriodElapsedHalfCpltCallback), (2 bytes).
    Removing stm32f4xx_hal_tim.o(i.HAL_TIM_ReadCapturedValue), (42 bytes).
    Removing stm32f4xx_hal_tim.o(i.HAL_TIM_SlaveConfigSynchro), (82 bytes).
    Removing stm32f4xx_hal_tim.o(i.HAL_TIM_SlaveConfigSynchro_IT), (82 bytes).
    Removing stm32f4xx_hal_tim.o(i.HAL_TIM_TriggerCallback), (2 bytes).
    Removing stm32f4xx_hal_tim.o(i.HAL_TIM_TriggerHalfCpltCallback), (2 bytes).
    Removing stm32f4xx_hal_tim.o(i.TIM_Base_SetConfig), (200 bytes).
    Removing stm32f4xx_hal_tim.o(i.TIM_CCxChannelCmd), (26 bytes).
    Removing stm32f4xx_hal_tim.o(i.TIM_DMACaptureCplt), (62 bytes).
    Removing stm32f4xx_hal_tim.o(i.TIM_DMACaptureHalfCplt), (62 bytes).
    Removing stm32f4xx_hal_tim.o(i.TIM_DMADelayPulseCplt), (62 bytes).
    Removing stm32f4xx_hal_tim.o(i.TIM_DMADelayPulseHalfCplt), (62 bytes).
    Removing stm32f4xx_hal_tim.o(i.TIM_DMAError), (16 bytes).
    Removing stm32f4xx_hal_tim.o(i.TIM_DMAPeriodElapsedCplt), (16 bytes).
    Removing stm32f4xx_hal_tim.o(i.TIM_DMAPeriodElapsedHalfCplt), (16 bytes).
    Removing stm32f4xx_hal_tim.o(i.TIM_DMATriggerCplt), (16 bytes).
    Removing stm32f4xx_hal_tim.o(i.TIM_DMATriggerHalfCplt), (16 bytes).
    Removing stm32f4xx_hal_tim.o(i.TIM_ETR_SetConfig), (20 bytes).
    Removing stm32f4xx_hal_tim.o(i.TIM_ITRx_SetConfig), (16 bytes).
    Removing stm32f4xx_hal_tim.o(i.TIM_OC1_SetConfig), (96 bytes).
    Removing stm32f4xx_hal_tim.o(i.TIM_OC2_SetConfig), (108 bytes).
    Removing stm32f4xx_hal_tim.o(i.TIM_OC3_SetConfig), (104 bytes).
    Removing stm32f4xx_hal_tim.o(i.TIM_OC4_SetConfig), (80 bytes).
    Removing stm32f4xx_hal_tim.o(i.TIM_SlaveTimer_SetConfig), (134 bytes).
    Removing stm32f4xx_hal_tim.o(i.TIM_TI1_ConfigInputStage), (34 bytes).
    Removing stm32f4xx_hal_tim.o(i.TIM_TI1_SetConfig), (128 bytes).
    Removing stm32f4xx_hal_tim.o(i.TIM_TI2_ConfigInputStage), (36 bytes).
    Removing stm32f4xx_hal_tim.o(i.TIM_TI2_SetConfig), (54 bytes).
    Removing stm32f4xx_hal_tim_ex.o(.rev16_text), (4 bytes).
    Removing stm32f4xx_hal_tim_ex.o(.revsh_text), (4 bytes).
    Removing stm32f4xx_hal_tim_ex.o(.rrx_text), (6 bytes).
    Removing stm32f4xx_hal_tim_ex.o(i.HAL_TIMEx_BreakCallback), (2 bytes).
    Removing stm32f4xx_hal_tim_ex.o(i.HAL_TIMEx_CommutCallback), (2 bytes).
    Removing stm32f4xx_hal_tim_ex.o(i.HAL_TIMEx_CommutHalfCpltCallback), (2 bytes).
    Removing stm32f4xx_hal_tim_ex.o(i.HAL_TIMEx_ConfigBreakDeadTime), (84 bytes).
    Removing stm32f4xx_hal_tim_ex.o(i.HAL_TIMEx_ConfigCommutEvent), (112 bytes).
    Removing stm32f4xx_hal_tim_ex.o(i.HAL_TIMEx_ConfigCommutEvent_DMA), (144 bytes).
    Removing stm32f4xx_hal_tim_ex.o(i.HAL_TIMEx_ConfigCommutEvent_IT), (112 bytes).
    Removing stm32f4xx_hal_tim_ex.o(i.HAL_TIMEx_HallSensor_DeInit), (56 bytes).
    Removing stm32f4xx_hal_tim_ex.o(i.HAL_TIMEx_HallSensor_GetState), (6 bytes).
    Removing stm32f4xx_hal_tim_ex.o(i.HAL_TIMEx_HallSensor_Init), (188 bytes).
    Removing stm32f4xx_hal_tim_ex.o(i.HAL_TIMEx_HallSensor_MspDeInit), (2 bytes).
    Removing stm32f4xx_hal_tim_ex.o(i.HAL_TIMEx_HallSensor_MspInit), (2 bytes).
    Removing stm32f4xx_hal_tim_ex.o(i.HAL_TIMEx_HallSensor_Start), (38 bytes).
    Removing stm32f4xx_hal_tim_ex.o(i.HAL_TIMEx_HallSensor_Start_DMA), (128 bytes).
    Removing stm32f4xx_hal_tim_ex.o(i.HAL_TIMEx_HallSensor_Start_IT), (48 bytes).
    Removing stm32f4xx_hal_tim_ex.o(i.HAL_TIMEx_HallSensor_Stop), (46 bytes).
    Removing stm32f4xx_hal_tim_ex.o(i.HAL_TIMEx_HallSensor_Stop_DMA), (62 bytes).
    Removing stm32f4xx_hal_tim_ex.o(i.HAL_TIMEx_HallSensor_Stop_IT), (56 bytes).
    Removing stm32f4xx_hal_tim_ex.o(i.HAL_TIMEx_MasterConfigSynchronization), (144 bytes).
    Removing stm32f4xx_hal_tim_ex.o(i.HAL_TIMEx_OCN_Start), (46 bytes).
    Removing stm32f4xx_hal_tim_ex.o(i.HAL_TIMEx_OCN_Start_DMA), (228 bytes).
    Removing stm32f4xx_hal_tim_ex.o(i.HAL_TIMEx_OCN_Start_IT), (94 bytes).
    Removing stm32f4xx_hal_tim_ex.o(i.HAL_TIMEx_OCN_Stop), (68 bytes).
    Removing stm32f4xx_hal_tim_ex.o(i.HAL_TIMEx_OCN_Stop_DMA), (130 bytes).
    Removing stm32f4xx_hal_tim_ex.o(i.HAL_TIMEx_OCN_Stop_IT), (122 bytes).
    Removing stm32f4xx_hal_tim_ex.o(i.HAL_TIMEx_OnePulseN_Start), (26 bytes).
    Removing stm32f4xx_hal_tim_ex.o(i.HAL_TIMEx_OnePulseN_Start_IT), (46 bytes).
    Removing stm32f4xx_hal_tim_ex.o(i.HAL_TIMEx_OnePulseN_Stop), (68 bytes).
    Removing stm32f4xx_hal_tim_ex.o(i.HAL_TIMEx_OnePulseN_Stop_IT), (88 bytes).
    Removing stm32f4xx_hal_tim_ex.o(i.HAL_TIMEx_PWMN_Start), (46 bytes).
    Removing stm32f4xx_hal_tim_ex.o(i.HAL_TIMEx_PWMN_Start_DMA), (228 bytes).
    Removing stm32f4xx_hal_tim_ex.o(i.HAL_TIMEx_PWMN_Start_IT), (94 bytes).
    Removing stm32f4xx_hal_tim_ex.o(i.HAL_TIMEx_PWMN_Stop), (68 bytes).
    Removing stm32f4xx_hal_tim_ex.o(i.HAL_TIMEx_PWMN_Stop_DMA), (130 bytes).
    Removing stm32f4xx_hal_tim_ex.o(i.HAL_TIMEx_PWMN_Stop_IT), (122 bytes).
    Removing stm32f4xx_hal_tim_ex.o(i.HAL_TIMEx_RemapConfig), (28 bytes).
    Removing stm32f4xx_hal_tim_ex.o(i.TIMEx_DMACommutationCplt), (16 bytes).
    Removing stm32f4xx_hal_tim_ex.o(i.TIMEx_DMACommutationHalfCplt), (16 bytes).
    Removing stm32f4xx_hal_tim_ex.o(i.TIM_CCxNChannelCmd), (26 bytes).
    Removing stm32f4xx_hal_uart.o(.rev16_text), (4 bytes).
    Removing stm32f4xx_hal_uart.o(.revsh_text), (4 bytes).
    Removing stm32f4xx_hal_uart.o(.rrx_text), (6 bytes).
    Removing stm32f4xx_hal_uart.o(i.HAL_HalfDuplex_EnableReceiver), (50 bytes).
    Removing stm32f4xx_hal_uart.o(i.HAL_HalfDuplex_EnableTransmitter), (50 bytes).
    Removing stm32f4xx_hal_uart.o(i.HAL_HalfDuplex_Init), (108 bytes).
    Removing stm32f4xx_hal_uart.o(i.HAL_LIN_Init), (128 bytes).
    Removing stm32f4xx_hal_uart.o(i.HAL_LIN_SendBreak), (46 bytes).
    Removing stm32f4xx_hal_uart.o(i.HAL_MultiProcessor_EnterMuteMode), (46 bytes).
    Removing stm32f4xx_hal_uart.o(i.HAL_MultiProcessor_ExitMuteMode), (46 bytes).
    Removing stm32f4xx_hal_uart.o(i.HAL_MultiProcessor_Init), (142 bytes).
    Removing stm32f4xx_hal_uart.o(i.HAL_UART_Abort), (138 bytes).
    Removing stm32f4xx_hal_uart.o(i.HAL_UART_AbortCpltCallback), (2 bytes).
    Removing stm32f4xx_hal_uart.o(i.HAL_UART_AbortReceive), (88 bytes).
    Removing stm32f4xx_hal_uart.o(i.HAL_UART_AbortReceiveCpltCallback), (2 bytes).
    Removing stm32f4xx_hal_uart.o(i.HAL_UART_AbortReceive_IT), (92 bytes).
    Removing stm32f4xx_hal_uart.o(i.HAL_UART_AbortTransmit), (78 bytes).
    Removing stm32f4xx_hal_uart.o(i.HAL_UART_AbortTransmitCpltCallback), (2 bytes).
    Removing stm32f4xx_hal_uart.o(i.HAL_UART_AbortTransmit_IT), (84 bytes).
    Removing stm32f4xx_hal_uart.o(i.HAL_UART_Abort_IT), (172 bytes).
    Removing stm32f4xx_hal_uart.o(i.HAL_UART_DMAPause), (102 bytes).
    Removing stm32f4xx_hal_uart.o(i.HAL_UART_DMAResume), (94 bytes).
    Removing stm32f4xx_hal_uart.o(i.HAL_UART_DMAStop), (88 bytes).
    Removing stm32f4xx_hal_uart.o(i.HAL_UART_DeInit), (50 bytes).
    Removing stm32f4xx_hal_uart.o(i.HAL_UART_ErrorCallback), (2 bytes).
    Removing stm32f4xx_hal_uart.o(i.HAL_UART_GetError), (4 bytes).
    Removing stm32f4xx_hal_uart.o(i.HAL_UART_GetState), (10 bytes).
    Removing stm32f4xx_hal_uart.o(i.HAL_UART_IRQHandler), (276 bytes).
    Removing stm32f4xx_hal_uart.o(i.HAL_UART_Init), (98 bytes).
    Removing stm32f4xx_hal_uart.o(i.HAL_UART_MspDeInit), (2 bytes).
    Removing stm32f4xx_hal_uart.o(i.HAL_UART_MspInit), (2 bytes).
    Removing stm32f4xx_hal_uart.o(i.HAL_UART_Receive), (186 bytes).
    Removing stm32f4xx_hal_uart.o(i.HAL_UART_Receive_DMA), (152 bytes).
    Removing stm32f4xx_hal_uart.o(i.HAL_UART_Receive_IT), (82 bytes).
    Removing stm32f4xx_hal_uart.o(i.HAL_UART_RxCpltCallback), (2 bytes).
    Removing stm32f4xx_hal_uart.o(i.HAL_UART_RxHalfCpltCallback), (2 bytes).
    Removing stm32f4xx_hal_uart.o(i.HAL_UART_Transmit), (186 bytes).
    Removing stm32f4xx_hal_uart.o(i.HAL_UART_Transmit_DMA), (128 bytes).
    Removing stm32f4xx_hal_uart.o(i.HAL_UART_Transmit_IT), (62 bytes).
    Removing stm32f4xx_hal_uart.o(i.HAL_UART_TxCpltCallback), (2 bytes).
    Removing stm32f4xx_hal_uart.o(i.HAL_UART_TxHalfCpltCallback), (2 bytes).
    Removing stm32f4xx_hal_uart.o(i.UART_DMAAbortOnError), (16 bytes).
    Removing stm32f4xx_hal_uart.o(i.UART_DMAError), (74 bytes).
    Removing stm32f4xx_hal_uart.o(i.UART_DMAReceiveCplt), (60 bytes).
    Removing stm32f4xx_hal_uart.o(i.UART_DMARxAbortCallback), (42 bytes).
    Removing stm32f4xx_hal_uart.o(i.UART_DMARxHalfCplt), (10 bytes).
    Removing stm32f4xx_hal_uart.o(i.UART_DMARxOnlyAbortCallback), (20 bytes).
    Removing stm32f4xx_hal_uart.o(i.UART_DMATransmitCplt), (46 bytes).
    Removing stm32f4xx_hal_uart.o(i.UART_DMATxAbortCallback), (42 bytes).
    Removing stm32f4xx_hal_uart.o(i.UART_DMATxHalfCplt), (10 bytes).
    Removing stm32f4xx_hal_uart.o(i.UART_DMATxOnlyAbortCallback), (20 bytes).
    Removing stm32f4xx_hal_uart.o(i.UART_EndRxTransfer), (28 bytes).
    Removing stm32f4xx_hal_uart.o(i.UART_EndTxTransfer), (18 bytes).
    Removing stm32f4xx_hal_uart.o(i.UART_Receive_IT), (150 bytes).
    Removing stm32f4xx_hal_uart.o(i.UART_SetConfig), (296 bytes).
    Removing stm32f4xx_hal_uart.o(i.UART_Transmit_IT), (98 bytes).
    Removing stm32f4xx_hal_uart.o(i.UART_WaitOnFlagUntilTimeout), (98 bytes).
    Removing stm32f4xx_hal_usart.o(.rev16_text), (4 bytes).
    Removing stm32f4xx_hal_usart.o(.revsh_text), (4 bytes).
    Removing stm32f4xx_hal_usart.o(.rrx_text), (6 bytes).
    Removing stm32f4xx_hal_usart.o(i.HAL_USART_Abort), (100 bytes).
    Removing stm32f4xx_hal_usart.o(i.HAL_USART_AbortCpltCallback), (2 bytes).
    Removing stm32f4xx_hal_usart.o(i.HAL_USART_Abort_IT), (168 bytes).
    Removing stm32f4xx_hal_usart.o(i.HAL_USART_DMAPause), (38 bytes).
    Removing stm32f4xx_hal_usart.o(i.HAL_USART_DMAResume), (38 bytes).
    Removing stm32f4xx_hal_usart.o(i.HAL_USART_DMAStop), (92 bytes).
    Removing stm32f4xx_hal_usart.o(i.HAL_USART_DeInit), (46 bytes).
    Removing stm32f4xx_hal_usart.o(i.HAL_USART_ErrorCallback), (2 bytes).
    Removing stm32f4xx_hal_usart.o(i.HAL_USART_GetError), (4 bytes).
    Removing stm32f4xx_hal_usart.o(i.HAL_USART_GetState), (6 bytes).
    Removing stm32f4xx_hal_usart.o(i.HAL_USART_IRQHandler), (324 bytes).
    Removing stm32f4xx_hal_usart.o(i.HAL_USART_Init), (84 bytes).
    Removing stm32f4xx_hal_usart.o(i.HAL_USART_MspDeInit), (2 bytes).
    Removing stm32f4xx_hal_usart.o(i.HAL_USART_MspInit), (2 bytes).
    Removing stm32f4xx_hal_usart.o(i.HAL_USART_Receive), (230 bytes).
    Removing stm32f4xx_hal_usart.o(i.HAL_USART_Receive_DMA), (200 bytes).
    Removing stm32f4xx_hal_usart.o(i.HAL_USART_Receive_IT), (80 bytes).
    Removing stm32f4xx_hal_usart.o(i.HAL_USART_RxCpltCallback), (2 bytes).
    Removing stm32f4xx_hal_usart.o(i.HAL_USART_RxHalfCpltCallback), (2 bytes).
    Removing stm32f4xx_hal_usart.o(i.HAL_USART_Transmit), (186 bytes).
    Removing stm32f4xx_hal_usart.o(i.HAL_USART_TransmitReceive), (274 bytes).
    Removing stm32f4xx_hal_usart.o(i.HAL_USART_TransmitReceive_DMA), (220 bytes).
    Removing stm32f4xx_hal_usart.o(i.HAL_USART_TransmitReceive_IT), (102 bytes).
    Removing stm32f4xx_hal_usart.o(i.HAL_USART_Transmit_DMA), (128 bytes).
    Removing stm32f4xx_hal_usart.o(i.HAL_USART_Transmit_IT), (62 bytes).
    Removing stm32f4xx_hal_usart.o(i.HAL_USART_TxCpltCallback), (2 bytes).
    Removing stm32f4xx_hal_usart.o(i.HAL_USART_TxHalfCpltCallback), (2 bytes).
    Removing stm32f4xx_hal_usart.o(i.HAL_USART_TxRxCpltCallback), (2 bytes).
    Removing stm32f4xx_hal_usart.o(i.USART_DMAAbortOnError), (16 bytes).
    Removing stm32f4xx_hal_usart.o(i.USART_DMAError), (80 bytes).
    Removing stm32f4xx_hal_usart.o(i.USART_DMAReceiveCplt), (84 bytes).
    Removing stm32f4xx_hal_usart.o(i.USART_DMARxAbortCallback), (38 bytes).
    Removing stm32f4xx_hal_usart.o(i.USART_DMARxHalfCplt), (10 bytes).
    Removing stm32f4xx_hal_usart.o(i.USART_DMATransmitCplt), (62 bytes).
    Removing stm32f4xx_hal_usart.o(i.USART_DMATxAbortCallback), (38 bytes).
    Removing stm32f4xx_hal_usart.o(i.USART_DMATxHalfCplt), (10 bytes).
    Removing stm32f4xx_hal_usart.o(i.USART_EndRxTransfer), (28 bytes).
    Removing stm32f4xx_hal_usart.o(i.USART_EndTxTransfer), (18 bytes).
    Removing stm32f4xx_hal_usart.o(i.USART_Receive_IT), (176 bytes).
    Removing stm32f4xx_hal_usart.o(i.USART_SetConfig), (216 bytes).
    Removing stm32f4xx_hal_usart.o(i.USART_TransmitReceive_IT), (232 bytes).
    Removing stm32f4xx_hal_usart.o(i.USART_Transmit_IT), (98 bytes).
    Removing stm32f4xx_hal_usart.o(i.USART_WaitOnFlagUntilTimeout), (114 bytes).
    Removing stm32f4xx_hal_wwdg.o(.rev16_text), (4 bytes).
    Removing stm32f4xx_hal_wwdg.o(.revsh_text), (4 bytes).
    Removing stm32f4xx_hal_wwdg.o(.rrx_text), (6 bytes).
    Removing stm32f4xx_hal_wwdg.o(i.HAL_WWDG_EarlyWakeupCallback), (2 bytes).
    Removing stm32f4xx_hal_wwdg.o(i.HAL_WWDG_IRQHandler), (30 bytes).
    Removing stm32f4xx_hal_wwdg.o(i.HAL_WWDG_Init), (42 bytes).
    Removing stm32f4xx_hal_wwdg.o(i.HAL_WWDG_MspInit), (2 bytes).
    Removing stm32f4xx_hal_wwdg.o(i.HAL_WWDG_Refresh), (10 bytes).
    Removing system_stm32f4xx.o(.rev16_text), (4 bytes).
    Removing system_stm32f4xx.o(.revsh_text), (4 bytes).
    Removing system_stm32f4xx.o(.rrx_text), (6 bytes).
    Removing system_stm32f4xx.o(i.SystemCoreClockUpdate), (124 bytes).
    Removing system_stm32f4xx.o(.constdata), (8 bytes).
    Removing stm32f4xx_ll_fmc.o(.rev16_text), (4 bytes).
    Removing stm32f4xx_ll_fmc.o(.revsh_text), (4 bytes).
    Removing stm32f4xx_ll_fmc.o(.rrx_text), (6 bytes).
    Removing stm32f4xx_ll_fmc.o(i.FMC_NAND_AttributeSpace_Timing_Init), (48 bytes).
    Removing stm32f4xx_ll_fmc.o(i.FMC_NAND_CommonSpace_Timing_Init), (48 bytes).
    Removing stm32f4xx_ll_fmc.o(i.FMC_NAND_DeInit), (52 bytes).
    Removing stm32f4xx_ll_fmc.o(i.FMC_NAND_ECC_Disable), (26 bytes).
    Removing stm32f4xx_ll_fmc.o(i.FMC_NAND_ECC_Enable), (26 bytes).
    Removing stm32f4xx_ll_fmc.o(i.FMC_NAND_GetECC), (78 bytes).
    Removing stm32f4xx_ll_fmc.o(i.FMC_NAND_Init), (80 bytes).
    Removing stm32f4xx_ll_fmc.o(i.FMC_NORSRAM_DeInit), (48 bytes).
    Removing stm32f4xx_ll_fmc.o(i.FMC_NORSRAM_WriteOperation_Disable), (16 bytes).
    Removing stm32f4xx_ll_fmc.o(i.FMC_NORSRAM_WriteOperation_Enable), (16 bytes).
    Removing stm32f4xx_ll_fmc.o(i.FMC_PCCARD_AttributeSpace_Timing_Init), (28 bytes).
    Removing stm32f4xx_ll_fmc.o(i.FMC_PCCARD_CommonSpace_Timing_Init), (28 bytes).
    Removing stm32f4xx_ll_fmc.o(i.FMC_PCCARD_DeInit), (30 bytes).
    Removing stm32f4xx_ll_fmc.o(i.FMC_PCCARD_IOSpace_Timing_Init), (28 bytes).
    Removing stm32f4xx_ll_fmc.o(i.FMC_PCCARD_Init), (40 bytes).
    Removing stm32f4xx_ll_fmc.o(i.FMC_SDRAM_DeInit), (30 bytes).
    Removing stm32f4xx_ll_fmc.o(i.FMC_SDRAM_GetModeStatus), (18 bytes).
    Removing stm32f4xx_ll_fmc.o(i.FMC_SDRAM_Init), (80 bytes).
    Removing stm32f4xx_ll_fmc.o(i.FMC_SDRAM_ProgramRefreshRate), (12 bytes).
    Removing stm32f4xx_ll_fmc.o(i.FMC_SDRAM_SendCommand), (72 bytes).
    Removing stm32f4xx_ll_fmc.o(i.FMC_SDRAM_SetAutoRefreshNumber), (12 bytes).
    Removing stm32f4xx_ll_fmc.o(i.FMC_SDRAM_Timing_Init), (128 bytes).
    Removing stm32f4xx_ll_fmc.o(i.FMC_SDRAM_WriteProtection_Disable), (16 bytes).
    Removing stm32f4xx_ll_fmc.o(i.FMC_SDRAM_WriteProtection_Enable), (16 bytes).
    Removing stm32f4xx_ll_fsmc.o(.rev16_text), (4 bytes).
    Removing stm32f4xx_ll_fsmc.o(.revsh_text), (4 bytes).
    Removing stm32f4xx_ll_fsmc.o(.rrx_text), (6 bytes).
    Removing stm32f4xx_ll_sdmmc.o(.rev16_text), (4 bytes).
    Removing stm32f4xx_ll_sdmmc.o(.revsh_text), (4 bytes).
    Removing stm32f4xx_ll_sdmmc.o(.rrx_text), (6 bytes).
    Removing stm32f4xx_ll_sdmmc.o(i.SDIO_ConfigData), (36 bytes).
    Removing stm32f4xx_ll_sdmmc.o(i.SDIO_GetCommandResponse), (6 bytes).
    Removing stm32f4xx_ll_sdmmc.o(i.SDIO_GetDataCounter), (4 bytes).
    Removing stm32f4xx_ll_sdmmc.o(i.SDIO_GetFIFOCount), (6 bytes).
    Removing stm32f4xx_ll_sdmmc.o(i.SDIO_GetPowerState), (8 bytes).
    Removing stm32f4xx_ll_sdmmc.o(i.SDIO_GetResponse), (6 bytes).
    Removing stm32f4xx_ll_sdmmc.o(i.SDIO_Init), (36 bytes).
    Removing stm32f4xx_ll_sdmmc.o(i.SDIO_PowerState_OFF), (8 bytes).
    Removing stm32f4xx_ll_sdmmc.o(i.SDIO_PowerState_ON), (16 bytes).
    Removing stm32f4xx_ll_sdmmc.o(i.SDIO_ReadFIFO), (6 bytes).
    Removing stm32f4xx_ll_sdmmc.o(i.SDIO_SendCommand), (32 bytes).
    Removing stm32f4xx_ll_sdmmc.o(i.SDIO_SetSDMMCReadWaitMode), (14 bytes).
    Removing stm32f4xx_ll_sdmmc.o(i.SDIO_WriteFIFO), (10 bytes).
    Removing stm32f4xx_ll_sdmmc.o(i.SDMMC_CmdAppCommand), (48 bytes).
    Removing stm32f4xx_ll_sdmmc.o(i.SDMMC_CmdAppOperCommand), (52 bytes).
    Removing stm32f4xx_ll_sdmmc.o(i.SDMMC_CmdBlockLength), (48 bytes).
    Removing stm32f4xx_ll_sdmmc.o(i.SDMMC_CmdBusWidth), (48 bytes).
    Removing stm32f4xx_ll_sdmmc.o(i.SDMMC_CmdErase), (48 bytes).
    Removing stm32f4xx_ll_sdmmc.o(i.SDMMC_CmdEraseEndAdd), (48 bytes).
    Removing stm32f4xx_ll_sdmmc.o(i.SDMMC_CmdEraseStartAdd), (48 bytes).
    Removing stm32f4xx_ll_sdmmc.o(i.SDMMC_CmdGoIdleState), (80 bytes).
    Removing stm32f4xx_ll_sdmmc.o(i.SDMMC_CmdOpCondition), (42 bytes).
    Removing stm32f4xx_ll_sdmmc.o(i.SDMMC_CmdOperCond), (116 bytes).
    Removing stm32f4xx_ll_sdmmc.o(i.SDMMC_CmdReadMultiBlock), (48 bytes).
    Removing stm32f4xx_ll_sdmmc.o(i.SDMMC_CmdReadSingleBlock), (48 bytes).
    Removing stm32f4xx_ll_sdmmc.o(i.SDMMC_CmdSDEraseEndAdd), (48 bytes).
    Removing stm32f4xx_ll_sdmmc.o(i.SDMMC_CmdSDEraseStartAdd), (48 bytes).
    Removing stm32f4xx_ll_sdmmc.o(i.SDMMC_CmdSelDesel), (50 bytes).
    Removing stm32f4xx_ll_sdmmc.o(i.SDMMC_CmdSendCID), (42 bytes).
    Removing stm32f4xx_ll_sdmmc.o(i.SDMMC_CmdSendCSD), (44 bytes).
    Removing stm32f4xx_ll_sdmmc.o(i.SDMMC_CmdSendSCR), (48 bytes).
    Removing stm32f4xx_ll_sdmmc.o(i.SDMMC_CmdSendStatus), (48 bytes).
    Removing stm32f4xx_ll_sdmmc.o(i.SDMMC_CmdSetRelAdd), (48 bytes).
    Removing stm32f4xx_ll_sdmmc.o(i.SDMMC_CmdStatusRegister), (48 bytes).
    Removing stm32f4xx_ll_sdmmc.o(i.SDMMC_CmdStopTransfer), (52 bytes).
    Removing stm32f4xx_ll_sdmmc.o(i.SDMMC_CmdSwitch), (48 bytes).
    Removing stm32f4xx_ll_sdmmc.o(i.SDMMC_CmdWriteMultiBlock), (48 bytes).
    Removing stm32f4xx_ll_sdmmc.o(i.SDMMC_CmdWriteSingleBlock), (48 bytes).
    Removing stm32f4xx_ll_sdmmc.o(i.SDMMC_GetCmdResp1), (288 bytes).
    Removing stm32f4xx_ll_sdmmc.o(i.SDMMC_GetCmdResp2), (80 bytes).
    Removing stm32f4xx_ll_sdmmc.o(i.SDMMC_GetCmdResp3), (68 bytes).
    Removing stm32f4xx_ll_sdmmc.o(i.SDMMC_GetCmdResp6), (136 bytes).
    Removing stm32f4xx_ll_usb.o(.rev16_text), (4 bytes).
    Removing stm32f4xx_ll_usb.o(.revsh_text), (4 bytes).
    Removing stm32f4xx_ll_usb.o(.rrx_text), (6 bytes).
    Removing stm32f4xx_ll_usb.o(i.USB_ActivateDedicatedEndpoint), (144 bytes).
    Removing stm32f4xx_ll_usb.o(i.USB_ActivateEndpoint), (128 bytes).
    Removing stm32f4xx_ll_usb.o(i.USB_ActivateRemoteWakeup), (24 bytes).
    Removing stm32f4xx_ll_usb.o(i.USB_ActivateSetup), (28 bytes).
    Removing stm32f4xx_ll_usb.o(i.USB_ClearInterrupts), (8 bytes).
    Removing stm32f4xx_ll_usb.o(i.USB_CoreInit), (116 bytes).
    Removing stm32f4xx_ll_usb.o(i.USB_CoreReset), (52 bytes).
    Removing stm32f4xx_ll_usb.o(i.USB_DeActivateRemoteWakeup), (16 bytes).
    Removing stm32f4xx_ll_usb.o(i.USB_DeactivateDedicatedEndpoint), (150 bytes).
    Removing stm32f4xx_ll_usb.o(i.USB_DeactivateEndpoint), (208 bytes).
    Removing stm32f4xx_ll_usb.o(i.USB_DevConnect), (24 bytes).
    Removing stm32f4xx_ll_usb.o(i.USB_DevDisconnect), (24 bytes).
    Removing stm32f4xx_ll_usb.o(i.USB_DevInit), (372 bytes).
    Removing stm32f4xx_ll_usb.o(i.USB_DisableGlobalInt), (12 bytes).
    Removing stm32f4xx_ll_usb.o(i.USB_DoPing), (36 bytes).
    Removing stm32f4xx_ll_usb.o(i.USB_DriveVbus), (44 bytes).
    Removing stm32f4xx_ll_usb.o(i.USB_EP0StartXfer), (280 bytes).
    Removing stm32f4xx_ll_usb.o(i.USB_EP0_OutStart), (88 bytes).
    Removing stm32f4xx_ll_usb.o(i.USB_EPClearStall), (88 bytes).
    Removing stm32f4xx_ll_usb.o(i.USB_EPSetStall), (88 bytes).
    Removing stm32f4xx_ll_usb.o(i.USB_EPStartXfer), (484 bytes).
    Removing stm32f4xx_ll_usb.o(i.USB_EnableGlobalInt), (12 bytes).
    Removing stm32f4xx_ll_usb.o(i.USB_FlushRxFifo), (32 bytes).
    Removing stm32f4xx_ll_usb.o(i.USB_FlushTxFifo), (36 bytes).
    Removing stm32f4xx_ll_usb.o(i.USB_GetCurrentFrame), (8 bytes).
    Removing stm32f4xx_ll_usb.o(i.USB_GetDevSpeed), (26 bytes).
    Removing stm32f4xx_ll_usb.o(i.USB_GetHostSpeed), (14 bytes).
    Removing stm32f4xx_ll_usb.o(i.USB_GetMode), (8 bytes).
    Removing stm32f4xx_ll_usb.o(i.USB_HC_Halt), (190 bytes).
    Removing stm32f4xx_ll_usb.o(i.USB_HC_Init), (238 bytes).
    Removing stm32f4xx_ll_usb.o(i.USB_HC_ReadInterrupt), (8 bytes).
    Removing stm32f4xx_ll_usb.o(i.USB_HC_StartXfer), (332 bytes).
    Removing stm32f4xx_ll_usb.o(i.USB_HostInit), (212 bytes).
    Removing stm32f4xx_ll_usb.o(i.USB_InitFSLSPClkSel), (54 bytes).
    Removing stm32f4xx_ll_usb.o(i.USB_ReadDevAllInEpInterrupt), (14 bytes).
    Removing stm32f4xx_ll_usb.o(i.USB_ReadDevAllOutEpInterrupt), (14 bytes).
    Removing stm32f4xx_ll_usb.o(i.USB_ReadDevInEPInterrupt), (36 bytes).
    Removing stm32f4xx_ll_usb.o(i.USB_ReadDevOutEPInterrupt), (16 bytes).
    Removing stm32f4xx_ll_usb.o(i.USB_ReadInterrupts), (8 bytes).
    Removing stm32f4xx_ll_usb.o(i.USB_ReadPacket), (30 bytes).
    Removing stm32f4xx_ll_usb.o(i.USB_ResetPort), (50 bytes).
    Removing stm32f4xx_ll_usb.o(i.USB_SetCurrentMode), (46 bytes).
    Removing stm32f4xx_ll_usb.o(i.USB_SetDevAddress), (34 bytes).
    Removing stm32f4xx_ll_usb.o(i.USB_SetDevSpeed), (14 bytes).
    Removing stm32f4xx_ll_usb.o(i.USB_SetTurnaroundTime), (232 bytes).
    Removing stm32f4xx_ll_usb.o(i.USB_StopDevice), (66 bytes).
    Removing stm32f4xx_ll_usb.o(i.USB_StopHost), (124 bytes).
    Removing stm32f4xx_ll_usb.o(i.USB_WritePacket), (36 bytes).
    Removing stm32f4xx_ll_usb.o(.data), (4 bytes).
    Removing stm32f4xx_ll_utils.o(.rev16_text), (4 bytes).
    Removing stm32f4xx_ll_utils.o(.revsh_text), (4 bytes).
    Removing stm32f4xx_ll_utils.o(.rrx_text), (6 bytes).
    Removing stm32f4xx_ll_utils.o(i.LL_Init1msTick), (26 bytes).
    Removing stm32f4xx_ll_utils.o(i.LL_PLL_ConfigSystemClock_HSE), (108 bytes).
    Removing stm32f4xx_ll_utils.o(i.LL_PLL_ConfigSystemClock_HSI), (84 bytes).
    Removing stm32f4xx_ll_utils.o(i.LL_RCC_PLL_ConfigDomain_SYS), (40 bytes).
    Removing stm32f4xx_ll_utils.o(i.LL_SetSystemCoreClock), (12 bytes).
    Removing stm32f4xx_ll_utils.o(i.LL_mDelay), (30 bytes).
    Removing stm32f4xx_ll_utils.o(i.UTILS_EnablePLLAndSwitchSystem), (152 bytes).
    Removing stm32f4xx_ll_utils.o(i.UTILS_GetPLLOutputFrequency), (32 bytes).
    Removing stm32f4xx_ll_utils.o(i.UTILS_PLL_IsBusy), (44 bytes).
    Removing stm32f4xx_ll_utils.o(i.UTILS_SetFlashLatency), (240 bytes).
    Removing startup_stm32f429xx.o(HEAP), (512 bytes).

1542 unused section(s) (total 124726 bytes) removed from the image.

==============================================================================

Image Symbol Table

    Local Symbols

    Symbol Name                              Value     Ov Type        Size  Object(Section)

    ../clib/microlib/division.c              0x00000000   Number         0  uldiv.o ABSOLUTE
    ../clib/microlib/init/entry.s            0x00000000   Number         0  entry9a.o ABSOLUTE
    ../clib/microlib/init/entry.s            0x00000000   Number         0  entry8b.o ABSOLUTE
    ../clib/microlib/init/entry.s            0x00000000   Number         0  entry8a.o ABSOLUTE
    ../clib/microlib/init/entry.s            0x00000000   Number         0  entry7b.o ABSOLUTE
    ../clib/microlib/init/entry.s            0x00000000   Number         0  entry11b.o ABSOLUTE
    ../clib/microlib/init/entry.s            0x00000000   Number         0  entry7a.o ABSOLUTE
    ../clib/microlib/init/entry.s            0x00000000   Number         0  entry5.o ABSOLUTE
    ../clib/microlib/init/entry.s            0x00000000   Number         0  entry2.o ABSOLUTE
    ../clib/microlib/init/entry.s            0x00000000   Number         0  entry.o ABSOLUTE
    ../clib/microlib/init/entry.s            0x00000000   Number         0  entry11a.o ABSOLUTE
    ../clib/microlib/init/entry.s            0x00000000   Number         0  entry10b.o ABSOLUTE
    ../clib/microlib/init/entry.s            0x00000000   Number         0  entry10a.o ABSOLUTE
    ../clib/microlib/init/entry.s            0x00000000   Number         0  entry9b.o ABSOLUTE
    ../clib/microlib/longlong.c              0x00000000   Number         0  llushr.o ABSOLUTE
    ../clib/microlib/longlong.c              0x00000000   Number         0  llshl.o ABSOLUTE
    ../clib/microlib/string/memcpy.c         0x00000000   Number         0  memcpyb.o ABSOLUTE
    ../clib/microlib/string/memcpy.c         0x00000000   Number         0  memcpya.o ABSOLUTE
    ../clib/microlib/string/memset.c         0x00000000   Number         0  memseta.o ABSOLUTE
    Core\startup_stm32f429xx.s               0x00000000   Number         0  startup_stm32f429xx.o ABSOLUTE
    Hallib\Src\stm32f4xx_hal.c               0x00000000   Number         0  stm32f4xx_hal.o ABSOLUTE
    Hallib\Src\stm32f4xx_hal_adc.c           0x00000000   Number         0  stm32f4xx_hal_adc.o ABSOLUTE
    Hallib\Src\stm32f4xx_hal_adc_ex.c        0x00000000   Number         0  stm32f4xx_hal_adc_ex.o ABSOLUTE
    Hallib\Src\stm32f4xx_hal_can.c           0x00000000   Number         0  stm32f4xx_hal_can.o ABSOLUTE
    Hallib\Src\stm32f4xx_hal_cortex.c        0x00000000   Number         0  stm32f4xx_hal_cortex.o ABSOLUTE
    Hallib\Src\stm32f4xx_hal_crc.c           0x00000000   Number         0  stm32f4xx_hal_crc.o ABSOLUTE
    Hallib\Src\stm32f4xx_hal_dac.c           0x00000000   Number         0  stm32f4xx_hal_dac.o ABSOLUTE
    Hallib\Src\stm32f4xx_hal_dac_ex.c        0x00000000   Number         0  stm32f4xx_hal_dac_ex.o ABSOLUTE
    Hallib\Src\stm32f4xx_hal_dcmi.c          0x00000000   Number         0  stm32f4xx_hal_dcmi.o ABSOLUTE
    Hallib\Src\stm32f4xx_hal_dcmi_ex.c       0x00000000   Number         0  stm32f4xx_hal_dcmi_ex.o ABSOLUTE
    Hallib\Src\stm32f4xx_hal_dma.c           0x00000000   Number         0  stm32f4xx_hal_dma.o ABSOLUTE
    Hallib\Src\stm32f4xx_hal_dma2d.c         0x00000000   Number         0  stm32f4xx_hal_dma2d.o ABSOLUTE
    Hallib\Src\stm32f4xx_hal_dma_ex.c        0x00000000   Number         0  stm32f4xx_hal_dma_ex.o ABSOLUTE
    Hallib\Src\stm32f4xx_hal_eth.c           0x00000000   Number         0  stm32f4xx_hal_eth.o ABSOLUTE
    Hallib\Src\stm32f4xx_hal_exti.c          0x00000000   Number         0  stm32f4xx_hal_exti.o ABSOLUTE
    Hallib\Src\stm32f4xx_hal_flash.c         0x00000000   Number         0  stm32f4xx_hal_flash.o ABSOLUTE
    Hallib\Src\stm32f4xx_hal_flash_ex.c      0x00000000   Number         0  stm32f4xx_hal_flash_ex.o ABSOLUTE
    Hallib\Src\stm32f4xx_hal_fmpsmbus.c      0x00000000   Number         0  stm32f4xx_hal_fmpsmbus.o ABSOLUTE
    Hallib\Src\stm32f4xx_hal_gpio.c          0x00000000   Number         0  stm32f4xx_hal_gpio.o ABSOLUTE
    Hallib\Src\stm32f4xx_hal_hcd.c           0x00000000   Number         0  stm32f4xx_hal_hcd.o ABSOLUTE
    Hallib\Src\stm32f4xx_hal_i2c.c           0x00000000   Number         0  stm32f4xx_hal_i2c.o ABSOLUTE
    Hallib\Src\stm32f4xx_hal_i2c_ex.c        0x00000000   Number         0  stm32f4xx_hal_i2c_ex.o ABSOLUTE
    Hallib\Src\stm32f4xx_hal_i2s.c           0x00000000   Number         0  stm32f4xx_hal_i2s.o ABSOLUTE
    Hallib\Src\stm32f4xx_hal_i2s_ex.c        0x00000000   Number         0  stm32f4xx_hal_i2s_ex.o ABSOLUTE
    Hallib\Src\stm32f4xx_hal_irda.c          0x00000000   Number         0  stm32f4xx_hal_irda.o ABSOLUTE
    Hallib\Src\stm32f4xx_hal_iwdg.c          0x00000000   Number         0  stm32f4xx_hal_iwdg.o ABSOLUTE
    Hallib\Src\stm32f4xx_hal_ltdc.c          0x00000000   Number         0  stm32f4xx_hal_ltdc.o ABSOLUTE
    Hallib\Src\stm32f4xx_hal_ltdc_ex.c       0x00000000   Number         0  stm32f4xx_hal_ltdc_ex.o ABSOLUTE
    Hallib\Src\stm32f4xx_hal_mmc.c           0x00000000   Number         0  stm32f4xx_hal_mmc.o ABSOLUTE
    Hallib\Src\stm32f4xx_hal_nand.c          0x00000000   Number         0  stm32f4xx_hal_nand.o ABSOLUTE
    Hallib\Src\stm32f4xx_hal_nor.c           0x00000000   Number         0  stm32f4xx_hal_nor.o ABSOLUTE
    Hallib\Src\stm32f4xx_hal_pccard.c        0x00000000   Number         0  stm32f4xx_hal_pccard.o ABSOLUTE
    Hallib\Src\stm32f4xx_hal_pcd.c           0x00000000   Number         0  stm32f4xx_hal_pcd.o ABSOLUTE
    Hallib\Src\stm32f4xx_hal_pcd_ex.c        0x00000000   Number         0  stm32f4xx_hal_pcd_ex.o ABSOLUTE
    Hallib\Src\stm32f4xx_hal_pwr.c           0x00000000   Number         0  stm32f4xx_hal_pwr.o ABSOLUTE
    Hallib\Src\stm32f4xx_hal_pwr_ex.c        0x00000000   Number         0  stm32f4xx_hal_pwr_ex.o ABSOLUTE
    Hallib\Src\stm32f4xx_hal_rcc.c           0x00000000   Number         0  stm32f4xx_hal_rcc.o ABSOLUTE
    Hallib\Src\stm32f4xx_hal_rcc_ex.c        0x00000000   Number         0  stm32f4xx_hal_rcc_ex.o ABSOLUTE
    Hallib\Src\stm32f4xx_hal_rng.c           0x00000000   Number         0  stm32f4xx_hal_rng.o ABSOLUTE
    Hallib\Src\stm32f4xx_hal_rtc.c           0x00000000   Number         0  stm32f4xx_hal_rtc.o ABSOLUTE
    Hallib\Src\stm32f4xx_hal_rtc_ex.c        0x00000000   Number         0  stm32f4xx_hal_rtc_ex.o ABSOLUTE
    Hallib\Src\stm32f4xx_hal_sai.c           0x00000000   Number         0  stm32f4xx_hal_sai.o ABSOLUTE
    Hallib\Src\stm32f4xx_hal_sai_ex.c        0x00000000   Number         0  stm32f4xx_hal_sai_ex.o ABSOLUTE
    Hallib\Src\stm32f4xx_hal_sd.c            0x00000000   Number         0  stm32f4xx_hal_sd.o ABSOLUTE
    Hallib\Src\stm32f4xx_hal_sdram.c         0x00000000   Number         0  stm32f4xx_hal_sdram.o ABSOLUTE
    Hallib\Src\stm32f4xx_hal_smartcard.c     0x00000000   Number         0  stm32f4xx_hal_smartcard.o ABSOLUTE
    Hallib\Src\stm32f4xx_hal_smbus.c         0x00000000   Number         0  stm32f4xx_hal_smbus.o ABSOLUTE
    Hallib\Src\stm32f4xx_hal_spi.c           0x00000000   Number         0  stm32f4xx_hal_spi.o ABSOLUTE
    Hallib\Src\stm32f4xx_hal_sram.c          0x00000000   Number         0  stm32f4xx_hal_sram.o ABSOLUTE
    Hallib\Src\stm32f4xx_hal_tim.c           0x00000000   Number         0  stm32f4xx_hal_tim.o ABSOLUTE
    Hallib\Src\stm32f4xx_hal_tim_ex.c        0x00000000   Number         0  stm32f4xx_hal_tim_ex.o ABSOLUTE
    Hallib\Src\stm32f4xx_hal_uart.c          0x00000000   Number         0  stm32f4xx_hal_uart.o ABSOLUTE
    Hallib\Src\stm32f4xx_hal_usart.c         0x00000000   Number         0  stm32f4xx_hal_usart.o ABSOLUTE
    Hallib\Src\stm32f4xx_hal_wwdg.c          0x00000000   Number         0  stm32f4xx_hal_wwdg.o ABSOLUTE
    Hallib\Src\stm32f4xx_ll_adc.c            0x00000000   Number         0  stm32f4xx_ll_adc.o ABSOLUTE
    Hallib\Src\stm32f4xx_ll_crc.c            0x00000000   Number         0  stm32f4xx_ll_crc.o ABSOLUTE
    Hallib\Src\stm32f4xx_ll_dac.c            0x00000000   Number         0  stm32f4xx_ll_dac.o ABSOLUTE
    Hallib\Src\stm32f4xx_ll_dma.c            0x00000000   Number         0  stm32f4xx_ll_dma.o ABSOLUTE
    Hallib\Src\stm32f4xx_ll_dma2d.c          0x00000000   Number         0  stm32f4xx_ll_dma2d.o ABSOLUTE
    Hallib\Src\stm32f4xx_ll_exti.c           0x00000000   Number         0  stm32f4xx_ll_exti.o ABSOLUTE
    Hallib\Src\stm32f4xx_ll_fmc.c            0x00000000   Number         0  stm32f4xx_ll_fmc.o ABSOLUTE
    Hallib\Src\stm32f4xx_ll_fmpi2c.c         0x00000000   Number         0  stm32f4xx_ll_fmpi2c.o ABSOLUTE
    Hallib\Src\stm32f4xx_ll_fsmc.c           0x00000000   Number         0  stm32f4xx_ll_fsmc.o ABSOLUTE
    Hallib\Src\stm32f4xx_ll_gpio.c           0x00000000   Number         0  stm32f4xx_ll_gpio.o ABSOLUTE
    Hallib\Src\stm32f4xx_ll_i2c.c            0x00000000   Number         0  stm32f4xx_ll_i2c.o ABSOLUTE
    Hallib\Src\stm32f4xx_ll_lptim.c          0x00000000   Number         0  stm32f4xx_ll_lptim.o ABSOLUTE
    Hallib\Src\stm32f4xx_ll_pwr.c            0x00000000   Number         0  stm32f4xx_ll_pwr.o ABSOLUTE
    Hallib\Src\stm32f4xx_ll_rcc.c            0x00000000   Number         0  stm32f4xx_ll_rcc.o ABSOLUTE
    Hallib\Src\stm32f4xx_ll_rng.c            0x00000000   Number         0  stm32f4xx_ll_rng.o ABSOLUTE
    Hallib\Src\stm32f4xx_ll_rtc.c            0x00000000   Number         0  stm32f4xx_ll_rtc.o ABSOLUTE
    Hallib\Src\stm32f4xx_ll_sdmmc.c          0x00000000   Number         0  stm32f4xx_ll_sdmmc.o ABSOLUTE
    Hallib\Src\stm32f4xx_ll_spi.c            0x00000000   Number         0  stm32f4xx_ll_spi.o ABSOLUTE
    Hallib\Src\stm32f4xx_ll_tim.c            0x00000000   Number         0  stm32f4xx_ll_tim.o ABSOLUTE
    Hallib\Src\stm32f4xx_ll_usart.c          0x00000000   Number         0  stm32f4xx_ll_usart.o ABSOLUTE
    Hallib\Src\stm32f4xx_ll_usb.c            0x00000000   Number         0  stm32f4xx_ll_usb.o ABSOLUTE
    Hallib\Src\stm32f4xx_ll_utils.c          0x00000000   Number         0  stm32f4xx_ll_utils.o ABSOLUTE
    Hallib\Src\system_stm32f4xx.c            0x00000000   Number         0  system_stm32f4xx.o ABSOLUTE
    Hallib\\Src\\stm32f4xx_hal.c             0x00000000   Number         0  stm32f4xx_hal.o ABSOLUTE
    Hallib\\Src\\stm32f4xx_hal_adc.c         0x00000000   Number         0  stm32f4xx_hal_adc.o ABSOLUTE
    Hallib\\Src\\stm32f4xx_hal_adc_ex.c      0x00000000   Number         0  stm32f4xx_hal_adc_ex.o ABSOLUTE
    Hallib\\Src\\stm32f4xx_hal_can.c         0x00000000   Number         0  stm32f4xx_hal_can.o ABSOLUTE
    Hallib\\Src\\stm32f4xx_hal_cortex.c      0x00000000   Number         0  stm32f4xx_hal_cortex.o ABSOLUTE
    Hallib\\Src\\stm32f4xx_hal_crc.c         0x00000000   Number         0  stm32f4xx_hal_crc.o ABSOLUTE
    Hallib\\Src\\stm32f4xx_hal_dac.c         0x00000000   Number         0  stm32f4xx_hal_dac.o ABSOLUTE
    Hallib\\Src\\stm32f4xx_hal_dac_ex.c      0x00000000   Number         0  stm32f4xx_hal_dac_ex.o ABSOLUTE
    Hallib\\Src\\stm32f4xx_hal_dcmi.c        0x00000000   Number         0  stm32f4xx_hal_dcmi.o ABSOLUTE
    Hallib\\Src\\stm32f4xx_hal_dcmi_ex.c     0x00000000   Number         0  stm32f4xx_hal_dcmi_ex.o ABSOLUTE
    Hallib\\Src\\stm32f4xx_hal_dma.c         0x00000000   Number         0  stm32f4xx_hal_dma.o ABSOLUTE
    Hallib\\Src\\stm32f4xx_hal_dma2d.c       0x00000000   Number         0  stm32f4xx_hal_dma2d.o ABSOLUTE
    Hallib\\Src\\stm32f4xx_hal_dma_ex.c      0x00000000   Number         0  stm32f4xx_hal_dma_ex.o ABSOLUTE
    Hallib\\Src\\stm32f4xx_hal_eth.c         0x00000000   Number         0  stm32f4xx_hal_eth.o ABSOLUTE
    Hallib\\Src\\stm32f4xx_hal_exti.c        0x00000000   Number         0  stm32f4xx_hal_exti.o ABSOLUTE
    Hallib\\Src\\stm32f4xx_hal_flash.c       0x00000000   Number         0  stm32f4xx_hal_flash.o ABSOLUTE
    Hallib\\Src\\stm32f4xx_hal_flash_ex.c    0x00000000   Number         0  stm32f4xx_hal_flash_ex.o ABSOLUTE
    Hallib\\Src\\stm32f4xx_hal_fmpsmbus.c    0x00000000   Number         0  stm32f4xx_hal_fmpsmbus.o ABSOLUTE
    Hallib\\Src\\stm32f4xx_hal_gpio.c        0x00000000   Number         0  stm32f4xx_hal_gpio.o ABSOLUTE
    Hallib\\Src\\stm32f4xx_hal_hcd.c         0x00000000   Number         0  stm32f4xx_hal_hcd.o ABSOLUTE
    Hallib\\Src\\stm32f4xx_hal_i2c.c         0x00000000   Number         0  stm32f4xx_hal_i2c.o ABSOLUTE
    Hallib\\Src\\stm32f4xx_hal_i2c_ex.c      0x00000000   Number         0  stm32f4xx_hal_i2c_ex.o ABSOLUTE
    Hallib\\Src\\stm32f4xx_hal_i2s.c         0x00000000   Number         0  stm32f4xx_hal_i2s.o ABSOLUTE
    Hallib\\Src\\stm32f4xx_hal_i2s_ex.c      0x00000000   Number         0  stm32f4xx_hal_i2s_ex.o ABSOLUTE
    Hallib\\Src\\stm32f4xx_hal_irda.c        0x00000000   Number         0  stm32f4xx_hal_irda.o ABSOLUTE
    Hallib\\Src\\stm32f4xx_hal_iwdg.c        0x00000000   Number         0  stm32f4xx_hal_iwdg.o ABSOLUTE
    Hallib\\Src\\stm32f4xx_hal_ltdc.c        0x00000000   Number         0  stm32f4xx_hal_ltdc.o ABSOLUTE
    Hallib\\Src\\stm32f4xx_hal_ltdc_ex.c     0x00000000   Number         0  stm32f4xx_hal_ltdc_ex.o ABSOLUTE
    Hallib\\Src\\stm32f4xx_hal_mmc.c         0x00000000   Number         0  stm32f4xx_hal_mmc.o ABSOLUTE
    Hallib\\Src\\stm32f4xx_hal_nand.c        0x00000000   Number         0  stm32f4xx_hal_nand.o ABSOLUTE
    Hallib\\Src\\stm32f4xx_hal_nor.c         0x00000000   Number         0  stm32f4xx_hal_nor.o ABSOLUTE
    Hallib\\Src\\stm32f4xx_hal_pccard.c      0x00000000   Number         0  stm32f4xx_hal_pccard.o ABSOLUTE
    Hallib\\Src\\stm32f4xx_hal_pcd.c         0x00000000   Number         0  stm32f4xx_hal_pcd.o ABSOLUTE
    Hallib\\Src\\stm32f4xx_hal_pcd_ex.c      0x00000000   Number         0  stm32f4xx_hal_pcd_ex.o ABSOLUTE
    Hallib\\Src\\stm32f4xx_hal_pwr.c         0x00000000   Number         0  stm32f4xx_hal_pwr.o ABSOLUTE
    Hallib\\Src\\stm32f4xx_hal_pwr_ex.c      0x00000000   Number         0  stm32f4xx_hal_pwr_ex.o ABSOLUTE
    Hallib\\Src\\stm32f4xx_hal_rcc.c         0x00000000   Number         0  stm32f4xx_hal_rcc.o ABSOLUTE
    Hallib\\Src\\stm32f4xx_hal_rcc_ex.c      0x00000000   Number         0  stm32f4xx_hal_rcc_ex.o ABSOLUTE
    Hallib\\Src\\stm32f4xx_hal_rng.c         0x00000000   Number         0  stm32f4xx_hal_rng.o ABSOLUTE
    Hallib\\Src\\stm32f4xx_hal_rtc.c         0x00000000   Number         0  stm32f4xx_hal_rtc.o ABSOLUTE
    Hallib\\Src\\stm32f4xx_hal_rtc_ex.c      0x00000000   Number         0  stm32f4xx_hal_rtc_ex.o ABSOLUTE
    Hallib\\Src\\stm32f4xx_hal_sai.c         0x00000000   Number         0  stm32f4xx_hal_sai.o ABSOLUTE
    Hallib\\Src\\stm32f4xx_hal_sai_ex.c      0x00000000   Number         0  stm32f4xx_hal_sai_ex.o ABSOLUTE
    Hallib\\Src\\stm32f4xx_hal_sd.c          0x00000000   Number         0  stm32f4xx_hal_sd.o ABSOLUTE
    Hallib\\Src\\stm32f4xx_hal_sdram.c       0x00000000   Number         0  stm32f4xx_hal_sdram.o ABSOLUTE
    Hallib\\Src\\stm32f4xx_hal_smartcard.c   0x00000000   Number         0  stm32f4xx_hal_smartcard.o ABSOLUTE
    Hallib\\Src\\stm32f4xx_hal_smbus.c       0x00000000   Number         0  stm32f4xx_hal_smbus.o ABSOLUTE
    Hallib\\Src\\stm32f4xx_hal_spi.c         0x00000000   Number         0  stm32f4xx_hal_spi.o ABSOLUTE
    Hallib\\Src\\stm32f4xx_hal_sram.c        0x00000000   Number         0  stm32f4xx_hal_sram.o ABSOLUTE
    Hallib\\Src\\stm32f4xx_hal_tim.c         0x00000000   Number         0  stm32f4xx_hal_tim.o ABSOLUTE
    Hallib\\Src\\stm32f4xx_hal_tim_ex.c      0x00000000   Number         0  stm32f4xx_hal_tim_ex.o ABSOLUTE
    Hallib\\Src\\stm32f4xx_hal_uart.c        0x00000000   Number         0  stm32f4xx_hal_uart.o ABSOLUTE
    Hallib\\Src\\stm32f4xx_hal_usart.c       0x00000000   Number         0  stm32f4xx_hal_usart.o ABSOLUTE
    Hallib\\Src\\stm32f4xx_hal_wwdg.c        0x00000000   Number         0  stm32f4xx_hal_wwdg.o ABSOLUTE
    Hallib\\Src\\stm32f4xx_ll_fmc.c          0x00000000   Number         0  stm32f4xx_ll_fmc.o ABSOLUTE
    Hallib\\Src\\stm32f4xx_ll_fsmc.c         0x00000000   Number         0  stm32f4xx_ll_fsmc.o ABSOLUTE
    Hallib\\Src\\stm32f4xx_ll_sdmmc.c        0x00000000   Number         0  stm32f4xx_ll_sdmmc.o ABSOLUTE
    Hallib\\Src\\stm32f4xx_ll_usb.c          0x00000000   Number         0  stm32f4xx_ll_usb.o ABSOLUTE
    Hallib\\Src\\stm32f4xx_ll_utils.c        0x00000000   Number         0  stm32f4xx_ll_utils.o ABSOLUTE
    Hallib\\Src\\system_stm32f4xx.c          0x00000000   Number         0  system_stm32f4xx.o ABSOLUTE
    Hardware\\src\\fmc.c                     0x00000000   Number         0  fmc.o ABSOLUTE
    Hardware\\src\\gpio.c                    0x00000000   Number         0  gpio.o ABSOLUTE
    Hardware\\src\\lcd.c                     0x00000000   Number         0  lcd.o ABSOLUTE
    Hardware\\src\\led.c                     0x00000000   Number         0  led.o ABSOLUTE
    Hardware\src\fmc.c                       0x00000000   Number         0  fmc.o ABSOLUTE
    Hardware\src\gpio.c                      0x00000000   Number         0  gpio.o ABSOLUTE
    Hardware\src\lcd.c                       0x00000000   Number         0  lcd.o ABSOLUTE
    Hardware\src\led.c                       0x00000000   Number         0  led.o ABSOLUTE
    System\\src\\delay.c                     0x00000000   Number         0  delay.o ABSOLUTE
    System\\src\\sys.c                       0x00000000   Number         0  sys.o ABSOLUTE
    System\\src\\usart.c                     0x00000000   Number         0  usart.o ABSOLUTE
    System\src\delay.c                       0x00000000   Number         0  delay.o ABSOLUTE
    System\src\queue.c                       0x00000000   Number         0  queue.o ABSOLUTE
    System\src\sys.c                         0x00000000   Number         0  sys.o ABSOLUTE
    System\src\usart.c                       0x00000000   Number         0  usart.o ABSOLUTE
    User\\main.c                             0x00000000   Number         0  main.o ABSOLUTE
    User\\stm32f4xx_hal_msp.c                0x00000000   Number         0  stm32f4xx_hal_msp.o ABSOLUTE
    User\\stm32f4xx_it.c                     0x00000000   Number         0  stm32f4xx_it.o ABSOLUTE
    User\main.c                              0x00000000   Number         0  main.o ABSOLUTE
    User\stm32f4xx_hal_msp.c                 0x00000000   Number         0  stm32f4xx_hal_msp.o ABSOLUTE
    User\stm32f4xx_it.c                      0x00000000   Number         0  stm32f4xx_it.o ABSOLUTE
    dc.s                                     0x00000000   Number         0  dc.o ABSOLUTE
    handlers.s                               0x00000000   Number         0  handlers.o ABSOLUTE
    init.s                                   0x00000000   Number         0  init.o ABSOLUTE
    RESET                                    0x08000000   Section      428  startup_stm32f429xx.o(RESET)
    .ARM.Collect$$$$00000000                 0x080001ac   Section        0  entry.o(.ARM.Collect$$$$00000000)
    .ARM.Collect$$$$00000001                 0x080001ac   Section        4  entry2.o(.ARM.Collect$$$$00000001)
    .ARM.Collect$$$$00000004                 0x080001b0   Section        4  entry5.o(.ARM.Collect$$$$00000004)
    .ARM.Collect$$$$00000008                 0x080001b4   Section        0  entry7b.o(.ARM.Collect$$$$00000008)
    .ARM.Collect$$$$0000000A                 0x080001b4   Section        0  entry8b.o(.ARM.Collect$$$$0000000A)
    .ARM.Collect$$$$0000000B                 0x080001b4   Section        8  entry9a.o(.ARM.Collect$$$$0000000B)
    .ARM.Collect$$$$0000000D                 0x080001bc   Section        0  entry10a.o(.ARM.Collect$$$$0000000D)
    .ARM.Collect$$$$0000000F                 0x080001bc   Section        0  entry11a.o(.ARM.Collect$$$$0000000F)
    .ARM.Collect$$$$00002712                 0x080001bc   Section        4  entry2.o(.ARM.Collect$$$$00002712)
    __lit__00000000                          0x080001bc   Data           4  entry2.o(.ARM.Collect$$$$00002712)
    .text                                    0x080001c0   Section       36  startup_stm32f429xx.o(.text)
    $v0                                      0x080001c0   Number         0  startup_stm32f429xx.o(.text)
    .text                                    0x080001e4   Section        0  uldiv.o(.text)
    .text                                    0x08000246   Section        0  memseta.o(.text)
    .text                                    0x0800026a   Section        0  llshl.o(.text)
    .text                                    0x08000288   Section        0  llushr.o(.text)
    .text                                    0x080002a8   Section       36  init.o(.text)
    i.BusFault_Handler                       0x080002cc   Section        0  stm32f4xx_it.o(i.BusFault_Handler)
    i.DebugMon_Handler                       0x080002ce   Section        0  stm32f4xx_it.o(i.DebugMon_Handler)
    i.FMC_NORSRAM_Extended_Timing_Init       0x080002d0   Section        0  stm32f4xx_ll_fmc.o(i.FMC_NORSRAM_Extended_Timing_Init)
    i.FMC_NORSRAM_Init                       0x08000310   Section        0  stm32f4xx_ll_fmc.o(i.FMC_NORSRAM_Init)
    i.FMC_NORSRAM_Timing_Init                0x0800037c   Section        0  stm32f4xx_ll_fmc.o(i.FMC_NORSRAM_Timing_Init)
    i.GpioInit                               0x080003d8   Section        0  gpio.o(i.GpioInit)
    i.HAL_GPIO_Init                          0x0800041c   Section        0  stm32f4xx_hal_gpio.o(i.HAL_GPIO_Init)
    i.HAL_GPIO_WritePin                      0x080005ec   Section        0  stm32f4xx_hal_gpio.o(i.HAL_GPIO_WritePin)
    i.HAL_GetTick                            0x080005f8   Section        0  stm32f4xx_hal.o(i.HAL_GetTick)
    i.HAL_IncTick                            0x08000604   Section        0  stm32f4xx_hal.o(i.HAL_IncTick)
    i.HAL_Init                               0x08000614   Section        0  stm32f4xx_hal.o(i.HAL_Init)
    i.HAL_InitTick                           0x08000648   Section        0  stm32f4xx_hal.o(i.HAL_InitTick)
    i.HAL_MspInit                            0x08000688   Section        0  stm32f4xx_hal_msp.o(i.HAL_MspInit)
    i.HAL_NVIC_SetPriority                   0x08000690   Section        0  stm32f4xx_hal_cortex.o(i.HAL_NVIC_SetPriority)
    i.HAL_NVIC_SetPriorityGrouping           0x080006d0   Section        0  stm32f4xx_hal_cortex.o(i.HAL_NVIC_SetPriorityGrouping)
    i.HAL_PWREx_EnableOverDrive              0x080006f4   Section        0  stm32f4xx_hal_pwr_ex.o(i.HAL_PWREx_EnableOverDrive)
    i.HAL_RCC_ClockConfig                    0x08000764   Section        0  stm32f4xx_hal_rcc.o(i.HAL_RCC_ClockConfig)
    i.HAL_RCC_GetHCLKFreq                    0x08000898   Section        0  stm32f4xx_hal_rcc.o(i.HAL_RCC_GetHCLKFreq)
    i.HAL_RCC_GetSysClockFreq                0x080008a4   Section        0  stm32f4xx_hal_rcc.o(i.HAL_RCC_GetSysClockFreq)
    i.HAL_RCC_OscConfig                      0x08000908   Section        0  stm32f4xx_hal_rcc.o(i.HAL_RCC_OscConfig)
    i.HAL_SRAM_Init                          0x08000c50   Section        0  stm32f4xx_hal_sram.o(i.HAL_SRAM_Init)
    i.HAL_SRAM_MspInit                       0x08000ca8   Section        0  fmc.o(i.HAL_SRAM_MspInit)
    i.HAL_SYSTICK_CLKSourceConfig            0x08000d08   Section        0  stm32f4xx_hal_cortex.o(i.HAL_SYSTICK_CLKSourceConfig)
    i.HAL_SYSTICK_Config                     0x08000d20   Section        0  stm32f4xx_hal_cortex.o(i.HAL_SYSTICK_Config)
    i.HardFault_Handler                      0x08000d48   Section        0  stm32f4xx_it.o(i.HardFault_Handler)
    i.InQueue                                0x08000d4a   Section        0  queue.o(i.InQueue)
    i.LcdAddSpace                            0x08000d78   Section        0  lcd.o(i.LcdAddSpace)
    i.LcdClear                               0x08000dc0   Section        0  lcd.o(i.LcdClear)
    i.LcdInit                                0x08000df8   Section        0  lcd.o(i.LcdInit)
    i.LcdShowChinese                         0x08001a58   Section        0  lcd.o(i.LcdShowChinese)
    i.LcdShowNumber                          0x08001aac   Section        0  lcd.o(i.LcdShowNumber)
    i.LcdShowString                          0x08001af0   Section        0  lcd.o(i.LcdShowString)
    i.LedInit                                0x08001b48   Section        0  led.o(i.LedInit)
    i.MemManage_Handler                      0x08001b98   Section        0  stm32f4xx_it.o(i.MemManage_Handler)
    i.NMI_Handler                            0x08001b9a   Section        0  stm32f4xx_it.o(i.NMI_Handler)
    i.PendSV_Handler                         0x08001b9c   Section        0  stm32f4xx_it.o(i.PendSV_Handler)
    i.SVC_Handler                            0x08001b9e   Section        0  stm32f4xx_it.o(i.SVC_Handler)
    i.SetRegion                              0x08001ba0   Section        0  lcd.o(i.SetRegion)
    SetRegion                                0x08001ba1   Thumb Code    84  lcd.o(i.SetRegion)
    i.ShowWord                               0x08001bf8   Section        0  lcd.o(i.ShowWord)
    ShowWord                                 0x08001bf9   Thumb Code   158  lcd.o(i.ShowWord)
    i.SramInit                               0x08001ca0   Section        0  fmc.o(i.SramInit)
    i.SysTick_Handler                        0x08001d30   Section        0  stm32f4xx_it.o(i.SysTick_Handler)
    i.SystemClock_Config                     0x08001d34   Section        0  sys.o(i.SystemClock_Config)
    i.SystemInit                             0x08001dd0   Section        0  system_stm32f4xx.o(i.SystemInit)
    i.USART1_IRQHandler                      0x08001e24   Section        0  usart.o(i.USART1_IRQHandler)
    i.UsageFault_Handler                     0x08001e48   Section        0  stm32f4xx_it.o(i.UsageFault_Handler)
    i.__NVIC_SetPriority                     0x08001e4a   Section        0  stm32f4xx_hal_cortex.o(i.__NVIC_SetPriority)
    __NVIC_SetPriority                       0x08001e4b   Thumb Code    32  stm32f4xx_hal_cortex.o(i.__NVIC_SetPriority)
    i.__scatterload_copy                     0x08001e6a   Section       14  handlers.o(i.__scatterload_copy)
    i.__scatterload_null                     0x08001e78   Section        2  handlers.o(i.__scatterload_null)
    i.__scatterload_zeroinit                 0x08001e7a   Section       14  handlers.o(i.__scatterload_zeroinit)
    i.delay_ms                               0x08001e88   Section        0  delay.o(i.delay_ms)
    i.delay_us                               0x08001ea4   Section        0  delay.o(i.delay_us)
    i.main                                   0x08001ee0   Section        0  main.o(i.main)
    .constdata                               0x08001f50   Section     4896  lcd.o(.constdata)
    .constdata                               0x08003270   Section       16  system_stm32f4xx.o(.constdata)
    .data                                    0x20000000   Section       10  lcd.o(.data)
    character                                0x20000000   Data          10  lcd.o(.data)
    .data                                    0x2000000c   Section       12  stm32f4xx_hal.o(.data)
    .data                                    0x20000018   Section        4  system_stm32f4xx.o(.data)
    .bss                                     0x2000001c   Section      264  usart.o(.bss)
    STACK                                    0x20000128   Section     1024  startup_stm32f429xx.o(STACK)
    .ARM.__AT_0x40020010                     0x40020010   Section        4  sys.o(.ARM.__AT_0x40020010)
    .ARM.__AT_0x40020014                     0x40020014   Section        4  sys.o(.ARM.__AT_0x40020014)
    .ARM.__AT_0x40020410                     0x40020410   Section        4  sys.o(.ARM.__AT_0x40020410)
    .ARM.__AT_0x40020414                     0x40020414   Section        4  sys.o(.ARM.__AT_0x40020414)
    .ARM.__AT_0x40020810                     0x40020810   Section        4  sys.o(.ARM.__AT_0x40020810)
    .ARM.__AT_0x40020814                     0x40020814   Section        4  sys.o(.ARM.__AT_0x40020814)
    .ARM.__AT_0x40020C10                     0x40020c10   Section        4  sys.o(.ARM.__AT_0x40020C10)
    .ARM.__AT_0x40020C14                     0x40020c14   Section        4  sys.o(.ARM.__AT_0x40020C14)
    .ARM.__AT_0x40021010                     0x40021010   Section        4  sys.o(.ARM.__AT_0x40021010)
    .ARM.__AT_0x40021014                     0x40021014   Section        4  sys.o(.ARM.__AT_0x40021014)
    .ARM.__AT_0x40021410                     0x40021410   Section        4  sys.o(.ARM.__AT_0x40021410)
    .ARM.__AT_0x40021414                     0x40021414   Section        4  sys.o(.ARM.__AT_0x40021414)
    .ARM.__AT_0x40021810                     0x40021810   Section        4  sys.o(.ARM.__AT_0x40021810)
    .ARM.__AT_0x40021814                     0x40021814   Section        4  sys.o(.ARM.__AT_0x40021814)
    .ARM.__AT_0x40021C10                     0x40021c10   Section        4  sys.o(.ARM.__AT_0x40021C10)
    .ARM.__AT_0x40021C14                     0x40021c14   Section        4  sys.o(.ARM.__AT_0x40021C14)
    .ARM.__AT_0x40022010                     0x40022010   Section        4  sys.o(.ARM.__AT_0x40022010)
    .ARM.__AT_0x40022014                     0x40022014   Section        4  sys.o(.ARM.__AT_0x40022014)

    Global Symbols

    Symbol Name                              Value     Ov Type        Size  Object(Section)

    BuildAttributes$$THM_ISAv4$E$P$D$K$B$S$7EM$VFPi3$EXTD16$VFPS$VFMA$PE$A:L22UL41UL21$X:L11$S22US41US21$IEEE1$IW$USESV6$~STKCKD$USESV7$~SHL$OSPACE$EBA8$MICROLIB$REQ8$PRES8$EABIv2 0x00000000   Number         0  anon$$obj.o ABSOLUTE
    __ARM_use_no_argv                        0x00000000   Number         0  main.o ABSOLUTE
    __cpp_initialize__aeabi_                  - Undefined Weak Reference
    __cxa_finalize                            - Undefined Weak Reference
    __decompress                              - Undefined Weak Reference
    _clock_init                               - Undefined Weak Reference
    _microlib_exit                            - Undefined Weak Reference
    __Vectors_Size                           0x000001ac   Number         0  startup_stm32f429xx.o ABSOLUTE
    __Vectors                                0x08000000   Data           4  startup_stm32f429xx.o(RESET)
    __Vectors_End                            0x080001ac   Data           0  startup_stm32f429xx.o(RESET)
    __main                                   0x080001ad   Thumb Code     0  entry.o(.ARM.Collect$$$$00000000)
    _main_stk                                0x080001ad   Thumb Code     0  entry2.o(.ARM.Collect$$$$00000001)
    _main_scatterload                        0x080001b1   Thumb Code     0  entry5.o(.ARM.Collect$$$$00000004)
    __main_after_scatterload                 0x080001b5   Thumb Code     0  entry5.o(.ARM.Collect$$$$00000004)
    _main_clock                              0x080001b5   Thumb Code     0  entry7b.o(.ARM.Collect$$$$00000008)
    _main_cpp_init                           0x080001b5   Thumb Code     0  entry8b.o(.ARM.Collect$$$$0000000A)
    _main_init                               0x080001b5   Thumb Code     0  entry9a.o(.ARM.Collect$$$$0000000B)
    __rt_final_cpp                           0x080001bd   Thumb Code     0  entry10a.o(.ARM.Collect$$$$0000000D)
    __rt_final_exit                          0x080001bd   Thumb Code     0  entry11a.o(.ARM.Collect$$$$0000000F)
    Reset_Handler                            0x080001c1   Thumb Code     8  startup_stm32f429xx.o(.text)
    ADC_IRQHandler                           0x080001db   Thumb Code     0  startup_stm32f429xx.o(.text)
    CAN1_RX0_IRQHandler                      0x080001db   Thumb Code     0  startup_stm32f429xx.o(.text)
    CAN1_RX1_IRQHandler                      0x080001db   Thumb Code     0  startup_stm32f429xx.o(.text)
    CAN1_SCE_IRQHandler                      0x080001db   Thumb Code     0  startup_stm32f429xx.o(.text)
    CAN1_TX_IRQHandler                       0x080001db   Thumb Code     0  startup_stm32f429xx.o(.text)
    CAN2_RX0_IRQHandler                      0x080001db   Thumb Code     0  startup_stm32f429xx.o(.text)
    CAN2_RX1_IRQHandler                      0x080001db   Thumb Code     0  startup_stm32f429xx.o(.text)
    CAN2_SCE_IRQHandler                      0x080001db   Thumb Code     0  startup_stm32f429xx.o(.text)
    CAN2_TX_IRQHandler                       0x080001db   Thumb Code     0  startup_stm32f429xx.o(.text)
    DCMI_IRQHandler                          0x080001db   Thumb Code     0  startup_stm32f429xx.o(.text)
    DMA1_Stream0_IRQHandler                  0x080001db   Thumb Code     0  startup_stm32f429xx.o(.text)
    DMA1_Stream1_IRQHandler                  0x080001db   Thumb Code     0  startup_stm32f429xx.o(.text)
    DMA1_Stream2_IRQHandler                  0x080001db   Thumb Code     0  startup_stm32f429xx.o(.text)
    DMA1_Stream3_IRQHandler                  0x080001db   Thumb Code     0  startup_stm32f429xx.o(.text)
    DMA1_Stream4_IRQHandler                  0x080001db   Thumb Code     0  startup_stm32f429xx.o(.text)
    DMA1_Stream5_IRQHandler                  0x080001db   Thumb Code     0  startup_stm32f429xx.o(.text)
    DMA1_Stream6_IRQHandler                  0x080001db   Thumb Code     0  startup_stm32f429xx.o(.text)
    DMA1_Stream7_IRQHandler                  0x080001db   Thumb Code     0  startup_stm32f429xx.o(.text)
    DMA2D_IRQHandler                         0x080001db   Thumb Code     0  startup_stm32f429xx.o(.text)
    DMA2_Stream0_IRQHandler                  0x080001db   Thumb Code     0  startup_stm32f429xx.o(.text)
    DMA2_Stream1_IRQHandler                  0x080001db   Thumb Code     0  startup_stm32f429xx.o(.text)
    DMA2_Stream2_IRQHandler                  0x080001db   Thumb Code     0  startup_stm32f429xx.o(.text)
    DMA2_Stream3_IRQHandler                  0x080001db   Thumb Code     0  startup_stm32f429xx.o(.text)
    DMA2_Stream4_IRQHandler                  0x080001db   Thumb Code     0  startup_stm32f429xx.o(.text)
    DMA2_Stream5_IRQHandler                  0x080001db   Thumb Code     0  startup_stm32f429xx.o(.text)
    DMA2_Stream6_IRQHandler                  0x080001db   Thumb Code     0  startup_stm32f429xx.o(.text)
    DMA2_Stream7_IRQHandler                  0x080001db   Thumb Code     0  startup_stm32f429xx.o(.text)
    ETH_IRQHandler                           0x080001db   Thumb Code     0  startup_stm32f429xx.o(.text)
    ETH_WKUP_IRQHandler                      0x080001db   Thumb Code     0  startup_stm32f429xx.o(.text)
    EXTI0_IRQHandler                         0x080001db   Thumb Code     0  startup_stm32f429xx.o(.text)
    EXTI15_10_IRQHandler                     0x080001db   Thumb Code     0  startup_stm32f429xx.o(.text)
    EXTI1_IRQHandler                         0x080001db   Thumb Code     0  startup_stm32f429xx.o(.text)
    EXTI2_IRQHandler                         0x080001db   Thumb Code     0  startup_stm32f429xx.o(.text)
    EXTI3_IRQHandler                         0x080001db   Thumb Code     0  startup_stm32f429xx.o(.text)
    EXTI4_IRQHandler                         0x080001db   Thumb Code     0  startup_stm32f429xx.o(.text)
    EXTI9_5_IRQHandler                       0x080001db   Thumb Code     0  startup_stm32f429xx.o(.text)
    FLASH_IRQHandler                         0x080001db   Thumb Code     0  startup_stm32f429xx.o(.text)
    FMC_IRQHandler                           0x080001db   Thumb Code     0  startup_stm32f429xx.o(.text)
    FPU_IRQHandler                           0x080001db   Thumb Code     0  startup_stm32f429xx.o(.text)
    HASH_RNG_IRQHandler                      0x080001db   Thumb Code     0  startup_stm32f429xx.o(.text)
    I2C1_ER_IRQHandler                       0x080001db   Thumb Code     0  startup_stm32f429xx.o(.text)
    I2C1_EV_IRQHandler                       0x080001db   Thumb Code     0  startup_stm32f429xx.o(.text)
    I2C2_ER_IRQHandler                       0x080001db   Thumb Code     0  startup_stm32f429xx.o(.text)
    I2C2_EV_IRQHandler                       0x080001db   Thumb Code     0  startup_stm32f429xx.o(.text)
    I2C3_ER_IRQHandler                       0x080001db   Thumb Code     0  startup_stm32f429xx.o(.text)
    I2C3_EV_IRQHandler                       0x080001db   Thumb Code     0  startup_stm32f429xx.o(.text)
    LTDC_ER_IRQHandler                       0x080001db   Thumb Code     0  startup_stm32f429xx.o(.text)
    LTDC_IRQHandler                          0x080001db   Thumb Code     0  startup_stm32f429xx.o(.text)
    OTG_FS_IRQHandler                        0x080001db   Thumb Code     0  startup_stm32f429xx.o(.text)
    OTG_FS_WKUP_IRQHandler                   0x080001db   Thumb Code     0  startup_stm32f429xx.o(.text)
    OTG_HS_EP1_IN_IRQHandler                 0x080001db   Thumb Code     0  startup_stm32f429xx.o(.text)
    OTG_HS_EP1_OUT_IRQHandler                0x080001db   Thumb Code     0  startup_stm32f429xx.o(.text)
    OTG_HS_IRQHandler                        0x080001db   Thumb Code     0  startup_stm32f429xx.o(.text)
    OTG_HS_WKUP_IRQHandler                   0x080001db   Thumb Code     0  startup_stm32f429xx.o(.text)
    PVD_IRQHandler                           0x080001db   Thumb Code     0  startup_stm32f429xx.o(.text)
    RCC_IRQHandler                           0x080001db   Thumb Code     0  startup_stm32f429xx.o(.text)
    RTC_Alarm_IRQHandler                     0x080001db   Thumb Code     0  startup_stm32f429xx.o(.text)
    RTC_WKUP_IRQHandler                      0x080001db   Thumb Code     0  startup_stm32f429xx.o(.text)
    SAI1_IRQHandler                          0x080001db   Thumb Code     0  startup_stm32f429xx.o(.text)
    SDIO_IRQHandler                          0x080001db   Thumb Code     0  startup_stm32f429xx.o(.text)
    SPI1_IRQHandler                          0x080001db   Thumb Code     0  startup_stm32f429xx.o(.text)
    SPI2_IRQHandler                          0x080001db   Thumb Code     0  startup_stm32f429xx.o(.text)
    SPI3_IRQHandler                          0x080001db   Thumb Code     0  startup_stm32f429xx.o(.text)
    SPI4_IRQHandler                          0x080001db   Thumb Code     0  startup_stm32f429xx.o(.text)
    SPI5_IRQHandler                          0x080001db   Thumb Code     0  startup_stm32f429xx.o(.text)
    SPI6_IRQHandler                          0x080001db   Thumb Code     0  startup_stm32f429xx.o(.text)
    TAMP_STAMP_IRQHandler                    0x080001db   Thumb Code     0  startup_stm32f429xx.o(.text)
    TIM1_BRK_TIM9_IRQHandler                 0x080001db   Thumb Code     0  startup_stm32f429xx.o(.text)
    TIM1_CC_IRQHandler                       0x080001db   Thumb Code     0  startup_stm32f429xx.o(.text)
    TIM1_TRG_COM_TIM11_IRQHandler            0x080001db   Thumb Code     0  startup_stm32f429xx.o(.text)
    TIM1_UP_TIM10_IRQHandler                 0x080001db   Thumb Code     0  startup_stm32f429xx.o(.text)
    TIM2_IRQHandler                          0x080001db   Thumb Code     0  startup_stm32f429xx.o(.text)
    TIM3_IRQHandler                          0x080001db   Thumb Code     0  startup_stm32f429xx.o(.text)
    TIM4_IRQHandler                          0x080001db   Thumb Code     0  startup_stm32f429xx.o(.text)
    TIM5_IRQHandler                          0x080001db   Thumb Code     0  startup_stm32f429xx.o(.text)
    TIM6_DAC_IRQHandler                      0x080001db   Thumb Code     0  startup_stm32f429xx.o(.text)
    TIM7_IRQHandler                          0x080001db   Thumb Code     0  startup_stm32f429xx.o(.text)
    TIM8_BRK_TIM12_IRQHandler                0x080001db   Thumb Code     0  startup_stm32f429xx.o(.text)
    TIM8_CC_IRQHandler                       0x080001db   Thumb Code     0  startup_stm32f429xx.o(.text)
    TIM8_TRG_COM_TIM14_IRQHandler            0x080001db   Thumb Code     0  startup_stm32f429xx.o(.text)
    TIM8_UP_TIM13_IRQHandler                 0x080001db   Thumb Code     0  startup_stm32f429xx.o(.text)
    UART4_IRQHandler                         0x080001db   Thumb Code     0  startup_stm32f429xx.o(.text)
    UART5_IRQHandler                         0x080001db   Thumb Code     0  startup_stm32f429xx.o(.text)
    UART7_IRQHandler                         0x080001db   Thumb Code     0  startup_stm32f429xx.o(.text)
    UART8_IRQHandler                         0x080001db   Thumb Code     0  startup_stm32f429xx.o(.text)
    USART2_IRQHandler                        0x080001db   Thumb Code     0  startup_stm32f429xx.o(.text)
    USART3_IRQHandler                        0x080001db   Thumb Code     0  startup_stm32f429xx.o(.text)
    USART6_IRQHandler                        0x080001db   Thumb Code     0  startup_stm32f429xx.o(.text)
    WWDG_IRQHandler                          0x080001db   Thumb Code     0  startup_stm32f429xx.o(.text)
    __aeabi_uldivmod                         0x080001e5   Thumb Code    98  uldiv.o(.text)
    __aeabi_memset                           0x08000247   Thumb Code    14  memseta.o(.text)
    __aeabi_memset4                          0x08000247   Thumb Code     0  memseta.o(.text)
    __aeabi_memset8                          0x08000247   Thumb Code     0  memseta.o(.text)
    __aeabi_memclr                           0x08000255   Thumb Code     4  memseta.o(.text)
    __aeabi_memclr4                          0x08000255   Thumb Code     0  memseta.o(.text)
    __aeabi_memclr8                          0x08000255   Thumb Code     0  memseta.o(.text)
    _memset$wrapper                          0x08000259   Thumb Code    18  memseta.o(.text)
    __aeabi_llsl                             0x0800026b   Thumb Code    30  llshl.o(.text)
    _ll_shift_l                              0x0800026b   Thumb Code     0  llshl.o(.text)
    __aeabi_llsr                             0x08000289   Thumb Code    32  llushr.o(.text)
    _ll_ushift_r                             0x08000289   Thumb Code     0  llushr.o(.text)
    __scatterload                            0x080002a9   Thumb Code    28  init.o(.text)
    __scatterload_rt2                        0x080002a9   Thumb Code     0  init.o(.text)
    BusFault_Handler                         0x080002cd   Thumb Code     2  stm32f4xx_it.o(i.BusFault_Handler)
    DebugMon_Handler                         0x080002cf   Thumb Code     2  stm32f4xx_it.o(i.DebugMon_Handler)
    FMC_NORSRAM_Extended_Timing_Init         0x080002d1   Thumb Code    60  stm32f4xx_ll_fmc.o(i.FMC_NORSRAM_Extended_Timing_Init)
    FMC_NORSRAM_Init                         0x08000311   Thumb Code   104  stm32f4xx_ll_fmc.o(i.FMC_NORSRAM_Init)
    FMC_NORSRAM_Timing_Init                  0x0800037d   Thumb Code    86  stm32f4xx_ll_fmc.o(i.FMC_NORSRAM_Timing_Init)
    GpioInit                                 0x080003d9   Thumb Code    58  gpio.o(i.GpioInit)
    HAL_GPIO_Init                            0x0800041d   Thumb Code   410  stm32f4xx_hal_gpio.o(i.HAL_GPIO_Init)
    HAL_GPIO_WritePin                        0x080005ed   Thumb Code    10  stm32f4xx_hal_gpio.o(i.HAL_GPIO_WritePin)
    HAL_GetTick                              0x080005f9   Thumb Code     6  stm32f4xx_hal.o(i.HAL_GetTick)
    HAL_IncTick                              0x08000605   Thumb Code    12  stm32f4xx_hal.o(i.HAL_IncTick)
    HAL_Init                                 0x08000615   Thumb Code    48  stm32f4xx_hal.o(i.HAL_Init)
    HAL_InitTick                             0x08000649   Thumb Code    54  stm32f4xx_hal.o(i.HAL_InitTick)
    HAL_MspInit                              0x08000689   Thumb Code     6  stm32f4xx_hal_msp.o(i.HAL_MspInit)
    HAL_NVIC_SetPriority                     0x08000691   Thumb Code    60  stm32f4xx_hal_cortex.o(i.HAL_NVIC_SetPriority)
    HAL_NVIC_SetPriorityGrouping             0x080006d1   Thumb Code    26  stm32f4xx_hal_cortex.o(i.HAL_NVIC_SetPriorityGrouping)
    HAL_PWREx_EnableOverDrive                0x080006f5   Thumb Code   100  stm32f4xx_hal_pwr_ex.o(i.HAL_PWREx_EnableOverDrive)
    HAL_RCC_ClockConfig                      0x08000765   Thumb Code   288  stm32f4xx_hal_rcc.o(i.HAL_RCC_ClockConfig)
    HAL_RCC_GetHCLKFreq                      0x08000899   Thumb Code     6  stm32f4xx_hal_rcc.o(i.HAL_RCC_GetHCLKFreq)
    HAL_RCC_GetSysClockFreq                  0x080008a5   Thumb Code    88  stm32f4xx_hal_rcc.o(i.HAL_RCC_GetSysClockFreq)
    HAL_RCC_OscConfig                        0x08000909   Thumb Code   820  stm32f4xx_hal_rcc.o(i.HAL_RCC_OscConfig)
    HAL_SRAM_Init                            0x08000c51   Thumb Code    86  stm32f4xx_hal_sram.o(i.HAL_SRAM_Init)
    HAL_SRAM_MspInit                         0x08000ca9   Thumb Code    82  fmc.o(i.HAL_SRAM_MspInit)
    HAL_SYSTICK_CLKSourceConfig              0x08000d09   Thumb Code    24  stm32f4xx_hal_cortex.o(i.HAL_SYSTICK_CLKSourceConfig)
    HAL_SYSTICK_Config                       0x08000d21   Thumb Code    40  stm32f4xx_hal_cortex.o(i.HAL_SYSTICK_Config)
    HardFault_Handler                        0x08000d49   Thumb Code     2  stm32f4xx_it.o(i.HardFault_Handler)
    InQueue                                  0x08000d4b   Thumb Code    44  queue.o(i.InQueue)
    LcdAddSpace                              0x08000d79   Thumb Code    66  lcd.o(i.LcdAddSpace)
    LcdClear                                 0x08000dc1   Thumb Code    46  lcd.o(i.LcdClear)
    LcdInit                                  0x08000df9   Thumb Code  3168  lcd.o(i.LcdInit)
    LcdShowChinese                           0x08001a59   Thumb Code    76  lcd.o(i.LcdShowChinese)
    LcdShowNumber                            0x08001aad   Thumb Code    64  lcd.o(i.LcdShowNumber)
    LcdShowString                            0x08001af1   Thumb Code    80  lcd.o(i.LcdShowString)
    LedInit                                  0x08001b49   Thumb Code    70  led.o(i.LedInit)
    MemManage_Handler                        0x08001b99   Thumb Code     2  stm32f4xx_it.o(i.MemManage_Handler)
    NMI_Handler                              0x08001b9b   Thumb Code     2  stm32f4xx_it.o(i.NMI_Handler)
    PendSV_Handler                           0x08001b9d   Thumb Code     2  stm32f4xx_it.o(i.PendSV_Handler)
    SVC_Handler                              0x08001b9f   Thumb Code     2  stm32f4xx_it.o(i.SVC_Handler)
    SramInit                                 0x08001ca1   Thumb Code   136  fmc.o(i.SramInit)
    SysTick_Handler                          0x08001d31   Thumb Code     4  stm32f4xx_it.o(i.SysTick_Handler)
    SystemClock_Config                       0x08001d35   Thumb Code   146  sys.o(i.SystemClock_Config)
    SystemInit                               0x08001dd1   Thumb Code    66  system_stm32f4xx.o(i.SystemInit)
    USART1_IRQHandler                        0x08001e25   Thumb Code    26  usart.o(i.USART1_IRQHandler)
    UsageFault_Handler                       0x08001e49   Thumb Code     2  stm32f4xx_it.o(i.UsageFault_Handler)
    __scatterload_copy                       0x08001e6b   Thumb Code    14  handlers.o(i.__scatterload_copy)
    __scatterload_null                       0x08001e79   Thumb Code     2  handlers.o(i.__scatterload_null)
    __scatterload_zeroinit                   0x08001e7b   Thumb Code    14  handlers.o(i.__scatterload_zeroinit)
    delay_ms                                 0x08001e89   Thumb Code    26  delay.o(i.delay_ms)
    delay_us                                 0x08001ea5   Thumb Code    56  delay.o(i.delay_us)
    main                                     0x08001ee1   Thumb Code    82  main.o(i.main)
    tableFS2E                                0x08001f50   Data        1504  lcd.o(.constdata)
    tableFS2C                                0x08002530   Data        3392  lcd.o(.constdata)
    AHBPrescTable                            0x08003270   Data          16  system_stm32f4xx.o(.constdata)
    Region$$Table$$Base                      0x08003280   Number         0  anon$$obj.o(Region$$Table)
    Region$$Table$$Limit                     0x080032a0   Number         0  anon$$obj.o(Region$$Table)
    uwTickFreq                               0x2000000c   Data           1  stm32f4xx_hal.o(.data)
    uwTickPrio                               0x20000010   Data           4  stm32f4xx_hal.o(.data)
    uwTick                                   0x20000014   Data           4  stm32f4xx_hal.o(.data)
    SystemCoreClock                          0x20000018   Data           4  system_stm32f4xx.o(.data)
    queueRx                                  0x2000001c   Data         264  usart.o(.bss)
    __initial_sp                             0x20000528   Data           0  startup_stm32f429xx.o(STACK)
    PAin                                     0x40020010   Data           4  sys.o(.ARM.__AT_0x40020010)
    PAout                                    0x40020014   Data           4  sys.o(.ARM.__AT_0x40020014)
    PBin                                     0x40020410   Data           4  sys.o(.ARM.__AT_0x40020410)
    PBout                                    0x40020414   Data           4  sys.o(.ARM.__AT_0x40020414)
    PCin                                     0x40020810   Data           4  sys.o(.ARM.__AT_0x40020810)
    PCout                                    0x40020814   Data           4  sys.o(.ARM.__AT_0x40020814)
    PDin                                     0x40020c10   Data           4  sys.o(.ARM.__AT_0x40020C10)
    PDout                                    0x40020c14   Data           4  sys.o(.ARM.__AT_0x40020C14)
    PEin                                     0x40021010   Data           4  sys.o(.ARM.__AT_0x40021010)
    PEout                                    0x40021014   Data           4  sys.o(.ARM.__AT_0x40021014)
    PFin                                     0x40021410   Data           4  sys.o(.ARM.__AT_0x40021410)
    PFout                                    0x40021414   Data           4  sys.o(.ARM.__AT_0x40021414)
    PGin                                     0x40021810   Data           4  sys.o(.ARM.__AT_0x40021810)
    PGout                                    0x40021814   Data           4  sys.o(.ARM.__AT_0x40021814)
    PHin                                     0x40021c10   Data           4  sys.o(.ARM.__AT_0x40021C10)
    PHout                                    0x40021c14   Data           4  sys.o(.ARM.__AT_0x40021C14)
    PIin                                     0x40022010   Data           4  sys.o(.ARM.__AT_0x40022010)
    PIout                                    0x40022014   Data           4  sys.o(.ARM.__AT_0x40022014)



==============================================================================

Memory Map of the image

  Image Entry point : 0x080001ad

  Load Region LR_IROM1 (Base: 0x08000000, Size: 0x000032bc, Max: 0x00100000, ABSOLUTE)

    Execution Region ER_IROM1 (Base: 0x08000000, Size: 0x000032a0, Max: 0x00100000, ABSOLUTE)

    Base Addr    Size         Type   Attr      Idx    E Section Name        Object

    0x08000000   0x000001ac   Data   RO         9672    RESET               startup_stm32f429xx.o
    0x080001ac   0x00000000   Code   RO         9677  * .ARM.Collect$$$$00000000  mc_w.l(entry.o)
    0x080001ac   0x00000004   Code   RO         9688    .ARM.Collect$$$$00000001  mc_w.l(entry2.o)
    0x080001b0   0x00000004   Code   RO         9691    .ARM.Collect$$$$00000004  mc_w.l(entry5.o)
    0x080001b4   0x00000000   Code   RO         9693    .ARM.Collect$$$$00000008  mc_w.l(entry7b.o)
    0x080001b4   0x00000000   Code   RO         9695    .ARM.Collect$$$$0000000A  mc_w.l(entry8b.o)
    0x080001b4   0x00000008   Code   RO         9696    .ARM.Collect$$$$0000000B  mc_w.l(entry9a.o)
    0x080001bc   0x00000000   Code   RO         9698    .ARM.Collect$$$$0000000D  mc_w.l(entry10a.o)
    0x080001bc   0x00000000   Code   RO         9700    .ARM.Collect$$$$0000000F  mc_w.l(entry11a.o)
    0x080001bc   0x00000004   Code   RO         9689    .ARM.Collect$$$$00002712  mc_w.l(entry2.o)
    0x080001c0   0x00000024   Code   RO         9673    .text               startup_stm32f429xx.o
    0x080001e4   0x00000062   Code   RO         9680    .text               mc_w.l(uldiv.o)
    0x08000246   0x00000024   Code   RO         9684    .text               mc_w.l(memseta.o)
    0x0800026a   0x0000001e   Code   RO         9702    .text               mc_w.l(llshl.o)
    0x08000288   0x00000020   Code   RO         9704    .text               mc_w.l(llushr.o)
    0x080002a8   0x00000024   Code   RO         9706    .text               mc_w.l(init.o)
    0x080002cc   0x00000002   Code   RO          250    i.BusFault_Handler  stm32f4xx_it.o
    0x080002ce   0x00000002   Code   RO          251    i.DebugMon_Handler  stm32f4xx_it.o
    0x080002d0   0x00000040   Code   RO         8801    i.FMC_NORSRAM_Extended_Timing_Init  stm32f4xx_ll_fmc.o
    0x08000310   0x0000006c   Code   RO         8802    i.FMC_NORSRAM_Init  stm32f4xx_ll_fmc.o
    0x0800037c   0x0000005c   Code   RO         8803    i.FMC_NORSRAM_Timing_Init  stm32f4xx_ll_fmc.o
    0x080003d8   0x00000044   Code   RO          686    i.GpioInit          gpio.o
    0x0800041c   0x000001d0   Code   RO         2769    i.HAL_GPIO_Init     stm32f4xx_hal_gpio.o
    0x080005ec   0x0000000a   Code   RO         2773    i.HAL_GPIO_WritePin  stm32f4xx_hal_gpio.o
    0x080005f6   0x00000002   PAD
    0x080005f8   0x0000000c   Code   RO          725    i.HAL_GetTick       stm32f4xx_hal.o
    0x08000604   0x00000010   Code   RO          731    i.HAL_IncTick       stm32f4xx_hal.o
    0x08000614   0x00000034   Code   RO          732    i.HAL_Init          stm32f4xx_hal.o
    0x08000648   0x00000040   Code   RO          733    i.HAL_InitTick      stm32f4xx_hal.o
    0x08000688   0x00000006   Code   RO            5    i.HAL_MspInit       stm32f4xx_hal_msp.o
    0x0800068e   0x00000002   PAD
    0x08000690   0x00000040   Code   RO         1428    i.HAL_NVIC_SetPriority  stm32f4xx_hal_cortex.o
    0x080006d0   0x00000024   Code   RO         1429    i.HAL_NVIC_SetPriorityGrouping  stm32f4xx_hal_cortex.o
    0x080006f4   0x00000070   Code   RO         5109    i.HAL_PWREx_EnableOverDrive  stm32f4xx_hal_pwr_ex.o
    0x08000764   0x00000134   Code   RO         5176    i.HAL_RCC_ClockConfig  stm32f4xx_hal_rcc.o
    0x08000898   0x0000000c   Code   RO         5181    i.HAL_RCC_GetHCLKFreq  stm32f4xx_hal_rcc.o
    0x080008a4   0x00000064   Code   RO         5185    i.HAL_RCC_GetSysClockFreq  stm32f4xx_hal_rcc.o
    0x08000908   0x00000348   Code   RO         5188    i.HAL_RCC_OscConfig  stm32f4xx_hal_rcc.o
    0x08000c50   0x00000056   Code   RO         7058    i.HAL_SRAM_Init     stm32f4xx_hal_sram.o
    0x08000ca6   0x00000002   PAD
    0x08000ca8   0x00000060   Code   RO          554    i.HAL_SRAM_MspInit  fmc.o
    0x08000d08   0x00000018   Code   RO         1431    i.HAL_SYSTICK_CLKSourceConfig  stm32f4xx_hal_cortex.o
    0x08000d20   0x00000028   Code   RO         1433    i.HAL_SYSTICK_Config  stm32f4xx_hal_cortex.o
    0x08000d48   0x00000002   Code   RO          252    i.HardFault_Handler  stm32f4xx_it.o
    0x08000d4a   0x0000002c   Code   RO          399    i.InQueue           queue.o
    0x08000d76   0x00000002   PAD
    0x08000d78   0x00000048   Code   RO          584    i.LcdAddSpace       lcd.o
    0x08000dc0   0x00000038   Code   RO          585    i.LcdClear          lcd.o
    0x08000df8   0x00000c60   Code   RO          587    i.LcdInit           lcd.o
    0x08001a58   0x00000054   Code   RO          591    i.LcdShowChinese    lcd.o
    0x08001aac   0x00000044   Code   RO          592    i.LcdShowNumber     lcd.o
    0x08001af0   0x00000058   Code   RO          593    i.LcdShowString     lcd.o
    0x08001b48   0x00000050   Code   RO          530    i.LedInit           led.o
    0x08001b98   0x00000002   Code   RO          253    i.MemManage_Handler  stm32f4xx_it.o
    0x08001b9a   0x00000002   Code   RO          254    i.NMI_Handler       stm32f4xx_it.o
    0x08001b9c   0x00000002   Code   RO          255    i.PendSV_Handler    stm32f4xx_it.o
    0x08001b9e   0x00000002   Code   RO          256    i.SVC_Handler       stm32f4xx_it.o
    0x08001ba0   0x00000058   Code   RO          595    i.SetRegion         lcd.o
    0x08001bf8   0x000000a8   Code   RO          596    i.ShowWord          lcd.o
    0x08001ca0   0x00000090   Code   RO          555    i.SramInit          fmc.o
    0x08001d30   0x00000004   Code   RO          257    i.SysTick_Handler   stm32f4xx_it.o
    0x08001d34   0x0000009c   Code   RO          428    i.SystemClock_Config  sys.o
    0x08001dd0   0x00000054   Code   RO         8738    i.SystemInit        system_stm32f4xx.o
    0x08001e24   0x00000024   Code   RO          476    i.USART1_IRQHandler  usart.o
    0x08001e48   0x00000002   Code   RO          258    i.UsageFault_Handler  stm32f4xx_it.o
    0x08001e4a   0x00000020   Code   RO         1435    i.__NVIC_SetPriority  stm32f4xx_hal_cortex.o
    0x08001e6a   0x0000000e   Code   RO         9710    i.__scatterload_copy  mc_w.l(handlers.o)
    0x08001e78   0x00000002   Code   RO         9711    i.__scatterload_null  mc_w.l(handlers.o)
    0x08001e7a   0x0000000e   Code   RO         9712    i.__scatterload_zeroinit  mc_w.l(handlers.o)
    0x08001e88   0x0000001a   Code   RO          371    i.delay_ms          delay.o
    0x08001ea2   0x00000002   PAD
    0x08001ea4   0x0000003c   Code   RO          372    i.delay_us          delay.o
    0x08001ee0   0x00000070   Code   RO          328    i.main              main.o
    0x08001f50   0x00001320   Data   RO          597    .constdata          lcd.o
    0x08003270   0x00000010   Data   RO         8739    .constdata          system_stm32f4xx.o
    0x08003280   0x00000020   Data   RO         9708    Region$$Table       anon$$obj.o


    Execution Region RW_IRAM1 (Base: 0x20000000, Size: 0x00000528, Max: 0x00030000, ABSOLUTE)

    Base Addr    Size         Type   Attr      Idx    E Section Name        Object

    0x20000000   0x0000000a   Data   RW          599    .data               lcd.o
    0x2000000a   0x00000002   PAD
    0x2000000c   0x0000000c   Data   RW          739    .data               stm32f4xx_hal.o
    0x20000018   0x00000004   Data   RW         8741    .data               system_stm32f4xx.o
    0x2000001c   0x00000108   Zero   RW          479    .bss                usart.o
    0x20000124   0x00000004   PAD
    0x20000128   0x00000400   Zero   RW         9670    STACK               startup_stm32f429xx.o



  Load Region LR$$.ARM.__AT_0x40020010 (Base: 0x40020010, Size: 0x00000000, Max: 0x00000004, ABSOLUTE)

    Execution Region ER$$.ARM.__AT_0x40020010 (Base: 0x40020010, Size: 0x00000004, Max: 0x00000004, ABSOLUTE, UNINIT)

    Base Addr    Size         Type   Attr      Idx    E Section Name        Object

    0x40020010   0x00000004   Zero   RW          429    .ARM.__AT_0x40020010  sys.o



  Load Region LR$$.ARM.__AT_0x40020014 (Base: 0x40020014, Size: 0x00000000, Max: 0x00000004, ABSOLUTE)

    Execution Region ER$$.ARM.__AT_0x40020014 (Base: 0x40020014, Size: 0x00000004, Max: 0x00000004, ABSOLUTE, UNINIT)

    Base Addr    Size         Type   Attr      Idx    E Section Name        Object

    0x40020014   0x00000004   Zero   RW          430    .ARM.__AT_0x40020014  sys.o



  Load Region LR$$.ARM.__AT_0x40020410 (Base: 0x40020410, Size: 0x00000000, Max: 0x00000004, ABSOLUTE)

    Execution Region ER$$.ARM.__AT_0x40020410 (Base: 0x40020410, Size: 0x00000004, Max: 0x00000004, ABSOLUTE, UNINIT)

    Base Addr    Size         Type   Attr      Idx    E Section Name        Object

    0x40020410   0x00000004   Zero   RW          431    .ARM.__AT_0x40020410  sys.o



  Load Region LR$$.ARM.__AT_0x40020414 (Base: 0x40020414, Size: 0x00000000, Max: 0x00000004, ABSOLUTE)

    Execution Region ER$$.ARM.__AT_0x40020414 (Base: 0x40020414, Size: 0x00000004, Max: 0x00000004, ABSOLUTE, UNINIT)

    Base Addr    Size         Type   Attr      Idx    E Section Name        Object

    0x40020414   0x00000004   Zero   RW          432    .ARM.__AT_0x40020414  sys.o



  Load Region LR$$.ARM.__AT_0x40020810 (Base: 0x40020810, Size: 0x00000000, Max: 0x00000004, ABSOLUTE)

    Execution Region ER$$.ARM.__AT_0x40020810 (Base: 0x40020810, Size: 0x00000004, Max: 0x00000004, ABSOLUTE, UNINIT)

    Base Addr    Size         Type   Attr      Idx    E Section Name        Object

    0x40020810   0x00000004   Zero   RW          433    .ARM.__AT_0x40020810  sys.o



  Load Region LR$$.ARM.__AT_0x40020814 (Base: 0x40020814, Size: 0x00000000, Max: 0x00000004, ABSOLUTE)

    Execution Region ER$$.ARM.__AT_0x40020814 (Base: 0x40020814, Size: 0x00000004, Max: 0x00000004, ABSOLUTE, UNINIT)

    Base Addr    Size         Type   Attr      Idx    E Section Name        Object

    0x40020814   0x00000004   Zero   RW          434    .ARM.__AT_0x40020814  sys.o



  Load Region LR$$.ARM.__AT_0x40020C10 (Base: 0x40020c10, Size: 0x00000000, Max: 0x00000004, ABSOLUTE)

    Execution Region ER$$.ARM.__AT_0x40020C10 (Base: 0x40020c10, Size: 0x00000004, Max: 0x00000004, ABSOLUTE, UNINIT)

    Base Addr    Size         Type   Attr      Idx    E Section Name        Object

    0x40020c10   0x00000004   Zero   RW          435    .ARM.__AT_0x40020C10  sys.o



  Load Region LR$$.ARM.__AT_0x40020C14 (Base: 0x40020c14, Size: 0x00000000, Max: 0x00000004, ABSOLUTE)

    Execution Region ER$$.ARM.__AT_0x40020C14 (Base: 0x40020c14, Size: 0x00000004, Max: 0x00000004, ABSOLUTE, UNINIT)

    Base Addr    Size         Type   Attr      Idx    E Section Name        Object

    0x40020c14   0x00000004   Zero   RW          436    .ARM.__AT_0x40020C14  sys.o



  Load Region LR$$.ARM.__AT_0x40021010 (Base: 0x40021010, Size: 0x00000000, Max: 0x00000004, ABSOLUTE)

    Execution Region ER$$.ARM.__AT_0x40021010 (Base: 0x40021010, Size: 0x00000004, Max: 0x00000004, ABSOLUTE, UNINIT)

    Base Addr    Size         Type   Attr      Idx    E Section Name        Object

    0x40021010   0x00000004   Zero   RW          437    .ARM.__AT_0x40021010  sys.o



  Load Region LR$$.ARM.__AT_0x40021014 (Base: 0x40021014, Size: 0x00000000, Max: 0x00000004, ABSOLUTE)

    Execution Region ER$$.ARM.__AT_0x40021014 (Base: 0x40021014, Size: 0x00000004, Max: 0x00000004, ABSOLUTE, UNINIT)

    Base Addr    Size         Type   Attr      Idx    E Section Name        Object

    0x40021014   0x00000004   Zero   RW          438    .ARM.__AT_0x40021014  sys.o



  Load Region LR$$.ARM.__AT_0x40021410 (Base: 0x40021410, Size: 0x00000000, Max: 0x00000004, ABSOLUTE)

    Execution Region ER$$.ARM.__AT_0x40021410 (Base: 0x40021410, Size: 0x00000004, Max: 0x00000004, ABSOLUTE, UNINIT)

    Base Addr    Size         Type   Attr      Idx    E Section Name        Object

    0x40021410   0x00000004   Zero   RW          439    .ARM.__AT_0x40021410  sys.o



  Load Region LR$$.ARM.__AT_0x40021414 (Base: 0x40021414, Size: 0x00000000, Max: 0x00000004, ABSOLUTE)

    Execution Region ER$$.ARM.__AT_0x40021414 (Base: 0x40021414, Size: 0x00000004, Max: 0x00000004, ABSOLUTE, UNINIT)

    Base Addr    Size         Type   Attr      Idx    E Section Name        Object

    0x40021414   0x00000004   Zero   RW          440    .ARM.__AT_0x40021414  sys.o



  Load Region LR$$.ARM.__AT_0x40021810 (Base: 0x40021810, Size: 0x00000000, Max: 0x00000004, ABSOLUTE)

    Execution Region ER$$.ARM.__AT_0x40021810 (Base: 0x40021810, Size: 0x00000004, Max: 0x00000004, ABSOLUTE, UNINIT)

    Base Addr    Size         Type   Attr      Idx    E Section Name        Object

    0x40021810   0x00000004   Zero   RW          441    .ARM.__AT_0x40021810  sys.o



  Load Region LR$$.ARM.__AT_0x40021814 (Base: 0x40021814, Size: 0x00000000, Max: 0x00000004, ABSOLUTE)

    Execution Region ER$$.ARM.__AT_0x40021814 (Base: 0x40021814, Size: 0x00000004, Max: 0x00000004, ABSOLUTE, UNINIT)

    Base Addr    Size         Type   Attr      Idx    E Section Name        Object

    0x40021814   0x00000004   Zero   RW          442    .ARM.__AT_0x40021814  sys.o



  Load Region LR$$.ARM.__AT_0x40021C10 (Base: 0x40021c10, Size: 0x00000000, Max: 0x00000004, ABSOLUTE)

    Execution Region ER$$.ARM.__AT_0x40021C10 (Base: 0x40021c10, Size: 0x00000004, Max: 0x00000004, ABSOLUTE, UNINIT)

    Base Addr    Size         Type   Attr      Idx    E Section Name        Object

    0x40021c10   0x00000004   Zero   RW          443    .ARM.__AT_0x40021C10  sys.o



  Load Region LR$$.ARM.__AT_0x40021C14 (Base: 0x40021c14, Size: 0x00000000, Max: 0x00000004, ABSOLUTE)

    Execution Region ER$$.ARM.__AT_0x40021C14 (Base: 0x40021c14, Size: 0x00000004, Max: 0x00000004, ABSOLUTE, UNINIT)

    Base Addr    Size         Type   Attr      Idx    E Section Name        Object

    0x40021c14   0x00000004   Zero   RW          444    .ARM.__AT_0x40021C14  sys.o



  Load Region LR$$.ARM.__AT_0x40022010 (Base: 0x40022010, Size: 0x00000000, Max: 0x00000004, ABSOLUTE)

    Execution Region ER$$.ARM.__AT_0x40022010 (Base: 0x40022010, Size: 0x00000004, Max: 0x00000004, ABSOLUTE, UNINIT)

    Base Addr    Size         Type   Attr      Idx    E Section Name        Object

    0x40022010   0x00000004   Zero   RW          445    .ARM.__AT_0x40022010  sys.o



  Load Region LR$$.ARM.__AT_0x40022014 (Base: 0x40022014, Size: 0x00000000, Max: 0x00000004, ABSOLUTE)

    Execution Region ER$$.ARM.__AT_0x40022014 (Base: 0x40022014, Size: 0x00000004, Max: 0x00000004, ABSOLUTE, UNINIT)

    Base Addr    Size         Type   Attr      Idx    E Section Name        Object

    0x40022014   0x00000004   Zero   RW          446    .ARM.__AT_0x40022014  sys.o


==============================================================================

Image component sizes


      Code (inc. data)   RO Data    RW Data    ZI Data      Debug   Object Name

        86          4          0          0          0       1210   delay.o
       240         22          0          0          0       1642   fmc.o
        68         10          0          0          0        871   gpio.o
      3792         54       4896         10          0       9148   lcd.o
        80         10          0          0          0        862   led.o
       112         30          0          0          0       1519   main.o
        44          0          0          0          0       1186   queue.o
        36          8        428          0       1024        812   startup_stm32f429xx.o
       144         24          0         12          0       8513   stm32f4xx_hal.o
       196         14          0          0          0      33532   stm32f4xx_hal_cortex.o
       474         54          0          0          0       2340   stm32f4xx_hal_gpio.o
         6          0          0          0          0     723650   stm32f4xx_hal_msp.o
       112         12          0          0          0       1168   stm32f4xx_hal_pwr_ex.o
      1260         58          0          0          0       4354   stm32f4xx_hal_rcc.o
        86          0          0          0          0       1080   stm32f4xx_hal_sram.o
        20          0          0          0          0       3978   stm32f4xx_it.o
       264         14          0          0          0       2540   stm32f4xx_ll_fmc.o
       156         10          0          0         72       2334   sys.o
        84         18         16          4          0       1123   system_stm32f4xx.o
        36         10          0          0        264       1342   usart.o

    ----------------------------------------------------------------------
      7306        352       5372         28       1364     803204   Object Totals
         0          0         32          0          0          0   (incl. Generated)
        10          0          0          2          4          0   (incl. Padding)

    ----------------------------------------------------------------------

      Code (inc. data)   RO Data    RW Data    ZI Data      Debug   Library Member Name

         0          0          0          0          0          0   entry.o
         0          0          0          0          0          0   entry10a.o
         0          0          0          0          0          0   entry11a.o
         8          4          0          0          0          0   entry2.o
         4          0          0          0          0          0   entry5.o
         0          0          0          0          0          0   entry7b.o
         0          0          0          0          0          0   entry8b.o
         8          4          0          0          0          0   entry9a.o
        30          0          0          0          0          0   handlers.o
        36          8          0          0          0         68   init.o
        30          0          0          0          0         68   llshl.o
        32          0          0          0          0         68   llushr.o
        36          0          0          0          0        108   memseta.o
        98          0          0          0          0         92   uldiv.o

    ----------------------------------------------------------------------
       282         16          0          0          0        404   Library Totals
         0          0          0          0          0          0   (incl. Padding)

    ----------------------------------------------------------------------

      Code (inc. data)   RO Data    RW Data    ZI Data      Debug   Library Name

       282         16          0          0          0        404   mc_w.l

    ----------------------------------------------------------------------
       282         16          0          0          0        404   Library Totals

    ----------------------------------------------------------------------

==============================================================================


      Code (inc. data)   RO Data    RW Data    ZI Data      Debug   

      7588        368       5372         28       1364     799508   Grand Totals
      7588        368       5372         28       1364     799508   ELF Image Totals
      7588        368       5372         28          0          0   ROM Totals

==============================================================================

    Total RO  Size (Code + RO Data)                12960 (  12.66kB)
    Total RW  Size (RW Data + ZI Data)              1392 (   1.36kB)
    Total ROM Size (Code + RO Data + RW Data)      12988 (  12.68kB)

==============================================================================

