Component: ARM Compiler 5.06 update 3 (build 300) Tool: armlink [4d35c9]

==============================================================================

Section Cross References

    main.o(i.main) refers to stm32f4xx_hal.o(i.HAL_Init) for HAL_Init
    main.o(i.main) refers to sys.o(i.SystemClock_Config) for SystemClock_Config
    main.o(i.main) refers to led.o(i.LedInit) for LedInit
    main.o(i.main) refers to timer.o(i.Tim6Init) for Tim6Init
    main.o(i.main) refers to delay.o(i.delay_ms) for delay_ms
    main.o(i.main) refers to sys.o(.ARM.__AT_0x40020414) for PBout
    delay.o(i.delay_ms) refers to delay.o(i.delay_us) for delay_us
    delay.o(i.delay_us) refers to stm32f4xx_hal_rcc.o(i.HAL_RCC_GetSysClockFreq) for HAL_RCC_GetSysClockFreq
    delay.o(i.delay_us) refers to dflt_clz.o(x$fpl$dfltu) for __aeabi_ui2d
    delay.o(i.delay_us) refers to ddiv.o(x$fpl$ddiv) for __aeabi_ddiv
    delay.o(i.delay_us) refers to dfixu.o(x$fpl$dfixu) for __aeabi_d2uiz
    sys.o(i.SystemClock_Config) refers to stm32f4xx_hal_rcc.o(i.HAL_RCC_OscConfig) for HAL_RCC_OscConfig
    sys.o(i.SystemClock_Config) refers to stm32f4xx_hal_pwr_ex.o(i.HAL_PWREx_EnableOverDrive) for HAL_PWREx_EnableOverDrive
    sys.o(i.SystemClock_Config) refers to stm32f4xx_hal_rcc.o(i.HAL_RCC_ClockConfig) for HAL_RCC_ClockConfig
    sys.o(i.SystemClock_Config) refers to stm32f4xx_hal_rcc.o(i.HAL_RCC_GetHCLKFreq) for HAL_RCC_GetHCLKFreq
    sys.o(i.SystemClock_Config) refers to stm32f4xx_hal_cortex.o(i.HAL_SYSTICK_Config) for HAL_SYSTICK_Config
    sys.o(i.SystemClock_Config) refers to stm32f4xx_hal_cortex.o(i.HAL_SYSTICK_CLKSourceConfig) for HAL_SYSTICK_CLKSourceConfig
    sys.o(i.SystemClock_Config) refers to stm32f4xx_hal_cortex.o(i.HAL_NVIC_SetPriority) for HAL_NVIC_SetPriority
    usart.o(i.HAL_UART_MspInit) refers to stm32f4xx_hal_gpio.o(i.HAL_GPIO_Init) for HAL_GPIO_Init
    usart.o(i.HAL_UART_MspInit) refers to queue.o(i.InitQueue) for InitQueue
    usart.o(i.HAL_UART_MspInit) refers to stm32f4xx_hal_cortex.o(i.HAL_NVIC_EnableIRQ) for HAL_NVIC_EnableIRQ
    usart.o(i.HAL_UART_MspInit) refers to stm32f4xx_hal_cortex.o(i.HAL_NVIC_SetPriority) for HAL_NVIC_SetPriority
    usart.o(i.HAL_UART_MspInit) refers to usart.o(.bss) for queueRx
    usart.o(i.USART1_IRQHandler) refers to queue.o(i.InQueue) for InQueue
    usart.o(i.USART1_IRQHandler) refers to usart.o(.bss) for queueRx
    usart.o(i.UartInit) refers to stm32f4xx_hal_uart.o(i.HAL_UART_Init) for HAL_UART_Init
    led.o(i.LedInit) refers to stm32f4xx_hal_gpio.o(i.HAL_GPIO_Init) for HAL_GPIO_Init
    led.o(i.LedInit) refers to stm32f4xx_hal_gpio.o(i.HAL_GPIO_WritePin) for HAL_GPIO_WritePin
    timer.o(i.HAL_TIM_Base_MspInit) refers to stm32f4xx_hal_cortex.o(i.HAL_NVIC_SetPriority) for HAL_NVIC_SetPriority
    timer.o(i.HAL_TIM_Base_MspInit) refers to stm32f4xx_hal_cortex.o(i.HAL_NVIC_EnableIRQ) for HAL_NVIC_EnableIRQ
    timer.o(i.TIM6_DAC_IRQHandler) refers to sys.o(.ARM.__AT_0x40020414) for PBout
    timer.o(i.Tim6Init) refers to stm32f4xx_hal_tim.o(i.HAL_TIM_Base_Init) for HAL_TIM_Base_Init
    timer.o(i.Tim6Init) refers to stm32f4xx_hal_tim.o(i.HAL_TIM_Base_Start_IT) for HAL_TIM_Base_Start_IT
    stm32f4xx_hal.o(i.HAL_DeInit) refers to stm32f4xx_hal_msp.o(i.HAL_MspDeInit) for HAL_MspDeInit
    stm32f4xx_hal.o(i.HAL_Delay) refers to stm32f4xx_hal.o(i.HAL_GetTick) for HAL_GetTick
    stm32f4xx_hal.o(i.HAL_Delay) refers to stm32f4xx_hal.o(.data) for uwTickFreq
    stm32f4xx_hal.o(i.HAL_GetTick) refers to stm32f4xx_hal.o(.data) for uwTick
    stm32f4xx_hal.o(i.HAL_GetTickFreq) refers to stm32f4xx_hal.o(.data) for uwTickFreq
    stm32f4xx_hal.o(i.HAL_GetTickPrio) refers to stm32f4xx_hal.o(.data) for uwTickPrio
    stm32f4xx_hal.o(i.HAL_IncTick) refers to stm32f4xx_hal.o(.data) for uwTick
    stm32f4xx_hal.o(i.HAL_Init) refers to stm32f4xx_hal_cortex.o(i.HAL_NVIC_SetPriorityGrouping) for HAL_NVIC_SetPriorityGrouping
    stm32f4xx_hal.o(i.HAL_Init) refers to stm32f4xx_hal.o(i.HAL_InitTick) for HAL_InitTick
    stm32f4xx_hal.o(i.HAL_Init) refers to stm32f4xx_hal_msp.o(i.HAL_MspInit) for HAL_MspInit
    stm32f4xx_hal.o(i.HAL_InitTick) refers to stm32f4xx_hal_cortex.o(i.HAL_SYSTICK_Config) for HAL_SYSTICK_Config
    stm32f4xx_hal.o(i.HAL_InitTick) refers to stm32f4xx_hal_cortex.o(i.HAL_NVIC_SetPriority) for HAL_NVIC_SetPriority
    stm32f4xx_hal.o(i.HAL_InitTick) refers to stm32f4xx_hal.o(.data) for uwTickFreq
    stm32f4xx_hal.o(i.HAL_InitTick) refers to system_stm32f4xx.o(.data) for SystemCoreClock
    stm32f4xx_hal.o(i.HAL_SetTickFreq) refers to stm32f4xx_hal.o(i.HAL_InitTick) for HAL_InitTick
    stm32f4xx_hal.o(i.HAL_SetTickFreq) refers to stm32f4xx_hal.o(.data) for uwTickFreq
    stm32f4xx_hal_adc.o(i.ADC_DMAConvCplt) refers to stm32f4xx_hal_adc.o(i.HAL_ADC_ConvCpltCallback) for HAL_ADC_ConvCpltCallback
    stm32f4xx_hal_adc.o(i.ADC_DMAConvCplt) refers to stm32f4xx_hal_adc.o(i.HAL_ADC_ErrorCallback) for HAL_ADC_ErrorCallback
[...]
    Removing stm32f4xx_ll_usb.o(i.USB_DeactivateEndpoint), (332 bytes).
    Removing stm32f4xx_ll_usb.o(i.USB_DevConnect), (32 bytes).
    Removing stm32f4xx_ll_usb.o(i.USB_DevDisconnect), (32 bytes).
    Removing stm32f4xx_ll_usb.o(i.USB_DevInit), (480 bytes).
    Removing stm32f4xx_ll_usb.o(i.USB_DisableGlobalInt), (14 bytes).
    Removing stm32f4xx_ll_usb.o(i.USB_DoPing), (68 bytes).
    Removing stm32f4xx_ll_usb.o(i.USB_DriveVbus), (74 bytes).
    Removing stm32f4xx_ll_usb.o(i.USB_EP0StartXfer), (472 bytes).
    Removing stm32f4xx_ll_usb.o(i.USB_EP0_OutStart), (112 bytes).
    Removing stm32f4xx_ll_usb.o(i.USB_EPClearStall), (142 bytes).
    Removing stm32f4xx_ll_usb.o(i.USB_EPSetStall), (154 bytes).
    Removing stm32f4xx_ll_usb.o(i.USB_EPStartXfer), (836 bytes).
    Removing stm32f4xx_ll_usb.o(i.USB_EnableGlobalInt), (14 bytes).
    Removing stm32f4xx_ll_usb.o(i.USB_FlushRxFifo), (44 bytes).
    Removing stm32f4xx_ll_usb.o(i.USB_FlushTxFifo), (48 bytes).
    Removing stm32f4xx_ll_usb.o(i.USB_GetCurrentFrame), (14 bytes).
    Removing stm32f4xx_ll_usb.o(i.USB_GetDevSpeed), (38 bytes).
    Removing stm32f4xx_ll_usb.o(i.USB_GetHostSpeed), (24 bytes).
    Removing stm32f4xx_ll_usb.o(i.USB_GetMode), (10 bytes).
    Removing stm32f4xx_ll_usb.o(i.USB_HC_Halt), (374 bytes).
    Removing stm32f4xx_ll_usb.o(i.USB_HC_Init), (438 bytes).
    Removing stm32f4xx_ll_usb.o(i.USB_HC_ReadInterrupt), (14 bytes).
    Removing stm32f4xx_ll_usb.o(i.USB_HC_StartXfer), (468 bytes).
    Removing stm32f4xx_ll_usb.o(i.USB_HostInit), (256 bytes).
    Removing stm32f4xx_ll_usb.o(i.USB_InitFSLSPClkSel), (68 bytes).
    Removing stm32f4xx_ll_usb.o(i.USB_ReadDevAllInEpInterrupt), (20 bytes).
    Removing stm32f4xx_ll_usb.o(i.USB_ReadDevAllOutEpInterrupt), (20 bytes).
    Removing stm32f4xx_ll_usb.o(i.USB_ReadDevInEPInterrupt), (50 bytes).
    Removing stm32f4xx_ll_usb.o(i.USB_ReadDevOutEPInterrupt), (26 bytes).
    Removing stm32f4xx_ll_usb.o(i.USB_ReadInterrupts), (10 bytes).
    Removing stm32f4xx_ll_usb.o(i.USB_ReadPacket), (34 bytes).
    Removing stm32f4xx_ll_usb.o(i.USB_ResetPort), (60 bytes).
    Removing stm32f4xx_ll_usb.o(i.USB_SetCurrentMode), (54 bytes).
    Removing stm32f4xx_ll_usb.o(i.USB_SetDevAddress), (42 bytes).
    Removing stm32f4xx_ll_usb.o(i.USB_SetDevSpeed), (18 bytes).
    Removing stm32f4xx_ll_usb.o(i.USB_SetTurnaroundTime), (232 bytes).
    Removing stm32f4xx_ll_usb.o(i.USB_StopDevice), (92 bytes).
    Removing stm32f4xx_ll_usb.o(i.USB_StopHost), (180 bytes).
    Removing stm32f4xx_ll_usb.o(i.USB_WritePacket), (60 bytes).
    Removing stm32f4xx_ll_usb.o(.data), (4 bytes).
    Removing stm32f4xx_ll_utils.o(.rev16_text), (4 bytes).
    Removing stm32f4xx_ll_utils.o(.revsh_text), (4 bytes).
    Removing stm32f4xx_ll_utils.o(.rrx_text), (6 bytes).
    Removing stm32f4xx_ll_utils.o(i.LL_Init1msTick), (28 bytes).
    Removing stm32f4xx_ll_utils.o(i.LL_PLL_ConfigSystemClock_HSE), (148 bytes).
    Removing stm32f4xx_ll_utils.o(i.LL_PLL_ConfigSystemClock_HSI), (100 bytes).
    Removing stm32f4xx_ll_utils.o(i.LL_RCC_HSE_IsReady), (16 bytes).
    Removing stm32f4xx_ll_utils.o(i.LL_RCC_HSI_IsReady), (16 bytes).
    Removing stm32f4xx_ll_utils.o(i.LL_RCC_PLL_ConfigDomain_SYS), (48 bytes).
    Removing stm32f4xx_ll_utils.o(i.LL_RCC_PLL_IsReady), (16 bytes).
    Removing stm32f4xx_ll_utils.o(i.LL_SetSystemCoreClock), (12 bytes).
    Removing stm32f4xx_ll_utils.o(i.LL_mDelay), (40 bytes).
    Removing stm32f4xx_ll_utils.o(i.UTILS_EnablePLLAndSwitchSystem), (208 bytes).
    Removing stm32f4xx_ll_utils.o(i.UTILS_GetPLLOutputFrequency), (40 bytes).
    Removing stm32f4xx_ll_utils.o(i.UTILS_PLL_IsBusy), (48 bytes).
    Removing stm32f4xx_ll_utils.o(i.UTILS_SetFlashLatency), (268 bytes).
    Removing stm32f4xx_ll_utils.o(.constdata), (4 bytes).

1580 unused section(s) (total 150232 bytes) removed from the image.

==============================================================================

Image Symbol Table

    Local Symbols

    Symbol Name                              Value     Ov Type        Size  Object(Section)

    ../clib/angel/boardlib.s                 0x00000000   Number         0  boardinit1.o ABSOLUTE
    ../clib/angel/boardlib.s                 0x00000000   Number         0  boardinit3.o ABSOLUTE
    ../clib/angel/boardlib.s                 0x00000000   Number         0  boardinit2.o ABSOLUTE
    ../clib/angel/boardlib.s                 0x00000000   Number         0  boardshut.o ABSOLUTE
    ../clib/angel/handlers.s                 0x00000000   Number         0  __scatter_zi.o ABSOLUTE
    ../clib/angel/handlers.s                 0x00000000   Number         0  __scatter_copy.o ABSOLUTE
    ../clib/angel/kernel.s                   0x00000000   Number         0  rtexit.o ABSOLUTE
    ../clib/angel/kernel.s                   0x00000000   Number         0  __rtentry.o ABSOLUTE
    ../clib/angel/kernel.s                   0x00000000   Number         0  __rtentry4.o ABSOLUTE
    ../clib/angel/kernel.s                   0x00000000   Number         0  __rtentry2.o ABSOLUTE
    ../clib/angel/kernel.s                   0x00000000   Number         0  rtexit2.o ABSOLUTE
    ../clib/angel/rt.s                       0x00000000   Number         0  aeabi_ldiv0_sigfpe.o ABSOLUTE
    ../clib/angel/rt.s                       0x00000000   Number         0  aeabi_ldiv0.o ABSOLUTE
    ../clib/angel/rt.s                       0x00000000   Number         0  rt_raise.o ABSOLUTE
    ../clib/angel/rt.s                       0x00000000   Number         0  rt_div0.o ABSOLUTE
    ../clib/angel/scatter.s                  0x00000000   Number         0  __scatter.o ABSOLUTE
    ../clib/angel/startup.s                  0x00000000   Number         0  __main.o ABSOLUTE
    ../clib/angel/sys.s                      0x00000000   Number         0  libspace.o ABSOLUTE
    ../clib/angel/sys.s                      0x00000000   Number         0  sys_stackheap_outer.o ABSOLUTE
    ../clib/angel/sys.s                      0x00000000   Number         0  indicate_semi.o ABSOLUTE
    ../clib/angel/sys.s                      0x00000000   Number         0  use_no_semi.o ABSOLUTE
    ../clib/angel/sysapp.c                   0x00000000   Number         0  sys_command.o ABSOLUTE
    ../clib/angel/sysapp.c                   0x00000000   Number         0  sys_wrch.o ABSOLUTE
    ../clib/angel/sysapp.c                   0x00000000   Number         0  sys_exit.o ABSOLUTE
    ../clib/armsys.c                         0x00000000   Number         0  no_argv.o ABSOLUTE
    ../clib/armsys.c                         0x00000000   Number         0  argv_veneer.o ABSOLUTE
    ../clib/armsys.c                         0x00000000   Number         0  argv_veneer.o ABSOLUTE
    ../clib/armsys.c                         0x00000000   Number         0  _get_argv_nomalloc.o ABSOLUTE
    ../clib/heapalloc.c                      0x00000000   Number         0  hrguard.o ABSOLUTE
    ../clib/heapaux.c                        0x00000000   Number         0  heapauxi.o ABSOLUTE
    ../clib/libinit.s                        0x00000000   Number         0  libinit.o ABSOLUTE
    ../clib/libinit.s                        0x00000000   Number         0  libshutdown.o ABSOLUTE
    ../clib/libinit.s                        0x00000000   Number         0  libshutdown2.o ABSOLUTE
    ../clib/libinit.s                        0x00000000   Number         0  libinit2.o ABSOLUTE
    ../clib/longlong.s                       0x00000000   Number         0  lludivv7m.o ABSOLUTE
    ../clib/memcpset.s                       0x00000000   Number         0  rt_memcpy_w.o ABSOLUTE
    ../clib/signal.c                         0x00000000   Number         0  defsig_rtmem_formal.o ABSOLUTE
    ../clib/signal.c                         0x00000000   Number         0  defsig_rtmem_outer.o ABSOLUTE
    ../clib/signal.c                         0x00000000   Number         0  defsig_rtmem_inner.o ABSOLUTE
    ../clib/signal.c                         0x00000000   Number         0  defsig_rtred_inner.o ABSOLUTE
    ../clib/signal.c                         0x00000000   Number         0  defsig_abrt_inner.o ABSOLUTE
    ../clib/signal.c                         0x00000000   Number         0  defsig_fpe_formal.o ABSOLUTE
    ../clib/signal.c                         0x00000000   Number         0  defsig_fpe_outer.o ABSOLUTE
    ../clib/signal.c                         0x00000000   Number         0  defsig_other.o ABSOLUTE
    ../clib/signal.c                         0x00000000   Number         0  defsig_general.o ABSOLUTE
    ../clib/signal.c                         0x00000000   Number         0  __raise.o ABSOLUTE
    ../clib/signal.c                         0x00000000   Number         0  defsig_segv_inner.o ABSOLUTE
    ../clib/signal.c                         0x00000000   Number         0  defsig_cppl_inner.o ABSOLUTE
    ../clib/signal.c                         0x00000000   Number         0  defsig_pvfn_inner.o ABSOLUTE
    ../clib/signal.c                         0x00000000   Number         0  defsig_fpe_inner.o ABSOLUTE
    ../clib/signal.c                         0x00000000   Number         0  defsig_exit.o ABSOLUTE
    ../clib/signal.c                         0x00000000   Number         0  defsig_stak_inner.o ABSOLUTE
    ../clib/signal.s                         0x00000000   Number         0  defsig.o ABSOLUTE
    ../clib/stdlib.c                         0x00000000   Number         0  exit.o ABSOLUTE
    ../fplib/ddiv.s                          0x00000000   Number         0  ddiv.o ABSOLUTE
    ../fplib/dfixu.s                         0x00000000   Number         0  dfixu.o ABSOLUTE
    ../fplib/dflt.s                          0x00000000   Number         0  dflt_clz.o ABSOLUTE
    ../fplib/dnaninf.s                       0x00000000   Number         0  dnaninf.o ABSOLUTE
    ../fplib/dretinf.s                       0x00000000   Number         0  dretinf.o ABSOLUTE
    ../fplib/fpinit.s                        0x00000000   Number         0  fpinit.o ABSOLUTE
    ../fplib/usenofp.s                       0x00000000   Number         0  usenofp.o ABSOLUTE
    Core\startup_stm32f429xx.s               0x00000000   Number         0  startup_stm32f429xx.o ABSOLUTE
    Hallib\Src\stm32f4xx_hal.c               0x00000000   Number         0  stm32f4xx_hal.o ABSOLUTE
    Hallib\Src\stm32f4xx_hal_adc.c           0x00000000   Number         0  stm32f4xx_hal_adc.o ABSOLUTE
    Hallib\Src\stm32f4xx_hal_adc_ex.c        0x00000000   Number         0  stm32f4xx_hal_adc_ex.o ABSOLUTE
    Hallib\Src\stm32f4xx_hal_can.c           0x00000000   Number         0  stm32f4xx_hal_can.o ABSOLUTE
    Hallib\Src\stm32f4xx_hal_cortex.c        0x00000000   Number         0  stm32f4xx_hal_cortex.o ABSOLUTE
    Hallib\Src\stm32f4xx_hal_crc.c           0x00000000   Number         0  stm32f4xx_hal_crc.o ABSOLUTE
    Hallib\Src\stm32f4xx_hal_dac.c           0x00000000   Number         0  stm32f4xx_hal_dac.o ABSOLUTE
    Hallib\Src\stm32f4xx_hal_dac_ex.c        0x00000000   Number         0  stm32f4xx_hal_dac_ex.o ABSOLUTE
    Hallib\Src\stm32f4xx_hal_dcmi.c          0x00000000   Number         0  stm32f4xx_hal_dcmi.o ABSOLUTE
    Hallib\Src\stm32f4xx_hal_dcmi_ex.c       0x00000000   Number         0  stm32f4xx_hal_dcmi_ex.o ABSOLUTE
    Hallib\Src\stm32f4xx_hal_dma.c           0x00000000   Number         0  stm32f4xx_hal_dma.o ABSOLUTE
    Hallib\Src\stm32f4xx_hal_dma2d.c         0x00000000   Number         0  stm32f4xx_hal_dma2d.o ABSOLUTE
    Hallib\Src\stm32f4xx_hal_dma_ex.c        0x00000000   Number         0  stm32f4xx_hal_dma_ex.o ABSOLUTE
    Hallib\Src\stm32f4xx_hal_eth.c           0x00000000   Number         0  stm32f4xx_hal_eth.o ABSOLUTE
    Hallib\Src\stm32f4xx_hal_exti.c          0x00000000   Number         0  stm32f4xx_hal_exti.o ABSOLUTE
    Hallib\Src\stm32f4xx_hal_flash.c         0x00000000   Number         0  stm32f4xx_hal_flash.o ABSOLUTE
    Hallib\Src\stm32f4xx_hal_flash_ex.c      0x00000000   Number         0  stm32f4xx_hal_flash_ex.o ABSOLUTE
    Hallib\Src\stm32f4xx_hal_fmpsmbus.c      0x00000000   Number         0  stm32f4xx_hal_fmpsmbus.o ABSOLUTE
    Hallib\Src\stm32f4xx_hal_gpio.c          0x00000000   Number         0  stm32f4xx_hal_gpio.o ABSOLUTE
    Hallib\Src\stm32f4xx_hal_hcd.c           0x00000000   Number         0  stm32f4xx_hal_hcd.o ABSOLUTE
    Hallib\Src\stm32f4xx_hal_i2c.c           0x00000000   Number         0  stm32f4xx_hal_i2c.o ABSOLUTE
    Hallib\Src\stm32f4xx_hal_i2c_ex.c        0x00000000   Number         0  stm32f4xx_hal_i2c_ex.o ABSOLUTE
    Hallib\Src\stm32f4xx_hal_i2s.c           0x00000000   Number         0  stm32f4xx_hal_i2s.o ABSOLUTE
    Hallib\Src\stm32f4xx_hal_i2s_ex.c        0x00000000   Number         0  stm32f4xx_hal_i2s_ex.o ABSOLUTE
    Hallib\Src\stm32f4xx_hal_irda.c          0x00000000   Number         0  stm32f4xx_hal_irda.o ABSOLUTE
    Hallib\Src\stm32f4xx_hal_iwdg.c          0x00000000   Number         0  stm32f4xx_hal_iwdg.o ABSOLUTE
    Hallib\Src\stm32f4xx_hal_ltdc.c          0x00000000   Number         0  stm32f4xx_hal_ltdc.o ABSOLUTE
    Hallib\Src\stm32f4xx_hal_ltdc_ex.c       0x00000000   Number         0  stm32f4xx_hal_ltdc_ex.o ABSOLUTE
    Hallib\Src\stm32f4xx_hal_mmc.c           0x00000000   Number         0  stm32f4xx_hal_mmc.o ABSOLUTE
    Hallib\Src\stm32f4xx_hal_msp.c           0x00000000   Number         0  stm32f4xx_hal_msp.o ABSOLUTE
    Hallib\Src\stm32f4xx_hal_nand.c          0x00000000   Number         0  stm32f4xx_hal_nand.o ABSOLUTE
    Hallib\Src\stm32f4xx_hal_nor.c           0x00000000   Number         0  stm32f4xx_hal_nor.o ABSOLUTE
    Hallib\Src\stm32f4xx_hal_pccard.c        0x00000000   Number         0  stm32f4xx_hal_pccard.o ABSOLUTE
    Hallib\Src\stm32f4xx_hal_pcd.c           0x00000000   Number         0  stm32f4xx_hal_pcd.o ABSOLUTE
    Hallib\Src\stm32f4xx_hal_pcd_ex.c        0x00000000   Number         0  stm32f4xx_hal_pcd_ex.o ABSOLUTE
    Hallib\Src\stm32f4xx_hal_pwr.c           0x00000000   Number         0  stm32f4xx_hal_pwr.o ABSOLUTE
    Hallib\Src\stm32f4xx_hal_pwr_ex.c        0x00000000   Number         0  stm32f4xx_hal_pwr_ex.o ABSOLUTE
    Hallib\Src\stm32f4xx_hal_rcc.c           0x00000000   Number         0  stm32f4xx_hal_rcc.o ABSOLUTE
    Hallib\Src\stm32f4xx_hal_rcc_ex.c        0x00000000   Number         0  stm32f4xx_hal_rcc_ex.o ABSOLUTE
    Hallib\Src\stm32f4xx_hal_rng.c           0x00000000   Number         0  stm32f4xx_hal_rng.o ABSOLUTE
    Hallib\Src\stm32f4xx_hal_rtc.c           0x00000000   Number         0  stm32f4xx_hal_rtc.o ABSOLUTE
    Hallib\Src\stm32f4xx_hal_rtc_ex.c        0x00000000   Number         0  stm32f4xx_hal_rtc_ex.o ABSOLUTE
    Hallib\Src\stm32f4xx_hal_sai.c           0x00000000   Number         0  stm32f4xx_hal_sai.o ABSOLUTE
    Hallib\Src\stm32f4xx_hal_sai_ex.c        0x00000000   Number         0  stm32f4xx_hal_sai_ex.o ABSOLUTE
    Hallib\Src\stm32f4xx_hal_sd.c            0x00000000   Number         0  stm32f4xx_hal_sd.o ABSOLUTE
    Hallib\Src\stm32f4xx_hal_sdram.c         0x00000000   Number         0  stm32f4xx_hal_sdram.o ABSOLUTE
    Hallib\Src\stm32f4xx_hal_smartcard.c     0x00000000   Number         0  stm32f4xx_hal_smartcard.o ABSOLUTE
    Hallib\Src\stm32f4xx_hal_smbus.c         0x00000000   Number         0  stm32f4xx_hal_smbus.o ABSOLUTE
    Hallib\Src\stm32f4xx_hal_spi.c           0x00000000   Number         0  stm32f4xx_hal_spi.o ABSOLUTE
    Hallib\Src\stm32f4xx_hal_sram.c          0x00000000   Number         0  stm32f4xx_hal_sram.o ABSOLUTE
    Hallib\Src\stm32f4xx_hal_tim.c           0x00000000   Number         0  stm32f4xx_hal_tim.o ABSOLUTE
    Hallib\Src\stm32f4xx_hal_tim_ex.c        0x00000000   Number         0  stm32f4xx_hal_tim_ex.o ABSOLUTE
    Hallib\Src\stm32f4xx_hal_uart.c          0x00000000   Number         0  stm32f4xx_hal_uart.o ABSOLUTE
    Hallib\Src\stm32f4xx_hal_usart.c         0x00000000   Number         0  stm32f4xx_hal_usart.o ABSOLUTE
    Hallib\Src\stm32f4xx_hal_wwdg.c          0x00000000   Number         0  stm32f4xx_hal_wwdg.o ABSOLUTE
    Hallib\Src\stm32f4xx_it.c                0x00000000   Number         0  stm32f4xx_it.o ABSOLUTE
    Hallib\Src\stm32f4xx_ll_adc.c            0x00000000   Number         0  stm32f4xx_ll_adc.o ABSOLUTE
    Hallib\Src\stm32f4xx_ll_crc.c            0x00000000   Number         0  stm32f4xx_ll_crc.o ABSOLUTE
    Hallib\Src\stm32f4xx_ll_dac.c            0x00000000   Number         0  stm32f4xx_ll_dac.o ABSOLUTE
    Hallib\Src\stm32f4xx_ll_dma.c            0x00000000   Number         0  stm32f4xx_ll_dma.o ABSOLUTE
    Hallib\Src\stm32f4xx_ll_dma2d.c          0x00000000   Number         0  stm32f4xx_ll_dma2d.o ABSOLUTE
    Hallib\Src\stm32f4xx_ll_exti.c           0x00000000   Number         0  stm32f4xx_ll_exti.o ABSOLUTE
    Hallib\Src\stm32f4xx_ll_fmc.c            0x00000000   Number         0  stm32f4xx_ll_fmc.o ABSOLUTE
    Hallib\Src\stm32f4xx_ll_fmpi2c.c         0x00000000   Number         0  stm32f4xx_ll_fmpi2c.o ABSOLUTE
    Hallib\Src\stm32f4xx_ll_fsmc.c           0x00000000   Number         0  stm32f4xx_ll_fsmc.o ABSOLUTE
    Hallib\Src\stm32f4xx_ll_gpio.c           0x00000000   Number         0  stm32f4xx_ll_gpio.o ABSOLUTE
    Hallib\Src\stm32f4xx_ll_i2c.c            0x00000000   Number         0  stm32f4xx_ll_i2c.o ABSOLUTE
    Hallib\Src\stm32f4xx_ll_lptim.c          0x00000000   Number         0  stm32f4xx_ll_lptim.o ABSOLUTE
    Hallib\Src\stm32f4xx_ll_pwr.c            0x00000000   Number         0  stm32f4xx_ll_pwr.o ABSOLUTE
    Hallib\Src\stm32f4xx_ll_rcc.c            0x00000000   Number         0  stm32f4xx_ll_rcc.o ABSOLUTE
    Hallib\Src\stm32f4xx_ll_rng.c            0x00000000   Number         0  stm32f4xx_ll_rng.o ABSOLUTE
    Hallib\Src\stm32f4xx_ll_rtc.c            0x00000000   Number         0  stm32f4xx_ll_rtc.o ABSOLUTE
    Hallib\Src\stm32f4xx_ll_sdmmc.c          0x00000000   Number         0  stm32f4xx_ll_sdmmc.o ABSOLUTE
    Hallib\Src\stm32f4xx_ll_spi.c            0x00000000   Number         0  stm32f4xx_ll_spi.o ABSOLUTE
    Hallib\Src\stm32f4xx_ll_tim.c            0x00000000   Number         0  stm32f4xx_ll_tim.o ABSOLUTE
    Hallib\Src\stm32f4xx_ll_usart.c          0x00000000   Number         0  stm32f4xx_ll_usart.o ABSOLUTE
    Hallib\Src\stm32f4xx_ll_usb.c            0x00000000   Number         0  stm32f4xx_ll_usb.o ABSOLUTE
    Hallib\Src\stm32f4xx_ll_utils.c          0x00000000   Number         0  stm32f4xx_ll_utils.o ABSOLUTE
    Hallib\Src\system_stm32f4xx.c            0x00000000   Number         0  system_stm32f4xx.o ABSOLUTE
    Hallib\\Src\\stm32f4xx_hal.c             0x00000000   Number         0  stm32f4xx_hal.o ABSOLUTE
    Hallib\\Src\\stm32f4xx_hal_adc.c         0x00000000   Number         0  stm32f4xx_hal_adc.o ABSOLUTE
    Hallib\\Src\\stm32f4xx_hal_adc_ex.c      0x00000000   Number         0  stm32f4xx_hal_adc_ex.o ABSOLUTE
    Hallib\\Src\\stm32f4xx_hal_can.c         0x00000000   Number         0  stm32f4xx_hal_can.o ABSOLUTE
    Hallib\\Src\\stm32f4xx_hal_cortex.c      0x00000000   Number         0  stm32f4xx_hal_cortex.o ABSOLUTE
    Hallib\\Src\\stm32f4xx_hal_crc.c         0x00000000   Number         0  stm32f4xx_hal_crc.o ABSOLUTE
    Hallib\\Src\\stm32f4xx_hal_dac.c         0x00000000   Number         0  stm32f4xx_hal_dac.o ABSOLUTE
    Hallib\\Src\\stm32f4xx_hal_dac_ex.c      0x00000000   Number         0  stm32f4xx_hal_dac_ex.o ABSOLUTE
    Hallib\\Src\\stm32f4xx_hal_dcmi.c        0x00000000   Number         0  stm32f4xx_hal_dcmi.o ABSOLUTE
    Hallib\\Src\\stm32f4xx_hal_dcmi_ex.c     0x00000000   Number         0  stm32f4xx_hal_dcmi_ex.o ABSOLUTE
    Hallib\\Src\\stm32f4xx_hal_dma.c         0x00000000   Number         0  stm32f4xx_hal_dma.o ABSOLUTE
    Hallib\\Src\\stm32f4xx_hal_dma2d.c       0x00000000   Number         0  stm32f4xx_hal_dma2d.o ABSOLUTE
    Hallib\\Src\\stm32f4xx_hal_dma_ex.c      0x00000000   Number         0  stm32f4xx_hal_dma_ex.o ABSOLUTE
    Hallib\\Src\\stm32f4xx_hal_eth.c         0x00000000   Number         0  stm32f4xx_hal_eth.o ABSOLUTE
    Hallib\\Src\\stm32f4xx_hal_exti.c        0x00000000   Number         0  stm32f4xx_hal_exti.o ABSOLUTE
    Hallib\\Src\\stm32f4xx_hal_flash.c       0x00000000   Number         0  stm32f4xx_hal_flash.o ABSOLUTE
    Hallib\\Src\\stm32f4xx_hal_flash_ex.c    0x00000000   Number         0  stm32f4xx_hal_flash_ex.o ABSOLUTE
    Hallib\\Src\\stm32f4xx_hal_fmpsmbus.c    0x00000000   Number         0  stm32f4xx_hal_fmpsmbus.o ABSOLUTE
    Hallib\\Src\\stm32f4xx_hal_gpio.c        0x00000000   Number         0  stm32f4xx_hal_gpio.o ABSOLUTE
    Hallib\\Src\\stm32f4xx_hal_hcd.c         0x00000000   Number         0  stm32f4xx_hal_hcd.o ABSOLUTE
    Hallib\\Src\\stm32f4xx_hal_i2c.c         0x00000000   Number         0  stm32f4xx_hal_i2c.o ABSOLUTE
    Hallib\\Src\\stm32f4xx_hal_i2c_ex.c      0x00000000   Number         0  stm32f4xx_hal_i2c_ex.o ABSOLUTE
    Hallib\\Src\\stm32f4xx_hal_i2s.c         0x00000000   Number         0  stm32f4xx_hal_i2s.o ABSOLUTE
    Hallib\\Src\\stm32f4xx_hal_i2s_ex.c      0x00000000   Number         0  stm32f4xx_hal_i2s_ex.o ABSOLUTE
    Hallib\\Src\\stm32f4xx_hal_irda.c        0x00000000   Number         0  stm32f4xx_hal_irda.o ABSOLUTE
    Hallib\\Src\\stm32f4xx_hal_iwdg.c        0x00000000   Number         0  stm32f4xx_hal_iwdg.o ABSOLUTE
    Hallib\\Src\\stm32f4xx_hal_ltdc.c        0x00000000   Number         0  stm32f4xx_hal_ltdc.o ABSOLUTE
    Hallib\\Src\\stm32f4xx_hal_ltdc_ex.c     0x00000000   Number         0  stm32f4xx_hal_ltdc_ex.o ABSOLUTE
    Hallib\\Src\\stm32f4xx_hal_mmc.c         0x00000000   Number         0  stm32f4xx_hal_mmc.o ABSOLUTE
    Hallib\\Src\\stm32f4xx_hal_msp.c         0x00000000   Number         0  stm32f4xx_hal_msp.o ABSOLUTE
    Hallib\\Src\\stm32f4xx_hal_nand.c        0x00000000   Number         0  stm32f4xx_hal_nand.o ABSOLUTE
    Hallib\\Src\\stm32f4xx_hal_nor.c         0x00000000   Number         0  stm32f4xx_hal_nor.o ABSOLUTE
    Hallib\\Src\\stm32f4xx_hal_pccard.c      0x00000000   Number         0  stm32f4xx_hal_pccard.o ABSOLUTE
    Hallib\\Src\\stm32f4xx_hal_pcd.c         0x00000000   Number         0  stm32f4xx_hal_pcd.o ABSOLUTE
    Hallib\\Src\\stm32f4xx_hal_pcd_ex.c      0x00000000   Number         0  stm32f4xx_hal_pcd_ex.o ABSOLUTE
    Hallib\\Src\\stm32f4xx_hal_pwr.c         0x00000000   Number         0  stm32f4xx_hal_pwr.o ABSOLUTE
    Hallib\\Src\\stm32f4xx_hal_pwr_ex.c      0x00000000   Number         0  stm32f4xx_hal_pwr_ex.o ABSOLUTE
    Hallib\\Src\\stm32f4xx_hal_rcc.c         0x00000000   Number         0  stm32f4xx_hal_rcc.o ABSOLUTE
    Hallib\\Src\\stm32f4xx_hal_rcc_ex.c      0x00000000   Number         0  stm32f4xx_hal_rcc_ex.o ABSOLUTE
    Hallib\\Src\\stm32f4xx_hal_rng.c         0x00000000   Number         0  stm32f4xx_hal_rng.o ABSOLUTE
    Hallib\\Src\\stm32f4xx_hal_rtc.c         0x00000000   Number         0  stm32f4xx_hal_rtc.o ABSOLUTE
    Hallib\\Src\\stm32f4xx_hal_rtc_ex.c      0x00000000   Number         0  stm32f4xx_hal_rtc_ex.o ABSOLUTE
    Hallib\\Src\\stm32f4xx_hal_sai.c         0x00000000   Number         0  stm32f4xx_hal_sai.o ABSOLUTE
    Hallib\\Src\\stm32f4xx_hal_sai_ex.c      0x00000000   Number         0  stm32f4xx_hal_sai_ex.o ABSOLUTE
    Hallib\\Src\\stm32f4xx_hal_sd.c          0x00000000   Number         0  stm32f4xx_hal_sd.o ABSOLUTE
    Hallib\\Src\\stm32f4xx_hal_sdram.c       0x00000000   Number         0  stm32f4xx_hal_sdram.o ABSOLUTE
    Hallib\\Src\\stm32f4xx_hal_smartcard.c   0x00000000   Number         0  stm32f4xx_hal_smartcard.o ABSOLUTE
    Hallib\\Src\\stm32f4xx_hal_smbus.c       0x00000000   Number         0  stm32f4xx_hal_smbus.o ABSOLUTE
    Hallib\\Src\\stm32f4xx_hal_spi.c         0x00000000   Number         0  stm32f4xx_hal_spi.o ABSOLUTE
    Hallib\\Src\\stm32f4xx_hal_sram.c        0x00000000   Number         0  stm32f4xx_hal_sram.o ABSOLUTE
    Hallib\\Src\\stm32f4xx_hal_tim.c         0x00000000   Number         0  stm32f4xx_hal_tim.o ABSOLUTE
    Hallib\\Src\\stm32f4xx_hal_tim_ex.c      0x00000000   Number         0  stm32f4xx_hal_tim_ex.o ABSOLUTE
    Hallib\\Src\\stm32f4xx_hal_uart.c        0x00000000   Number         0  stm32f4xx_hal_uart.o ABSOLUTE
    Hallib\\Src\\stm32f4xx_hal_usart.c       0x00000000   Number         0  stm32f4xx_hal_usart.o ABSOLUTE
    Hallib\\Src\\stm32f4xx_hal_wwdg.c        0x00000000   Number         0  stm32f4xx_hal_wwdg.o ABSOLUTE
    Hallib\\Src\\stm32f4xx_it.c              0x00000000   Number         0  stm32f4xx_it.o ABSOLUTE
    Hallib\\Src\\stm32f4xx_ll_fmc.c          0x00000000   Number         0  stm32f4xx_ll_fmc.o ABSOLUTE
    Hallib\\Src\\stm32f4xx_ll_fsmc.c         0x00000000   Number         0  stm32f4xx_ll_fsmc.o ABSOLUTE
    Hallib\\Src\\stm32f4xx_ll_sdmmc.c        0x00000000   Number         0  stm32f4xx_ll_sdmmc.o ABSOLUTE
    Hallib\\Src\\stm32f4xx_ll_usb.c          0x00000000   Number         0  stm32f4xx_ll_usb.o ABSOLUTE
    Hallib\\Src\\stm32f4xx_ll_utils.c        0x00000000   Number         0  stm32f4xx_ll_utils.o ABSOLUTE
    Hallib\\Src\\system_stm32f4xx.c          0x00000000   Number         0  system_stm32f4xx.o ABSOLUTE
    Hardware\\src\\led.c                     0x00000000   Number         0  led.o ABSOLUTE
    Hardware\\src\\timer.c                   0x00000000   Number         0  timer.o ABSOLUTE
    Hardware\src\led.c                       0x00000000   Number         0  led.o ABSOLUTE
    Hardware\src\timer.c                     0x00000000   Number         0  timer.o ABSOLUTE
    System\\src\\delay.c                     0x00000000   Number         0  delay.o ABSOLUTE
    System\\src\\sys.c                       0x00000000   Number         0  sys.o ABSOLUTE
    System\\src\\usart.c                     0x00000000   Number         0  usart.o ABSOLUTE
    System\src\delay.c                       0x00000000   Number         0  delay.o ABSOLUTE
    System\src\queue.c                       0x00000000   Number         0  queue.o ABSOLUTE
    System\src\sys.c                         0x00000000   Number         0  sys.o ABSOLUTE
    System\src\usart.c                       0x00000000   Number         0  usart.o ABSOLUTE
    User\\main.c                             0x00000000   Number         0  main.o ABSOLUTE
    User\main.c                              0x00000000   Number         0  main.o ABSOLUTE
    dc.s                                     0x00000000   Number         0  dc.o ABSOLUTE
    RESET                                    0x08000000   Section      428  startup_stm32f429xx.o(RESET)
    !!!main                                  0x080001ac   Section        8  __main.o(!!!main)
    !!!scatter                               0x080001b4   Section       52  __scatter.o(!!!scatter)
    !!handler_copy                           0x080001e8   Section       26  __scatter_copy.o(!!handler_copy)
    !!handler_zi                             0x08000204   Section       28  __scatter_zi.o(!!handler_zi)
    .ARM.Collect$$libinit$$00000000          0x08000220   Section        2  libinit.o(.ARM.Collect$$libinit$$00000000)
    .ARM.Collect$$libinit$$00000001          0x08000222   Section        4  libinit2.o(.ARM.Collect$$libinit$$00000001)
    .ARM.Collect$$libinit$$00000004          0x08000226   Section        0  libinit2.o(.ARM.Collect$$libinit$$00000004)
    .ARM.Collect$$libinit$$0000000A          0x08000226   Section        0  libinit2.o(.ARM.Collect$$libinit$$0000000A)
    .ARM.Collect$$libinit$$0000000C          0x08000226   Section        0  libinit2.o(.ARM.Collect$$libinit$$0000000C)
    .ARM.Collect$$libinit$$0000000E          0x08000226   Section        0  libinit2.o(.ARM.Collect$$libinit$$0000000E)
    .ARM.Collect$$libinit$$00000011          0x08000226   Section        0  libinit2.o(.ARM.Collect$$libinit$$00000011)
    .ARM.Collect$$libinit$$00000013          0x08000226   Section        0  libinit2.o(.ARM.Collect$$libinit$$00000013)
    .ARM.Collect$$libinit$$00000015          0x08000226   Section        0  libinit2.o(.ARM.Collect$$libinit$$00000015)
    .ARM.Collect$$libinit$$00000017          0x08000226   Section        0  libinit2.o(.ARM.Collect$$libinit$$00000017)
    .ARM.Collect$$libinit$$00000019          0x08000226   Section        0  libinit2.o(.ARM.Collect$$libinit$$00000019)
    .ARM.Collect$$libinit$$0000001B          0x08000226   Section        0  libinit2.o(.ARM.Collect$$libinit$$0000001B)
    .ARM.Collect$$libinit$$0000001D          0x08000226   Section        0  libinit2.o(.ARM.Collect$$libinit$$0000001D)
    .ARM.Collect$$libinit$$0000001F          0x08000226   Section        0  libinit2.o(.ARM.Collect$$libinit$$0000001F)
    .ARM.Collect$$libinit$$00000021          0x08000226   Section        0  libinit2.o(.ARM.Collect$$libinit$$00000021)
    .ARM.Collect$$libinit$$00000023          0x08000226   Section        0  libinit2.o(.ARM.Collect$$libinit$$00000023)
    .ARM.Collect$$libinit$$00000025          0x08000226   Section        0  libinit2.o(.ARM.Collect$$libinit$$00000025)
    .ARM.Collect$$libinit$$0000002C          0x08000226   Section        0  libinit2.o(.ARM.Collect$$libinit$$0000002C)
    .ARM.Collect$$libinit$$0000002E          0x08000226   Section        0  libinit2.o(.ARM.Collect$$libinit$$0000002E)
    .ARM.Collect$$libinit$$00000030          0x08000226   Section        0  libinit2.o(.ARM.Collect$$libinit$$00000030)
    .ARM.Collect$$libinit$$00000032          0x08000226   Section        0  libinit2.o(.ARM.Collect$$libinit$$00000032)
    .ARM.Collect$$libinit$$00000033          0x08000226   Section        2  libinit2.o(.ARM.Collect$$libinit$$00000033)
    .ARM.Collect$$libshutdown$$00000000      0x08000228   Section        2  libshutdown.o(.ARM.Collect$$libshutdown$$00000000)
    .ARM.Collect$$libshutdown$$00000002      0x0800022a   Section        0  libshutdown2.o(.ARM.Collect$$libshutdown$$00000002)
    .ARM.Collect$$libshutdown$$00000004      0x0800022a   Section        0  libshutdown2.o(.ARM.Collect$$libshutdown$$00000004)
    .ARM.Collect$$libshutdown$$00000007      0x0800022a   Section        0  libshutdown2.o(.ARM.Collect$$libshutdown$$00000007)
    .ARM.Collect$$libshutdown$$0000000A      0x0800022a   Section        0  libshutdown2.o(.ARM.Collect$$libshutdown$$0000000A)
    .ARM.Collect$$libshutdown$$0000000C      0x0800022a   Section        0  libshutdown2.o(.ARM.Collect$$libshutdown$$0000000C)
    .ARM.Collect$$libshutdown$$0000000F      0x0800022a   Section        0  libshutdown2.o(.ARM.Collect$$libshutdown$$0000000F)
    .ARM.Collect$$libshutdown$$00000010      0x0800022a   Section        2  libshutdown2.o(.ARM.Collect$$libshutdown$$00000010)
    .ARM.Collect$$rtentry$$00000000          0x0800022c   Section        0  __rtentry.o(.ARM.Collect$$rtentry$$00000000)
    .ARM.Collect$$rtentry$$00000002          0x0800022c   Section        0  __rtentry2.o(.ARM.Collect$$rtentry$$00000002)
    .ARM.Collect$$rtentry$$00000004          0x0800022c   Section        6  __rtentry4.o(.ARM.Collect$$rtentry$$00000004)
    .ARM.Collect$$rtentry$$00000009          0x08000232   Section        0  __rtentry2.o(.ARM.Collect$$rtentry$$00000009)
    .ARM.Collect$$rtentry$$0000000A          0x08000232   Section        4  __rtentry2.o(.ARM.Collect$$rtentry$$0000000A)
    .ARM.Collect$$rtentry$$0000000C          0x08000236   Section        0  __rtentry2.o(.ARM.Collect$$rtentry$$0000000C)
    .ARM.Collect$$rtentry$$0000000D          0x08000236   Section        8  __rtentry2.o(.ARM.Collect$$rtentry$$0000000D)
    .ARM.Collect$$rtexit$$00000000           0x0800023e   Section        2  rtexit.o(.ARM.Collect$$rtexit$$00000000)
    .ARM.Collect$$rtexit$$00000002           0x08000240   Section        0  rtexit2.o(.ARM.Collect$$rtexit$$00000002)
    .ARM.Collect$$rtexit$$00000003           0x08000240   Section        4  rtexit2.o(.ARM.Collect$$rtexit$$00000003)
    .ARM.Collect$$rtexit$$00000004           0x08000244   Section        6  rtexit2.o(.ARM.Collect$$rtexit$$00000004)
    .text                                    0x0800024c   Section       64  startup_stm32f429xx.o(.text)
    $v0                                      0x0800024c   Number         0  startup_stm32f429xx.o(.text)
    .text                                    0x0800028c   Section      238  lludivv7m.o(.text)
    .text                                    0x0800037a   Section        0  heapauxi.o(.text)
    .text                                    0x08000380   Section       74  sys_stackheap_outer.o(.text)
    .text                                    0x080003ca   Section        0  exit.o(.text)
    .text                                    0x080003dc   Section        8  libspace.o(.text)
    .text                                    0x080003e4   Section        0  sys_exit.o(.text)
    .text                                    0x080003f0   Section        2  use_no_semi.o(.text)
    .text                                    0x080003f2   Section        0  indicate_semi.o(.text)
    i.BusFault_Handler                       0x080003f2   Section        0  stm32f4xx_it.o(i.BusFault_Handler)
    i.DebugMon_Handler                       0x080003f6   Section        0  stm32f4xx_it.o(i.DebugMon_Handler)
    i.HAL_GPIO_Init                          0x080003f8   Section        0  stm32f4xx_hal_gpio.o(i.HAL_GPIO_Init)
    i.HAL_GPIO_WritePin                      0x08000614   Section        0  stm32f4xx_hal_gpio.o(i.HAL_GPIO_WritePin)
    i.HAL_GetTick                            0x08000620   Section        0  stm32f4xx_hal.o(i.HAL_GetTick)
    i.HAL_IncTick                            0x0800062c   Section        0  stm32f4xx_hal.o(i.HAL_IncTick)
    i.HAL_Init                               0x08000644   Section        0  stm32f4xx_hal.o(i.HAL_Init)
    i.HAL_InitTick                           0x08000680   Section        0  stm32f4xx_hal.o(i.HAL_InitTick)
    i.HAL_MspInit                            0x080006cc   Section        0  stm32f4xx_hal_msp.o(i.HAL_MspInit)
    i.HAL_NVIC_EnableIRQ                     0x080006d6   Section        0  stm32f4xx_hal_cortex.o(i.HAL_NVIC_EnableIRQ)
    i.HAL_NVIC_SetPriority                   0x080006f6   Section        0  stm32f4xx_hal_cortex.o(i.HAL_NVIC_SetPriority)
    i.HAL_NVIC_SetPriorityGrouping           0x08000774   Section        0  stm32f4xx_hal_cortex.o(i.HAL_NVIC_SetPriorityGrouping)
    i.HAL_PWREx_EnableOverDrive              0x0800079c   Section        0  stm32f4xx_hal_pwr_ex.o(i.HAL_PWREx_EnableOverDrive)
    i.HAL_RCC_ClockConfig                    0x08000828   Section        0  stm32f4xx_hal_rcc.o(i.HAL_RCC_ClockConfig)
    i.HAL_RCC_GetHCLKFreq                    0x080009ac   Section        0  stm32f4xx_hal_rcc.o(i.HAL_RCC_GetHCLKFreq)
    i.HAL_RCC_GetSysClockFreq                0x080009b8   Section        0  stm32f4xx_hal_rcc.o(i.HAL_RCC_GetSysClockFreq)
    i.HAL_RCC_OscConfig                      0x08000a68   Section        0  stm32f4xx_hal_rcc.o(i.HAL_RCC_OscConfig)
    i.HAL_SYSTICK_CLKSourceConfig            0x08000ef0   Section        0  stm32f4xx_hal_cortex.o(i.HAL_SYSTICK_CLKSourceConfig)
    i.HAL_SYSTICK_Config                     0x08000f18   Section        0  stm32f4xx_hal_cortex.o(i.HAL_SYSTICK_Config)
    i.HAL_TIM_Base_Init                      0x08000f4c   Section        0  stm32f4xx_hal_tim.o(i.HAL_TIM_Base_Init)
    i.HAL_TIM_Base_MspInit                   0x08000f80   Section        0  timer.o(i.HAL_TIM_Base_MspInit)
    i.HAL_TIM_Base_Start_IT                  0x08000fa4   Section        0  stm32f4xx_hal_tim.o(i.HAL_TIM_Base_Start_IT)
    i.HardFault_Handler                      0x08000fce   Section        0  stm32f4xx_it.o(i.HardFault_Handler)
    i.InQueue                                0x08000fd2   Section        0  queue.o(i.InQueue)
    i.LedInit                                0x08001004   Section        0  led.o(i.LedInit)
    i.MemManage_Handler                      0x08001054   Section        0  stm32f4xx_it.o(i.MemManage_Handler)
    i.NMI_Handler                            0x08001058   Section        0  stm32f4xx_it.o(i.NMI_Handler)
    i.PendSV_Handler                         0x0800105a   Section        0  stm32f4xx_it.o(i.PendSV_Handler)
    i.SVC_Handler                            0x0800105c   Section        0  stm32f4xx_it.o(i.SVC_Handler)
    i.SysTick_Handler                        0x0800105e   Section        0  stm32f4xx_it.o(i.SysTick_Handler)
    i.SystemClock_Config                     0x08001068   Section        0  sys.o(i.SystemClock_Config)
    i.SystemInit                             0x08001128   Section        0  system_stm32f4xx.o(i.SystemInit)
    i.TIM6_DAC_IRQHandler                    0x0800118c   Section        0  timer.o(i.TIM6_DAC_IRQHandler)
    i.TIM_Base_SetConfig                     0x080011c4   Section        0  stm32f4xx_hal_tim.o(i.TIM_Base_SetConfig)
    i.Tim6Init                               0x0800129c   Section        0  timer.o(i.Tim6Init)
    i.USART1_IRQHandler                      0x080012f8   Section        0  usart.o(i.USART1_IRQHandler)
    i.UsageFault_Handler                     0x08001324   Section        0  stm32f4xx_it.o(i.UsageFault_Handler)
    i.__NVIC_GetPriorityGrouping             0x08001328   Section        0  stm32f4xx_hal_cortex.o(i.__NVIC_GetPriorityGrouping)
    __NVIC_GetPriorityGrouping               0x08001329   Thumb Code    10  stm32f4xx_hal_cortex.o(i.__NVIC_GetPriorityGrouping)
    i.__NVIC_SetPriority                     0x08001338   Section        0  stm32f4xx_hal_cortex.o(i.__NVIC_SetPriority)
    __NVIC_SetPriority                       0x08001339   Thumb Code    32  stm32f4xx_hal_cortex.o(i.__NVIC_SetPriority)
    i.delay_ms                               0x08001360   Section        0  delay.o(i.delay_ms)
    i.delay_us                               0x08001378   Section        0  delay.o(i.delay_us)
    i.main                                   0x080013f0   Section        0  main.o(i.main)
    x$fpl$ddiv                               0x08001420   Section      688  ddiv.o(x$fpl$ddiv)
    $v0                                      0x08001420   Number         0  ddiv.o(x$fpl$ddiv)
    ddiv_entry                               0x08001427   Thumb Code     0  ddiv.o(x$fpl$ddiv)
    x$fpl$dfixu                              0x080016d0   Section       90  dfixu.o(x$fpl$dfixu)
    $v0                                      0x080016d0   Number         0  dfixu.o(x$fpl$dfixu)
    x$fpl$dfltu                              0x0800172a   Section       38  dflt_clz.o(x$fpl$dfltu)
    $v0                                      0x0800172a   Number         0  dflt_clz.o(x$fpl$dfltu)
    x$fpl$dnaninf                            0x08001750   Section      156  dnaninf.o(x$fpl$dnaninf)
    $v0                                      0x08001750   Number         0  dnaninf.o(x$fpl$dnaninf)
    x$fpl$dretinf                            0x080017ec   Section       12  dretinf.o(x$fpl$dretinf)
    $v0                                      0x080017ec   Number         0  dretinf.o(x$fpl$dretinf)
    x$fpl$fpinit                             0x080017f8   Section       10  fpinit.o(x$fpl$fpinit)
    $v0                                      0x080017f8   Number         0  fpinit.o(x$fpl$fpinit)
    .constdata                               0x08001802   Section       24  system_stm32f4xx.o(.constdata)
    x$fpl$usenofp                            0x08001802   Section        0  usenofp.o(x$fpl$usenofp)
    .data                                    0x20000000   Section        9  stm32f4xx_hal.o(.data)
    .data                                    0x2000000c   Section        4  system_stm32f4xx.o(.data)
    .bss                                     0x20000010   Section      264  usart.o(.bss)
    .bss                                     0x20000118   Section       96  libspace.o(.bss)
    HEAP                                     0x20000178   Section      512  startup_stm32f429xx.o(HEAP)
    Heap_Mem                                 0x20000178   Data         512  startup_stm32f429xx.o(HEAP)
    STACK                                    0x20000378   Section     1024  startup_stm32f429xx.o(STACK)
    Stack_Mem                                0x20000378   Data        1024  startup_stm32f429xx.o(STACK)
    __initial_sp                             0x20000778   Data           0  startup_stm32f429xx.o(STACK)
    .ARM.__AT_0x40020010                     0x40020010   Section        4  sys.o(.ARM.__AT_0x40020010)
    .ARM.__AT_0x40020014                     0x40020014   Section        4  sys.o(.ARM.__AT_0x40020014)
    .ARM.__AT_0x40020410                     0x40020410   Section        4  sys.o(.ARM.__AT_0x40020410)
    .ARM.__AT_0x40020414                     0x40020414   Section        4  sys.o(.ARM.__AT_0x40020414)
    .ARM.__AT_0x40020810                     0x40020810   Section        4  sys.o(.ARM.__AT_0x40020810)
    .ARM.__AT_0x40020814                     0x40020814   Section        4  sys.o(.ARM.__AT_0x40020814)
    .ARM.__AT_0x40020C10                     0x40020c10   Section        4  sys.o(.ARM.__AT_0x40020C10)
    .ARM.__AT_0x40020C14                     0x40020c14   Section        4  sys.o(.ARM.__AT_0x40020C14)
    .ARM.__AT_0x40021010                     0x40021010   Section        4  sys.o(.ARM.__AT_0x40021010)
    .ARM.__AT_0x40021014                     0x40021014   Section        4  sys.o(.ARM.__AT_0x40021014)
    .ARM.__AT_0x40021410                     0x40021410   Section        4  sys.o(.ARM.__AT_0x40021410)
    .ARM.__AT_0x40021414                     0x40021414   Section        4  sys.o(.ARM.__AT_0x40021414)
    .ARM.__AT_0x40021810                     0x40021810   Section        4  sys.o(.ARM.__AT_0x40021810)
    .ARM.__AT_0x40021814                     0x40021814   Section        4  sys.o(.ARM.__AT_0x40021814)
    .ARM.__AT_0x40021C10                     0x40021c10   Section        4  sys.o(.ARM.__AT_0x40021C10)
    .ARM.__AT_0x40021C14                     0x40021c14   Section        4  sys.o(.ARM.__AT_0x40021C14)
    .ARM.__AT_0x40022010                     0x40022010   Section        4  sys.o(.ARM.__AT_0x40022010)
    .ARM.__AT_0x40022014                     0x40022014   Section        4  sys.o(.ARM.__AT_0x40022014)

    Global Symbols

    Symbol Name                              Value     Ov Type        Size  Object(Section)

    BuildAttributes$$THM_ISAv4$E$P$D$K$B$S$7EM$VFPi3$EXTD16$VFPS$VFMA$PE$A:L22UL41UL21$X:L11$S22US41US21$IEEE1$IW$USESV6$~STKCKD$USESV7$~SHL$OSPACE$ROPI$EBA8$UX$STANDARDLIB$REQ8$PRES8$EABIv2 0x00000000   Number         0  anon$$obj.o ABSOLUTE
    __ARM_use_no_argv                        0x00000000   Number         0  main.o ABSOLUTE
    __ARM_exceptions_init                     - Undefined Weak Reference
    __alloca_initialize                       - Undefined Weak Reference
    __arm_preinit_                            - Undefined Weak Reference
    __cpp_initialize__aeabi_                  - Undefined Weak Reference
    __cxa_finalize                            - Undefined Weak Reference
    __rt_locale                               - Undefined Weak Reference
    __sigvec_lookup                           - Undefined Weak Reference
    _atexit_init                              - Undefined Weak Reference
    _call_atexit_fns                          - Undefined Weak Reference
    _clock_init                               - Undefined Weak Reference
    _fp_trap_init                             - Undefined Weak Reference
    _fp_trap_shutdown                         - Undefined Weak Reference
    _get_lc_collate                           - Undefined Weak Reference
    _get_lc_ctype                             - Undefined Weak Reference
    _get_lc_monetary                          - Undefined Weak Reference
    _get_lc_numeric                           - Undefined Weak Reference
    _get_lc_time                              - Undefined Weak Reference
    _getenv_init                              - Undefined Weak Reference
    _handle_redirection                       - Undefined Weak Reference
    _init_alloc                               - Undefined Weak Reference
    _init_user_alloc                          - Undefined Weak Reference
    _initio                                   - Undefined Weak Reference
    _rand_init                                - Undefined Weak Reference
    _signal_finish                            - Undefined Weak Reference
    _signal_init                              - Undefined Weak Reference
    _terminate_alloc                          - Undefined Weak Reference
    _terminate_user_alloc                     - Undefined Weak Reference
    _terminateio                              - Undefined Weak Reference
    __Vectors_Size                           0x000001ac   Number         0  startup_stm32f429xx.o ABSOLUTE
    __Vectors                                0x08000000   Data           4  startup_stm32f429xx.o(RESET)
    __Vectors_End                            0x080001ac   Data           0  startup_stm32f429xx.o(RESET)
    __main                                   0x080001ad   Thumb Code     8  __main.o(!!!main)
    __scatterload                            0x080001b5   Thumb Code     0  __scatter.o(!!!scatter)
    __scatterload_rt2                        0x080001b5   Thumb Code    44  __scatter.o(!!!scatter)
    __scatterload_rt2_thumb_only             0x080001b5   Thumb Code     0  __scatter.o(!!!scatter)
    __scatterload_null                       0x080001c3   Thumb Code     0  __scatter.o(!!!scatter)
    __scatterload_copy                       0x080001e9   Thumb Code    26  __scatter_copy.o(!!handler_copy)
    __scatterload_zeroinit                   0x08000205   Thumb Code    28  __scatter_zi.o(!!handler_zi)
    __rt_lib_init                            0x08000221   Thumb Code     0  libinit.o(.ARM.Collect$$libinit$$00000000)
    __rt_lib_init_fp_1                       0x08000223   Thumb Code     0  libinit2.o(.ARM.Collect$$libinit$$00000001)
    __rt_lib_init_alloca_1                   0x08000227   Thumb Code     0  libinit2.o(.ARM.Collect$$libinit$$0000002E)
    __rt_lib_init_argv_1                     0x08000227   Thumb Code     0  libinit2.o(.ARM.Collect$$libinit$$0000002C)
    __rt_lib_init_atexit_1                   0x08000227   Thumb Code     0  libinit2.o(.ARM.Collect$$libinit$$0000001B)
    __rt_lib_init_clock_1                    0x08000227   Thumb Code     0  libinit2.o(.ARM.Collect$$libinit$$00000021)
    __rt_lib_init_cpp_1                      0x08000227   Thumb Code     0  libinit2.o(.ARM.Collect$$libinit$$00000032)
    __rt_lib_init_exceptions_1               0x08000227   Thumb Code     0  libinit2.o(.ARM.Collect$$libinit$$00000030)
    __rt_lib_init_fp_trap_1                  0x08000227   Thumb Code     0  libinit2.o(.ARM.Collect$$libinit$$0000001F)
    __rt_lib_init_getenv_1                   0x08000227   Thumb Code     0  libinit2.o(.ARM.Collect$$libinit$$00000023)
    __rt_lib_init_heap_1                     0x08000227   Thumb Code     0  libinit2.o(.ARM.Collect$$libinit$$0000000A)
    __rt_lib_init_lc_collate_1               0x08000227   Thumb Code     0  libinit2.o(.ARM.Collect$$libinit$$00000011)
    __rt_lib_init_lc_ctype_1                 0x08000227   Thumb Code     0  libinit2.o(.ARM.Collect$$libinit$$00000013)
    __rt_lib_init_lc_monetary_1              0x08000227   Thumb Code     0  libinit2.o(.ARM.Collect$$libinit$$00000015)
    __rt_lib_init_lc_numeric_1               0x08000227   Thumb Code     0  libinit2.o(.ARM.Collect$$libinit$$00000017)
    __rt_lib_init_lc_time_1                  0x08000227   Thumb Code     0  libinit2.o(.ARM.Collect$$libinit$$00000019)
    __rt_lib_init_preinit_1                  0x08000227   Thumb Code     0  libinit2.o(.ARM.Collect$$libinit$$00000004)
    __rt_lib_init_rand_1                     0x08000227   Thumb Code     0  libinit2.o(.ARM.Collect$$libinit$$0000000E)
    __rt_lib_init_return                     0x08000227   Thumb Code     0  libinit2.o(.ARM.Collect$$libinit$$00000033)
    __rt_lib_init_signal_1                   0x08000227   Thumb Code     0  libinit2.o(.ARM.Collect$$libinit$$0000001D)
    __rt_lib_init_stdio_1                    0x08000227   Thumb Code     0  libinit2.o(.ARM.Collect$$libinit$$00000025)
    __rt_lib_init_user_alloc_1               0x08000227   Thumb Code     0  libinit2.o(.ARM.Collect$$libinit$$0000000C)
    __rt_lib_shutdown                        0x08000229   Thumb Code     0  libshutdown.o(.ARM.Collect$$libshutdown$$00000000)
    __rt_lib_shutdown_cpp_1                  0x0800022b   Thumb Code     0  libshutdown2.o(.ARM.Collect$$libshutdown$$00000002)
    __rt_lib_shutdown_fp_trap_1              0x0800022b   Thumb Code     0  libshutdown2.o(.ARM.Collect$$libshutdown$$00000007)
    __rt_lib_shutdown_heap_1                 0x0800022b   Thumb Code     0  libshutdown2.o(.ARM.Collect$$libshutdown$$0000000F)
    __rt_lib_shutdown_return                 0x0800022b   Thumb Code     0  libshutdown2.o(.ARM.Collect$$libshutdown$$00000010)
    __rt_lib_shutdown_signal_1               0x0800022b   Thumb Code     0  libshutdown2.o(.ARM.Collect$$libshutdown$$0000000A)
    __rt_lib_shutdown_stdio_1                0x0800022b   Thumb Code     0  libshutdown2.o(.ARM.Collect$$libshutdown$$00000004)
    __rt_lib_shutdown_user_alloc_1           0x0800022b   Thumb Code     0  libshutdown2.o(.ARM.Collect$$libshutdown$$0000000C)
    __rt_entry                               0x0800022d   Thumb Code     0  __rtentry.o(.ARM.Collect$$rtentry$$00000000)
    __rt_entry_presh_1                       0x0800022d   Thumb Code     0  __rtentry2.o(.ARM.Collect$$rtentry$$00000002)
    __rt_entry_sh                            0x0800022d   Thumb Code     0  __rtentry4.o(.ARM.Collect$$rtentry$$00000004)
    __rt_entry_li                            0x08000233   Thumb Code     0  __rtentry2.o(.ARM.Collect$$rtentry$$0000000A)
    __rt_entry_postsh_1                      0x08000233   Thumb Code     0  __rtentry2.o(.ARM.Collect$$rtentry$$00000009)
    __rt_entry_main                          0x08000237   Thumb Code     0  __rtentry2.o(.ARM.Collect$$rtentry$$0000000D)
    __rt_entry_postli_1                      0x08000237   Thumb Code     0  __rtentry2.o(.ARM.Collect$$rtentry$$0000000C)
    __rt_exit                                0x0800023f   Thumb Code     0  rtexit.o(.ARM.Collect$$rtexit$$00000000)
    __rt_exit_ls                             0x08000241   Thumb Code     0  rtexit2.o(.ARM.Collect$$rtexit$$00000003)
    __rt_exit_prels_1                        0x08000241   Thumb Code     0  rtexit2.o(.ARM.Collect$$rtexit$$00000002)
    __rt_exit_exit                           0x08000245   Thumb Code     0  rtexit2.o(.ARM.Collect$$rtexit$$00000004)
    Reset_Handler                            0x0800024d   Thumb Code     8  startup_stm32f429xx.o(.text)
    ADC_IRQHandler                           0x08000267   Thumb Code     0  startup_stm32f429xx.o(.text)
    CAN1_RX0_IRQHandler                      0x08000267   Thumb Code     0  startup_stm32f429xx.o(.text)
    CAN1_RX1_IRQHandler                      0x08000267   Thumb Code     0  startup_stm32f429xx.o(.text)
    CAN1_SCE_IRQHandler                      0x08000267   Thumb Code     0  startup_stm32f429xx.o(.text)
    CAN1_TX_IRQHandler                       0x08000267   Thumb Code     0  startup_stm32f429xx.o(.text)
    CAN2_RX0_IRQHandler                      0x08000267   Thumb Code     0  startup_stm32f429xx.o(.text)
    CAN2_RX1_IRQHandler                      0x08000267   Thumb Code     0  startup_stm32f429xx.o(.text)
    CAN2_SCE_IRQHandler                      0x08000267   Thumb Code     0  startup_stm32f429xx.o(.text)
    CAN2_TX_IRQHandler                       0x08000267   Thumb Code     0  startup_stm32f429xx.o(.text)
    DCMI_IRQHandler                          0x08000267   Thumb Code     0  startup_stm32f429xx.o(.text)
    DMA1_Stream0_IRQHandler                  0x08000267   Thumb Code     0  startup_stm32f429xx.o(.text)
    DMA1_Stream1_IRQHandler                  0x08000267   Thumb Code     0  startup_stm32f429xx.o(.text)
    DMA1_Stream2_IRQHandler                  0x08000267   Thumb Code     0  startup_stm32f429xx.o(.text)
    DMA1_Stream3_IRQHandler                  0x08000267   Thumb Code     0  startup_stm32f429xx.o(.text)
    DMA1_Stream4_IRQHandler                  0x08000267   Thumb Code     0  startup_stm32f429xx.o(.text)
    DMA1_Stream5_IRQHandler                  0x08000267   Thumb Code     0  startup_stm32f429xx.o(.text)
    DMA1_Stream6_IRQHandler                  0x08000267   Thumb Code     0  startup_stm32f429xx.o(.text)
    DMA1_Stream7_IRQHandler                  0x08000267   Thumb Code     0  startup_stm32f429xx.o(.text)
    DMA2D_IRQHandler                         0x08000267   Thumb Code     0  startup_stm32f429xx.o(.text)
    DMA2_Stream0_IRQHandler                  0x08000267   Thumb Code     0  startup_stm32f429xx.o(.text)
    DMA2_Stream1_IRQHandler                  0x08000267   Thumb Code     0  startup_stm32f429xx.o(.text)
    DMA2_Stream2_IRQHandler                  0x08000267   Thumb Code     0  startup_stm32f429xx.o(.text)
    DMA2_Stream3_IRQHandler                  0x08000267   Thumb Code     0  startup_stm32f429xx.o(.text)
    DMA2_Stream4_IRQHandler                  0x08000267   Thumb Code     0  startup_stm32f429xx.o(.text)
    DMA2_Stream5_IRQHandler                  0x08000267   Thumb Code     0  startup_stm32f429xx.o(.text)
    DMA2_Stream6_IRQHandler                  0x08000267   Thumb Code     0  startup_stm32f429xx.o(.text)
    DMA2_Stream7_IRQHandler                  0x08000267   Thumb Code     0  startup_stm32f429xx.o(.text)
    ETH_IRQHandler                           0x08000267   Thumb Code     0  startup_stm32f429xx.o(.text)
    ETH_WKUP_IRQHandler                      0x08000267   Thumb Code     0  startup_stm32f429xx.o(.text)
    EXTI0_IRQHandler                         0x08000267   Thumb Code     0  startup_stm32f429xx.o(.text)
    EXTI15_10_IRQHandler                     0x08000267   Thumb Code     0  startup_stm32f429xx.o(.text)
    EXTI1_IRQHandler                         0x08000267   Thumb Code     0  startup_stm32f429xx.o(.text)
    EXTI2_IRQHandler                         0x08000267   Thumb Code     0  startup_stm32f429xx.o(.text)
    EXTI3_IRQHandler                         0x08000267   Thumb Code     0  startup_stm32f429xx.o(.text)
    EXTI4_IRQHandler                         0x08000267   Thumb Code     0  startup_stm32f429xx.o(.text)
    EXTI9_5_IRQHandler                       0x08000267   Thumb Code     0  startup_stm32f429xx.o(.text)
    FLASH_IRQHandler                         0x08000267   Thumb Code     0  startup_stm32f429xx.o(.text)
    FMC_IRQHandler                           0x08000267   Thumb Code     0  startup_stm32f429xx.o(.text)
    FPU_IRQHandler                           0x08000267   Thumb Code     0  startup_stm32f429xx.o(.text)
    HASH_RNG_IRQHandler                      0x08000267   Thumb Code     0  startup_stm32f429xx.o(.text)
    I2C1_ER_IRQHandler                       0x08000267   Thumb Code     0  startup_stm32f429xx.o(.text)
    I2C1_EV_IRQHandler                       0x08000267   Thumb Code     0  startup_stm32f429xx.o(.text)
    I2C2_ER_IRQHandler                       0x08000267   Thumb Code     0  startup_stm32f429xx.o(.text)
    I2C2_EV_IRQHandler                       0x08000267   Thumb Code     0  startup_stm32f429xx.o(.text)
    I2C3_ER_IRQHandler                       0x08000267   Thumb Code     0  startup_stm32f429xx.o(.text)
    I2C3_EV_IRQHandler                       0x08000267   Thumb Code     0  startup_stm32f429xx.o(.text)
    LTDC_ER_IRQHandler                       0x08000267   Thumb Code     0  startup_stm32f429xx.o(.text)
    LTDC_IRQHandler                          0x08000267   Thumb Code     0  startup_stm32f429xx.o(.text)
    OTG_FS_IRQHandler                        0x08000267   Thumb Code     0  startup_stm32f429xx.o(.text)
    OTG_FS_WKUP_IRQHandler                   0x08000267   Thumb Code     0  startup_stm32f429xx.o(.text)
    OTG_HS_EP1_IN_IRQHandler                 0x08000267   Thumb Code     0  startup_stm32f429xx.o(.text)
    OTG_HS_EP1_OUT_IRQHandler                0x08000267   Thumb Code     0  startup_stm32f429xx.o(.text)
    OTG_HS_IRQHandler                        0x08000267   Thumb Code     0  startup_stm32f429xx.o(.text)
    OTG_HS_WKUP_IRQHandler                   0x08000267   Thumb Code     0  startup_stm32f429xx.o(.text)
    PVD_IRQHandler                           0x08000267   Thumb Code     0  startup_stm32f429xx.o(.text)
    RCC_IRQHandler                           0x08000267   Thumb Code     0  startup_stm32f429xx.o(.text)
    RTC_Alarm_IRQHandler                     0x08000267   Thumb Code     0  startup_stm32f429xx.o(.text)
    RTC_WKUP_IRQHandler                      0x08000267   Thumb Code     0  startup_stm32f429xx.o(.text)
    SAI1_IRQHandler                          0x08000267   Thumb Code     0  startup_stm32f429xx.o(.text)
    SDIO_IRQHandler                          0x08000267   Thumb Code     0  startup_stm32f429xx.o(.text)
    SPI1_IRQHandler                          0x08000267   Thumb Code     0  startup_stm32f429xx.o(.text)
    SPI2_IRQHandler                          0x08000267   Thumb Code     0  startup_stm32f429xx.o(.text)
    SPI3_IRQHandler                          0x08000267   Thumb Code     0  startup_stm32f429xx.o(.text)
    SPI4_IRQHandler                          0x08000267   Thumb Code     0  startup_stm32f429xx.o(.text)
    SPI5_IRQHandler                          0x08000267   Thumb Code     0  startup_stm32f429xx.o(.text)
    SPI6_IRQHandler                          0x08000267   Thumb Code     0  startup_stm32f429xx.o(.text)
    TAMP_STAMP_IRQHandler                    0x08000267   Thumb Code     0  startup_stm32f429xx.o(.text)
    TIM1_BRK_TIM9_IRQHandler                 0x08000267   Thumb Code     0  startup_stm32f429xx.o(.text)
    TIM1_CC_IRQHandler                       0x08000267   Thumb Code     0  startup_stm32f429xx.o(.text)
    TIM1_TRG_COM_TIM11_IRQHandler            0x08000267   Thumb Code     0  startup_stm32f429xx.o(.text)
    TIM1_UP_TIM10_IRQHandler                 0x08000267   Thumb Code     0  startup_stm32f429xx.o(.text)
    TIM2_IRQHandler                          0x08000267   Thumb Code     0  startup_stm32f429xx.o(.text)
    TIM3_IRQHandler                          0x08000267   Thumb Code     0  startup_stm32f429xx.o(.text)
    TIM4_IRQHandler                          0x08000267   Thumb Code     0  startup_stm32f429xx.o(.text)
    TIM5_IRQHandler                          0x08000267   Thumb Code     0  startup_stm32f429xx.o(.text)
    TIM7_IRQHandler                          0x08000267   Thumb Code     0  startup_stm32f429xx.o(.text)
    TIM8_BRK_TIM12_IRQHandler                0x08000267   Thumb Code     0  startup_stm32f429xx.o(.text)
    TIM8_CC_IRQHandler                       0x08000267   Thumb Code     0  startup_stm32f429xx.o(.text)
    TIM8_TRG_COM_TIM14_IRQHandler            0x08000267   Thumb Code     0  startup_stm32f429xx.o(.text)
    TIM8_UP_TIM13_IRQHandler                 0x08000267   Thumb Code     0  startup_stm32f429xx.o(.text)
    UART4_IRQHandler                         0x08000267   Thumb Code     0  startup_stm32f429xx.o(.text)
    UART5_IRQHandler                         0x08000267   Thumb Code     0  startup_stm32f429xx.o(.text)
    UART7_IRQHandler                         0x08000267   Thumb Code     0  startup_stm32f429xx.o(.text)
    UART8_IRQHandler                         0x08000267   Thumb Code     0  startup_stm32f429xx.o(.text)
    USART2_IRQHandler                        0x08000267   Thumb Code     0  startup_stm32f429xx.o(.text)
    USART3_IRQHandler                        0x08000267   Thumb Code     0  startup_stm32f429xx.o(.text)
    USART6_IRQHandler                        0x08000267   Thumb Code     0  startup_stm32f429xx.o(.text)
    WWDG_IRQHandler                          0x08000267   Thumb Code     0  startup_stm32f429xx.o(.text)
    __user_initial_stackheap                 0x08000269   Thumb Code     0  startup_stm32f429xx.o(.text)
    __aeabi_uldivmod                         0x0800028d   Thumb Code     0  lludivv7m.o(.text)
    _ll_udiv                                 0x0800028d   Thumb Code   238  lludivv7m.o(.text)
    __use_two_region_memory                  0x0800037b   Thumb Code     2  heapauxi.o(.text)
    __rt_heap_escrow$2region                 0x0800037d   Thumb Code     2  heapauxi.o(.text)
    __rt_heap_expand$2region                 0x0800037f   Thumb Code     2  heapauxi.o(.text)
    __user_setup_stackheap                   0x08000381   Thumb Code    74  sys_stackheap_outer.o(.text)
    exit                                     0x080003cb   Thumb Code    18  exit.o(.text)
    __user_libspace                          0x080003dd   Thumb Code     8  libspace.o(.text)
    __user_perproc_libspace                  0x080003dd   Thumb Code     0  libspace.o(.text)
    __user_perthread_libspace                0x080003dd   Thumb Code     0  libspace.o(.text)
    _sys_exit                                0x080003e5   Thumb Code     8  sys_exit.o(.text)
    __I$use$semihosting                      0x080003f1   Thumb Code     0  use_no_semi.o(.text)
    __use_no_semihosting_swi                 0x080003f1   Thumb Code     2  use_no_semi.o(.text)
    BusFault_Handler                         0x080003f3   Thumb Code     4  stm32f4xx_it.o(i.BusFault_Handler)
    __semihosting_library_function           0x080003f3   Thumb Code     0  indicate_semi.o(.text)
    DebugMon_Handler                         0x080003f7   Thumb Code     2  stm32f4xx_it.o(i.DebugMon_Handler)
    HAL_GPIO_Init                            0x080003f9   Thumb Code   486  stm32f4xx_hal_gpio.o(i.HAL_GPIO_Init)
    HAL_GPIO_WritePin                        0x08000615   Thumb Code    12  stm32f4xx_hal_gpio.o(i.HAL_GPIO_WritePin)
    HAL_GetTick                              0x08000621   Thumb Code     6  stm32f4xx_hal.o(i.HAL_GetTick)
    HAL_IncTick                              0x0800062d   Thumb Code    16  stm32f4xx_hal.o(i.HAL_IncTick)
    HAL_Init                                 0x08000645   Thumb Code    54  stm32f4xx_hal.o(i.HAL_Init)
    HAL_InitTick                             0x08000681   Thumb Code    64  stm32f4xx_hal.o(i.HAL_InitTick)
    HAL_MspInit                              0x080006cd   Thumb Code    10  stm32f4xx_hal_msp.o(i.HAL_MspInit)
    HAL_NVIC_EnableIRQ                       0x080006d7   Thumb Code    32  stm32f4xx_hal_cortex.o(i.HAL_NVIC_EnableIRQ)
    HAL_NVIC_SetPriority                     0x080006f7   Thumb Code   124  stm32f4xx_hal_cortex.o(i.HAL_NVIC_SetPriority)
    HAL_NVIC_SetPriorityGrouping             0x08000775   Thumb Code    32  stm32f4xx_hal_cortex.o(i.HAL_NVIC_SetPriorityGrouping)
    HAL_PWREx_EnableOverDrive                0x0800079d   Thumb Code   128  stm32f4xx_hal_pwr_ex.o(i.HAL_PWREx_EnableOverDrive)
    HAL_RCC_ClockConfig                      0x08000829   Thumb Code   368  stm32f4xx_hal_rcc.o(i.HAL_RCC_ClockConfig)
    HAL_RCC_GetHCLKFreq                      0x080009ad   Thumb Code     6  stm32f4xx_hal_rcc.o(i.HAL_RCC_GetHCLKFreq)
    HAL_RCC_GetSysClockFreq                  0x080009b9   Thumb Code   162  stm32f4xx_hal_rcc.o(i.HAL_RCC_GetSysClockFreq)
    HAL_RCC_OscConfig                        0x08000a69   Thumb Code  1152  stm32f4xx_hal_rcc.o(i.HAL_RCC_OscConfig)
    HAL_SYSTICK_CLKSourceConfig              0x08000ef1   Thumb Code    40  stm32f4xx_hal_cortex.o(i.HAL_SYSTICK_CLKSourceConfig)
    HAL_SYSTICK_Config                       0x08000f19   Thumb Code    52  stm32f4xx_hal_cortex.o(i.HAL_SYSTICK_Config)
    HAL_TIM_Base_Init                        0x08000f4d   Thumb Code    52  stm32f4xx_hal_tim.o(i.HAL_TIM_Base_Init)
    HAL_TIM_Base_MspInit                     0x08000f81   Thumb Code    30  timer.o(i.HAL_TIM_Base_MspInit)
    HAL_TIM_Base_Start_IT                    0x08000fa5   Thumb Code    42  stm32f4xx_hal_tim.o(i.HAL_TIM_Base_Start_IT)
    HardFault_Handler                        0x08000fcf   Thumb Code     4  stm32f4xx_it.o(i.HardFault_Handler)
    InQueue                                  0x08000fd3   Thumb Code    50  queue.o(i.InQueue)
    LedInit                                  0x08001005   Thumb Code    72  led.o(i.LedInit)
    MemManage_Handler                        0x08001055   Thumb Code     4  stm32f4xx_it.o(i.MemManage_Handler)
    NMI_Handler                              0x08001059   Thumb Code     2  stm32f4xx_it.o(i.NMI_Handler)
    PendSV_Handler                           0x0800105b   Thumb Code     2  stm32f4xx_it.o(i.PendSV_Handler)
    SVC_Handler                              0x0800105d   Thumb Code     2  stm32f4xx_it.o(i.SVC_Handler)
    SysTick_Handler                          0x0800105f   Thumb Code     8  stm32f4xx_it.o(i.SysTick_Handler)
    SystemClock_Config                       0x08001069   Thumb Code   182  sys.o(i.SystemClock_Config)
    SystemInit                               0x08001129   Thumb Code    82  system_stm32f4xx.o(i.SystemInit)
    TIM6_DAC_IRQHandler                      0x0800118d   Thumb Code    42  timer.o(i.TIM6_DAC_IRQHandler)
    TIM_Base_SetConfig                       0x080011c5   Thumb Code   170  stm32f4xx_hal_tim.o(i.TIM_Base_SetConfig)
    Tim6Init                                 0x0800129d   Thumb Code    82  timer.o(i.Tim6Init)
    USART1_IRQHandler                        0x080012f9   Thumb Code    36  usart.o(i.USART1_IRQHandler)
    UsageFault_Handler                       0x08001325   Thumb Code     4  stm32f4xx_it.o(i.UsageFault_Handler)
    delay_ms                                 0x08001361   Thumb Code    24  delay.o(i.delay_ms)
    delay_us                                 0x08001379   Thumb Code   112  delay.o(i.delay_us)
    main                                     0x080013f1   Thumb Code    40  main.o(i.main)
    __aeabi_ddiv                             0x08001421   Thumb Code     0  ddiv.o(x$fpl$ddiv)
    _ddiv                                    0x08001421   Thumb Code   552  ddiv.o(x$fpl$ddiv)
    __aeabi_d2uiz                            0x080016d1   Thumb Code     0  dfixu.o(x$fpl$dfixu)
    _dfixu                                   0x080016d1   Thumb Code    90  dfixu.o(x$fpl$dfixu)
    __aeabi_ui2d                             0x0800172b   Thumb Code     0  dflt_clz.o(x$fpl$dfltu)
    _dfltu                                   0x0800172b   Thumb Code    38  dflt_clz.o(x$fpl$dfltu)
    __fpl_dnaninf                            0x08001751   Thumb Code   156  dnaninf.o(x$fpl$dnaninf)
    __fpl_dretinf                            0x080017ed   Thumb Code    12  dretinf.o(x$fpl$dretinf)
    _fp_init                                 0x080017f9   Thumb Code    10  fpinit.o(x$fpl$fpinit)
    __fplib_config_fpu_vfp                   0x08001801   Thumb Code     0  fpinit.o(x$fpl$fpinit)
    __fplib_config_pureend_doubles           0x08001801   Thumb Code     0  fpinit.o(x$fpl$fpinit)
    AHBPrescTable                            0x08001802   Data          16  system_stm32f4xx.o(.constdata)
    __I$use$fp                               0x08001802   Number         0  usenofp.o(x$fpl$usenofp)
    APBPrescTable                            0x08001812   Data           8  system_stm32f4xx.o(.constdata)
    Region$$Table$$Base                      0x0800181c   Number         0  anon$$obj.o(Region$$Table)
    Region$$Table$$Limit                     0x0800183c   Number         0  anon$$obj.o(Region$$Table)
    uwTick                                   0x20000000   Data           4  stm32f4xx_hal.o(.data)
    uwTickPrio                               0x20000004   Data           4  stm32f4xx_hal.o(.data)
    uwTickFreq                               0x20000008   Data           1  stm32f4xx_hal.o(.data)
    SystemCoreClock                          0x2000000c   Data           4  system_stm32f4xx.o(.data)
    queueRx                                  0x20000010   Data         264  usart.o(.bss)
    __libspace_start                         0x20000118   Data          96  libspace.o(.bss)
    __temporary_stack_top$libspace           0x20000178   Data           0  libspace.o(.bss)
    PAin                                     0x40020010   Data           4  sys.o(.ARM.__AT_0x40020010)
    PAout                                    0x40020014   Data           4  sys.o(.ARM.__AT_0x40020014)
    PBin                                     0x40020410   Data           4  sys.o(.ARM.__AT_0x40020410)
    PBout                                    0x40020414   Data           4  sys.o(.ARM.__AT_0x40020414)
    PCin                                     0x40020810   Data           4  sys.o(.ARM.__AT_0x40020810)
    PCout                                    0x40020814   Data           4  sys.o(.ARM.__AT_0x40020814)
    PDin                                     0x40020c10   Data           4  sys.o(.ARM.__AT_0x40020C10)
    PDout                                    0x40020c14   Data           4  sys.o(.ARM.__AT_0x40020C14)
    PEin                                     0x40021010   Data           4  sys.o(.ARM.__AT_0x40021010)
    PEout                                    0x40021014   Data           4  sys.o(.ARM.__AT_0x40021014)
    PFin                                     0x40021410   Data           4  sys.o(.ARM.__AT_0x40021410)
    PFout                                    0x40021414   Data           4  sys.o(.ARM.__AT_0x40021414)
    PGin                                     0x40021810   Data           4  sys.o(.ARM.__AT_0x40021810)
    PGout                                    0x40021814   Data           4  sys.o(.ARM.__AT_0x40021814)
    PHin                                     0x40021c10   Data           4  sys.o(.ARM.__AT_0x40021C10)
    PHout                                    0x40021c14   Data           4  sys.o(.ARM.__AT_0x40021C14)
    PIin                                     0x40022010   Data           4  sys.o(.ARM.__AT_0x40022010)
    PIout                                    0x40022014   Data           4  sys.o(.ARM.__AT_0x40022014)



==============================================================================

Memory Map of the image

  Image Entry point : 0x080001ad

  Load Region LR_IROM1 (Base: 0x08000000, Size: 0x0000184c, Max: 0x00100000, ABSOLUTE)

    Execution Region ER_IROM1 (Base: 0x08000000, Size: 0x0000183c, Max: 0x00100000, ABSOLUTE)

    Base Addr    Size         Type   Attr      Idx    E Section Name        Object

    0x08000000   0x000001ac   Data   RO         9817    RESET               startup_stm32f429xx.o
    0x080001ac   0x00000008   Code   RO         9830  * !!!main             c_w.l(__main.o)
    0x080001b4   0x00000034   Code   RO        10016    !!!scatter          c_w.l(__scatter.o)
    0x080001e8   0x0000001a   Code   RO        10018    !!handler_copy      c_w.l(__scatter_copy.o)
    0x08000202   0x00000002   PAD
    0x08000204   0x0000001c   Code   RO        10020    !!handler_zi        c_w.l(__scatter_zi.o)
    0x08000220   0x00000002   Code   RO         9886    .ARM.Collect$$libinit$$00000000  c_w.l(libinit.o)
    0x08000222   0x00000004   Code   RO         9898    .ARM.Collect$$libinit$$00000001  c_w.l(libinit2.o)
    0x08000226   0x00000000   Code   RO         9901    .ARM.Collect$$libinit$$00000004  c_w.l(libinit2.o)
    0x08000226   0x00000000   Code   RO         9904    .ARM.Collect$$libinit$$0000000A  c_w.l(libinit2.o)
    0x08000226   0x00000000   Code   RO         9906    .ARM.Collect$$libinit$$0000000C  c_w.l(libinit2.o)
    0x08000226   0x00000000   Code   RO         9908    .ARM.Collect$$libinit$$0000000E  c_w.l(libinit2.o)
    0x08000226   0x00000000   Code   RO         9911    .ARM.Collect$$libinit$$00000011  c_w.l(libinit2.o)
    0x08000226   0x00000000   Code   RO         9913    .ARM.Collect$$libinit$$00000013  c_w.l(libinit2.o)
    0x08000226   0x00000000   Code   RO         9915    .ARM.Collect$$libinit$$00000015  c_w.l(libinit2.o)
    0x08000226   0x00000000   Code   RO         9917    .ARM.Collect$$libinit$$00000017  c_w.l(libinit2.o)
    0x08000226   0x00000000   Code   RO         9919    .ARM.Collect$$libinit$$00000019  c_w.l(libinit2.o)
    0x08000226   0x00000000   Code   RO         9921    .ARM.Collect$$libinit$$0000001B  c_w.l(libinit2.o)
    0x08000226   0x00000000   Code   RO         9923    .ARM.Collect$$libinit$$0000001D  c_w.l(libinit2.o)
    0x08000226   0x00000000   Code   RO         9925    .ARM.Collect$$libinit$$0000001F  c_w.l(libinit2.o)
    0x08000226   0x00000000   Code   RO         9927    .ARM.Collect$$libinit$$00000021  c_w.l(libinit2.o)
    0x08000226   0x00000000   Code   RO         9929    .ARM.Collect$$libinit$$00000023  c_w.l(libinit2.o)
    0x08000226   0x00000000   Code   RO         9931    .ARM.Collect$$libinit$$00000025  c_w.l(libinit2.o)
    0x08000226   0x00000000   Code   RO         9935    .ARM.Collect$$libinit$$0000002C  c_w.l(libinit2.o)
    0x08000226   0x00000000   Code   RO         9937    .ARM.Collect$$libinit$$0000002E  c_w.l(libinit2.o)
    0x08000226   0x00000000   Code   RO         9939    .ARM.Collect$$libinit$$00000030  c_w.l(libinit2.o)
    0x08000226   0x00000000   Code   RO         9941    .ARM.Collect$$libinit$$00000032  c_w.l(libinit2.o)
    0x08000226   0x00000002   Code   RO         9942    .ARM.Collect$$libinit$$00000033  c_w.l(libinit2.o)
    0x08000228   0x00000002   Code   RO         9973    .ARM.Collect$$libshutdown$$00000000  c_w.l(libshutdown.o)
    0x0800022a   0x00000000   Code   RO         9999    .ARM.Collect$$libshutdown$$00000002  c_w.l(libshutdown2.o)
    0x0800022a   0x00000000   Code   RO        10001    .ARM.Collect$$libshutdown$$00000004  c_w.l(libshutdown2.o)
    0x0800022a   0x00000000   Code   RO        10004    .ARM.Collect$$libshutdown$$00000007  c_w.l(libshutdown2.o)
    0x0800022a   0x00000000   Code   RO        10007    .ARM.Collect$$libshutdown$$0000000A  c_w.l(libshutdown2.o)
    0x0800022a   0x00000000   Code   RO        10009    .ARM.Collect$$libshutdown$$0000000C  c_w.l(libshutdown2.o)
    0x0800022a   0x00000000   Code   RO        10012    .ARM.Collect$$libshutdown$$0000000F  c_w.l(libshutdown2.o)
    0x0800022a   0x00000002   Code   RO        10013    .ARM.Collect$$libshutdown$$00000010  c_w.l(libshutdown2.o)
    0x0800022c   0x00000000   Code   RO         9846    .ARM.Collect$$rtentry$$00000000  c_w.l(__rtentry.o)
    0x0800022c   0x00000000   Code   RO         9857    .ARM.Collect$$rtentry$$00000002  c_w.l(__rtentry2.o)
    0x0800022c   0x00000006   Code   RO         9869    .ARM.Collect$$rtentry$$00000004  c_w.l(__rtentry4.o)
    0x08000232   0x00000000   Code   RO         9859    .ARM.Collect$$rtentry$$00000009  c_w.l(__rtentry2.o)
    0x08000232   0x00000004   Code   RO         9860    .ARM.Collect$$rtentry$$0000000A  c_w.l(__rtentry2.o)
    0x08000236   0x00000000   Code   RO         9862    .ARM.Collect$$rtentry$$0000000C  c_w.l(__rtentry2.o)
    0x08000236   0x00000008   Code   RO         9863    .ARM.Collect$$rtentry$$0000000D  c_w.l(__rtentry2.o)
    0x0800023e   0x00000002   Code   RO         9890    .ARM.Collect$$rtexit$$00000000  c_w.l(rtexit.o)
    0x08000240   0x00000000   Code   RO         9946    .ARM.Collect$$rtexit$$00000002  c_w.l(rtexit2.o)
    0x08000240   0x00000004   Code   RO         9947    .ARM.Collect$$rtexit$$00000003  c_w.l(rtexit2.o)
    0x08000244   0x00000006   Code   RO         9948    .ARM.Collect$$rtexit$$00000004  c_w.l(rtexit2.o)
    0x0800024a   0x00000002   PAD
    0x0800024c   0x00000040   Code   RO         9818    .text               startup_stm32f429xx.o
    0x0800028c   0x000000ee   Code   RO         9824    .text               c_w.l(lludivv7m.o)
    0x0800037a   0x00000006   Code   RO         9828    .text               c_w.l(heapauxi.o)
    0x08000380   0x0000004a   Code   RO         9873    .text               c_w.l(sys_stackheap_outer.o)
    0x080003ca   0x00000012   Code   RO         9875    .text               c_w.l(exit.o)
    0x080003dc   0x00000008   Code   RO         9887    .text               c_w.l(libspace.o)
    0x080003e4   0x0000000c   Code   RO         9943    .text               c_w.l(sys_exit.o)
    0x080003f0   0x00000002   Code   RO         9962    .text               c_w.l(use_no_semi.o)
    0x080003f2   0x00000000   Code   RO         9964    .text               c_w.l(indicate_semi.o)
    0x080003f2   0x00000004   Code   RO         8770    i.BusFault_Handler  stm32f4xx_it.o
    0x080003f6   0x00000002   Code   RO         8771    i.DebugMon_Handler  stm32f4xx_it.o
    0x080003f8   0x0000021c   Code   RO         2635    i.HAL_GPIO_Init     stm32f4xx_hal_gpio.o
    0x08000614   0x0000000c   Code   RO         2639    i.HAL_GPIO_WritePin  stm32f4xx_hal_gpio.o
    0x08000620   0x0000000c   Code   RO          491    i.HAL_GetTick       stm32f4xx_hal.o
    0x0800062c   0x00000018   Code   RO          497    i.HAL_IncTick       stm32f4xx_hal.o
    0x08000644   0x0000003c   Code   RO          498    i.HAL_Init          stm32f4xx_hal.o
    0x08000680   0x0000004c   Code   RO          499    i.HAL_InitTick      stm32f4xx_hal.o
    0x080006cc   0x0000000a   Code   RO         4261    i.HAL_MspInit       stm32f4xx_hal_msp.o
    0x080006d6   0x00000020   Code   RO         1188    i.HAL_NVIC_EnableIRQ  stm32f4xx_hal_cortex.o
    0x080006f6   0x0000007c   Code   RO         1194    i.HAL_NVIC_SetPriority  stm32f4xx_hal_cortex.o
    0x08000772   0x00000002   PAD
    0x08000774   0x00000028   Code   RO         1195    i.HAL_NVIC_SetPriorityGrouping  stm32f4xx_hal_cortex.o
    0x0800079c   0x0000008c   Code   RO         5075    i.HAL_PWREx_EnableOverDrive  stm32f4xx_hal_pwr_ex.o
    0x08000828   0x00000184   Code   RO         5142    i.HAL_RCC_ClockConfig  stm32f4xx_hal_rcc.o
    0x080009ac   0x0000000c   Code   RO         5147    i.HAL_RCC_GetHCLKFreq  stm32f4xx_hal_rcc.o
    0x080009b8   0x000000b0   Code   RO         5151    i.HAL_RCC_GetSysClockFreq  stm32f4xx_hal_rcc.o
    0x08000a68   0x00000488   Code   RO         5154    i.HAL_RCC_OscConfig  stm32f4xx_hal_rcc.o
    0x08000ef0   0x00000028   Code   RO         1197    i.HAL_SYSTICK_CLKSourceConfig  stm32f4xx_hal_cortex.o
    0x08000f18   0x00000034   Code   RO         1199    i.HAL_SYSTICK_Config  stm32f4xx_hal_cortex.o
    0x08000f4c   0x00000034   Code   RO         7188    i.HAL_TIM_Base_Init  stm32f4xx_hal_tim.o
    0x08000f80   0x00000024   Code   RO          440    i.HAL_TIM_Base_MspInit  timer.o
    0x08000fa4   0x0000002a   Code   RO         7193    i.HAL_TIM_Base_Start_IT  stm32f4xx_hal_tim.o
    0x08000fce   0x00000004   Code   RO         8772    i.HardFault_Handler  stm32f4xx_it.o
    0x08000fd2   0x00000032   Code   RO          285    i.InQueue           queue.o
    0x08001004   0x00000050   Code   RO          416    i.LedInit           led.o
    0x08001054   0x00000004   Code   RO         8773    i.MemManage_Handler  stm32f4xx_it.o
    0x08001058   0x00000002   Code   RO         8774    i.NMI_Handler       stm32f4xx_it.o
    0x0800105a   0x00000002   Code   RO         8775    i.PendSV_Handler    stm32f4xx_it.o
    0x0800105c   0x00000002   Code   RO         8776    i.SVC_Handler       stm32f4xx_it.o
    0x0800105e   0x00000008   Code   RO         8777    i.SysTick_Handler   stm32f4xx_it.o
    0x08001066   0x00000002   PAD
    0x08001068   0x000000c0   Code   RO          314    i.SystemClock_Config  sys.o
    0x08001128   0x00000064   Code   RO         8849    i.SystemInit        system_stm32f4xx.o
    0x0800118c   0x00000038   Code   RO          441    i.TIM6_DAC_IRQHandler  timer.o
    0x080011c4   0x000000d8   Code   RO         7276    i.TIM_Base_SetConfig  stm32f4xx_hal_tim.o
    0x0800129c   0x0000005c   Code   RO          442    i.Tim6Init          timer.o
    0x080012f8   0x0000002c   Code   RO          362    i.USART1_IRQHandler  usart.o
    0x08001324   0x00000004   Code   RO         8778    i.UsageFault_Handler  stm32f4xx_it.o
    0x08001328   0x00000010   Code   RO         1201    i.__NVIC_GetPriorityGrouping  stm32f4xx_hal_cortex.o
    0x08001338   0x00000028   Code   RO         1202    i.__NVIC_SetPriority  stm32f4xx_hal_cortex.o
    0x08001360   0x00000018   Code   RO          257    i.delay_ms          delay.o
    0x08001378   0x00000078   Code   RO          258    i.delay_us          delay.o
    0x080013f0   0x00000030   Code   RO            4    i.main              main.o
    0x08001420   0x000002b0   Code   RO         9833    x$fpl$ddiv          fz_wm.l(ddiv.o)
    0x080016d0   0x0000005a   Code   RO         9836    x$fpl$dfixu         fz_wm.l(dfixu.o)
    0x0800172a   0x00000026   Code   RO         9840    x$fpl$dfltu         fz_wm.l(dflt_clz.o)
    0x08001750   0x0000009c   Code   RO         9851    x$fpl$dnaninf       fz_wm.l(dnaninf.o)
    0x080017ec   0x0000000c   Code   RO         9853    x$fpl$dretinf       fz_wm.l(dretinf.o)
    0x080017f8   0x0000000a   Code   RO         9958    x$fpl$fpinit        fz_wm.l(fpinit.o)
    0x08001802   0x00000000   Code   RO         9855    x$fpl$usenofp       fz_wm.l(usenofp.o)
    0x08001802   0x00000018   Data   RO         8850    .constdata          system_stm32f4xx.o
    0x0800181a   0x00000002   PAD
    0x0800181c   0x00000020   Data   RO        10014    Region$$Table       anon$$obj.o


    Execution Region RW_IRAM1 (Base: 0x20000000, Size: 0x00000778, Max: 0x00030000, ABSOLUTE)

    Base Addr    Size         Type   Attr      Idx    E Section Name        Object

    0x20000000   0x00000009   Data   RW          505    .data               stm32f4xx_hal.o
    0x20000009   0x00000003   PAD
    0x2000000c   0x00000004   Data   RW         8851    .data               system_stm32f4xx.o
    0x20000010   0x00000108   Zero   RW          365    .bss                usart.o
    0x20000118   0x00000060   Zero   RW         9888    .bss                c_w.l(libspace.o)
    0x20000178   0x00000200   Zero   RW         9816    HEAP                startup_stm32f429xx.o
    0x20000378   0x00000400   Zero   RW         9815    STACK               startup_stm32f429xx.o



  Load Region LR$$.ARM.__AT_0x40020010 (Base: 0x40020010, Size: 0x00000000, Max: 0x00000004, ABSOLUTE)

    Execution Region ER$$.ARM.__AT_0x40020010 (Base: 0x40020010, Size: 0x00000004, Max: 0x00000004, ABSOLUTE, UNINIT)

    Base Addr    Size         Type   Attr      Idx    E Section Name        Object

    0x40020010   0x00000004   Zero   RW          315    .ARM.__AT_0x40020010  sys.o



  Load Region LR$$.ARM.__AT_0x40020014 (Base: 0x40020014, Size: 0x00000000, Max: 0x00000004, ABSOLUTE)

    Execution Region ER$$.ARM.__AT_0x40020014 (Base: 0x40020014, Size: 0x00000004, Max: 0x00000004, ABSOLUTE, UNINIT)

    Base Addr    Size         Type   Attr      Idx    E Section Name        Object

    0x40020014   0x00000004   Zero   RW          316    .ARM.__AT_0x40020014  sys.o



  Load Region LR$$.ARM.__AT_0x40020410 (Base: 0x40020410, Size: 0x00000000, Max: 0x00000004, ABSOLUTE)

    Execution Region ER$$.ARM.__AT_0x40020410 (Base: 0x40020410, Size: 0x00000004, Max: 0x00000004, ABSOLUTE, UNINIT)

    Base Addr    Size         Type   Attr      Idx    E Section Name        Object

    0x40020410   0x00000004   Zero   RW          317    .ARM.__AT_0x40020410  sys.o



  Load Region LR$$.ARM.__AT_0x40020414 (Base: 0x40020414, Size: 0x00000000, Max: 0x00000004, ABSOLUTE)

    Execution Region ER$$.ARM.__AT_0x40020414 (Base: 0x40020414, Size: 0x00000004, Max: 0x00000004, ABSOLUTE, UNINIT)

    Base Addr    Size         Type   Attr      Idx    E Section Name        Object

    0x40020414   0x00000004   Zero   RW          318    .ARM.__AT_0x40020414  sys.o



  Load Region LR$$.ARM.__AT_0x40020810 (Base: 0x40020810, Size: 0x00000000, Max: 0x00000004, ABSOLUTE)

    Execution Region ER$$.ARM.__AT_0x40020810 (Base: 0x40020810, Size: 0x00000004, Max: 0x00000004, ABSOLUTE, UNINIT)

    Base Addr    Size         Type   Attr      Idx    E Section Name        Object

    0x40020810   0x00000004   Zero   RW          319    .ARM.__AT_0x40020810  sys.o



  Load Region LR$$.ARM.__AT_0x40020814 (Base: 0x40020814, Size: 0x00000000, Max: 0x00000004, ABSOLUTE)

    Execution Region ER$$.ARM.__AT_0x40020814 (Base: 0x40020814, Size: 0x00000004, Max: 0x00000004, ABSOLUTE, UNINIT)

    Base Addr    Size         Type   Attr      Idx    E Section Name        Object

    0x40020814   0x00000004   Zero   RW          320    .ARM.__AT_0x40020814  sys.o



  Load Region LR$$.ARM.__AT_0x40020C10 (Base: 0x40020c10, Size: 0x00000000, Max: 0x00000004, ABSOLUTE)

    Execution Region ER$$.ARM.__AT_0x40020C10 (Base: 0x40020c10, Size: 0x00000004, Max: 0x00000004, ABSOLUTE, UNINIT)

    Base Addr    Size         Type   Attr      Idx    E Section Name        Object

    0x40020c10   0x00000004   Zero   RW          321    .ARM.__AT_0x40020C10  sys.o



  Load Region LR$$.ARM.__AT_0x40020C14 (Base: 0x40020c14, Size: 0x00000000, Max: 0x00000004, ABSOLUTE)

    Execution Region ER$$.ARM.__AT_0x40020C14 (Base: 0x40020c14, Size: 0x00000004, Max: 0x00000004, ABSOLUTE, UNINIT)

    Base Addr    Size         Type   Attr      Idx    E Section Name        Object

    0x40020c14   0x00000004   Zero   RW          322    .ARM.__AT_0x40020C14  sys.o



  Load Region LR$$.ARM.__AT_0x40021010 (Base: 0x40021010, Size: 0x00000000, Max: 0x00000004, ABSOLUTE)

    Execution Region ER$$.ARM.__AT_0x40021010 (Base: 0x40021010, Size: 0x00000004, Max: 0x00000004, ABSOLUTE, UNINIT)

    Base Addr    Size         Type   Attr      Idx    E Section Name        Object

    0x40021010   0x00000004   Zero   RW          323    .ARM.__AT_0x40021010  sys.o



  Load Region LR$$.ARM.__AT_0x40021014 (Base: 0x40021014, Size: 0x00000000, Max: 0x00000004, ABSOLUTE)

    Execution Region ER$$.ARM.__AT_0x40021014 (Base: 0x40021014, Size: 0x00000004, Max: 0x00000004, ABSOLUTE, UNINIT)

    Base Addr    Size         Type   Attr      Idx    E Section Name        Object

    0x40021014   0x00000004   Zero   RW          324    .ARM.__AT_0x40021014  sys.o



  Load Region LR$$.ARM.__AT_0x40021410 (Base: 0x40021410, Size: 0x00000000, Max: 0x00000004, ABSOLUTE)

    Execution Region ER$$.ARM.__AT_0x40021410 (Base: 0x40021410, Size: 0x00000004, Max: 0x00000004, ABSOLUTE, UNINIT)

    Base Addr    Size         Type   Attr      Idx    E Section Name        Object

    0x40021410   0x00000004   Zero   RW          325    .ARM.__AT_0x40021410  sys.o



  Load Region LR$$.ARM.__AT_0x40021414 (Base: 0x40021414, Size: 0x00000000, Max: 0x00000004, ABSOLUTE)

    Execution Region ER$$.ARM.__AT_0x40021414 (Base: 0x40021414, Size: 0x00000004, Max: 0x00000004, ABSOLUTE, UNINIT)

    Base Addr    Size         Type   Attr      Idx    E Section Name        Object

    0x40021414   0x00000004   Zero   RW          326    .ARM.__AT_0x40021414  sys.o



  Load Region LR$$.ARM.__AT_0x40021810 (Base: 0x40021810, Size: 0x00000000, Max: 0x00000004, ABSOLUTE)

    Execution Region ER$$.ARM.__AT_0x40021810 (Base: 0x40021810, Size: 0x00000004, Max: 0x00000004, ABSOLUTE, UNINIT)

    Base Addr    Size         Type   Attr      Idx    E Section Name        Object

    0x40021810   0x00000004   Zero   RW          327    .ARM.__AT_0x40021810  sys.o



  Load Region LR$$.ARM.__AT_0x40021814 (Base: 0x40021814, Size: 0x00000000, Max: 0x00000004, ABSOLUTE)

    Execution Region ER$$.ARM.__AT_0x40021814 (Base: 0x40021814, Size: 0x00000004, Max: 0x00000004, ABSOLUTE, UNINIT)

    Base Addr    Size         Type   Attr      Idx    E Section Name        Object

    0x40021814   0x00000004   Zero   RW          328    .ARM.__AT_0x40021814  sys.o



  Load Region LR$$.ARM.__AT_0x40021C10 (Base: 0x40021c10, Size: 0x00000000, Max: 0x00000004, ABSOLUTE)

    Execution Region ER$$.ARM.__AT_0x40021C10 (Base: 0x40021c10, Size: 0x00000004, Max: 0x00000004, ABSOLUTE, UNINIT)

    Base Addr    Size         Type   Attr      Idx    E Section Name        Object

    0x40021c10   0x00000004   Zero   RW          329    .ARM.__AT_0x40021C10  sys.o



  Load Region LR$$.ARM.__AT_0x40021C14 (Base: 0x40021c14, Size: 0x00000000, Max: 0x00000004, ABSOLUTE)

    Execution Region ER$$.ARM.__AT_0x40021C14 (Base: 0x40021c14, Size: 0x00000004, Max: 0x00000004, ABSOLUTE, UNINIT)

    Base Addr    Size         Type   Attr      Idx    E Section Name        Object

    0x40021c14   0x00000004   Zero   RW          330    .ARM.__AT_0x40021C14  sys.o



  Load Region LR$$.ARM.__AT_0x40022010 (Base: 0x40022010, Size: 0x00000000, Max: 0x00000004, ABSOLUTE)

    Execution Region ER$$.ARM.__AT_0x40022010 (Base: 0x40022010, Size: 0x00000004, Max: 0x00000004, ABSOLUTE, UNINIT)

    Base Addr    Size         Type   Attr      Idx    E Section Name        Object

    0x40022010   0x00000004   Zero   RW          331    .ARM.__AT_0x40022010  sys.o



  Load Region LR$$.ARM.__AT_0x40022014 (Base: 0x40022014, Size: 0x00000000, Max: 0x00000004, ABSOLUTE)

    Execution Region ER$$.ARM.__AT_0x40022014 (Base: 0x40022014, Size: 0x00000004, Max: 0x00000004, ABSOLUTE, UNINIT)

    Base Addr    Size         Type   Attr      Idx    E Section Name        Object

    0x40022014   0x00000004   Zero   RW          332    .ARM.__AT_0x40022014  sys.o


==============================================================================

Image component sizes


      Code (inc. data)   RO Data    RW Data    ZI Data      Debug   Object Name

       144          8          0          0          0       1242   delay.o
        80          8          0          0          0        838   led.o
        48          8          0          0          0     735691   main.o
        50          0          0          0          0       1170   queue.o
        64         26        428          0       1536        816   startup_stm32f429xx.o
       172         32          0          9          0       8465   stm32f4xx_hal.o
       344         22          0          0          0      34605   stm32f4xx_hal_cortex.o
       552         54          0          0          0       2112   stm32f4xx_hal_gpio.o
        10          0          0          0          0        482   stm32f4xx_hal_msp.o
       140         12          0          0          0       1136   stm32f4xx_hal_pwr_ex.o
      1736         64          0          0          0       4118   stm32f4xx_hal_rcc.o
       310         46          0          0          0       2281   stm32f4xx_hal_tim.o
        32          0          0          0          0       4098   stm32f4xx_it.o
       192         10          0          0         72       2334   sys.o
       100         18         24          4          0       1107   system_stm32f4xx.o
       184         30          0          0          0       1908   timer.o
        44          8          0          0        264       1342   usart.o

    ----------------------------------------------------------------------
      4206        346        486         16       1872     803745   Object Totals
         0          0         32          0          0          0   (incl. Generated)
         4          0          2          3          0          0   (incl. Padding)

    ----------------------------------------------------------------------

      Code (inc. data)   RO Data    RW Data    ZI Data      Debug   Library Member Name

         8          0          0          0          0         68   __main.o
         0          0          0          0          0          0   __rtentry.o
        12          0          0          0          0          0   __rtentry2.o
         6          0          0          0          0          0   __rtentry4.o
        52          8          0          0          0          0   __scatter.o
        26          0          0          0          0          0   __scatter_copy.o
        28          0          0          0          0          0   __scatter_zi.o
        18          0          0          0          0         80   exit.o
         6          0          0          0          0        152   heapauxi.o
         0          0          0          0          0          0   indicate_semi.o
         2          0          0          0          0          0   libinit.o
         6          0          0          0          0          0   libinit2.o
         2          0          0          0          0          0   libshutdown.o
         2          0          0          0          0          0   libshutdown2.o
         8          4          0          0         96         68   libspace.o
       238          0          0          0          0        100   lludivv7m.o
         2          0          0          0          0          0   rtexit.o
        10          0          0          0          0          0   rtexit2.o
        12          4          0          0          0         68   sys_exit.o
        74          0          0          0          0         80   sys_stackheap_outer.o
         2          0          0          0          0         68   use_no_semi.o
       688        140          0          0          0        256   ddiv.o
        90          4          0          0          0        140   dfixu.o
        38          0          0          0          0        116   dflt_clz.o
       156          4          0          0          0        140   dnaninf.o
        12          0          0          0          0        116   dretinf.o
        10          0          0          0          0        116   fpinit.o
         0          0          0          0          0          0   usenofp.o

    ----------------------------------------------------------------------
      1512        164          0          0         96       1568   Library Totals
         4          0          0          0          0          0   (incl. Padding)

    ----------------------------------------------------------------------

      Code (inc. data)   RO Data    RW Data    ZI Data      Debug   Library Name

       514         16          0          0         96        684   c_w.l
       994        148          0          0          0        884   fz_wm.l

    ----------------------------------------------------------------------
      1512        164          0          0         96       1568   Library Totals

    ----------------------------------------------------------------------

==============================================================================


      Code (inc. data)   RO Data    RW Data    ZI Data      Debug   

      5718        510        486         16       1968     801005   Grand Totals
      5718        510        486         16       1968     801005   ELF Image Totals
      5718        510        486         16          0          0   ROM Totals

==============================================================================

    Total RO  Size (Code + RO Data)                 6204 (   6.06kB)
    Total RW  Size (RW Data + ZI Data)              1984 (   1.94kB)
    Total ROM Size (Code + RO Data + RW Data)       6220 (   6.07kB)

==============================================================================

